Component: ARM Compiler 6.16 Tool: armlink [5dfeaa00]

==============================================================================

Section Cross References

    startup.o(RESET) refers to startup.o(STACK) for StackMem
    startup.o(RESET) refers to motionmain.o(.text.SysTick_Handler) for SysTick_Handler
    startup.o(RESET) refers to motion.o(.text.GPIOPortB_Handler) for GPIOPortB_Handler
    startup.o(RESET) refers to timer0a.o(.text.Timer0A_Handler) for Timer0A_Handler
    startup.o(RESET) refers to texas.o(.text.Timer5A_Handler) for Timer5A_Handler
    startup.o(RESET) refers to entry.o(.ARM.Collect$$$$00000000) for __main
    timer0a.o(.text.Timer0A_Init) refers to timer0a.o(.bss.PeriodicTask0) for PeriodicTask0
    timer0a.o(.ARM.exidx.text.Timer0A_Init) refers to timer0a.o(.text.Timer0A_Init) for [Anonymous Symbol]
    timer0a.o(.text.Timer0A_Handler) refers to timer0a.o(.bss.PeriodicTask0) for PeriodicTask0
    timer0a.o(.ARM.exidx.text.Timer0A_Handler) refers to timer0a.o(.text.Timer0A_Handler) for [Anonymous Symbol]
    timer0a.o(.ARM.exidx.text.Timer0A_Stop) refers to timer0a.o(.text.Timer0A_Stop) for [Anonymous Symbol]
    pll.o(.ARM.exidx.text.PLL_Init) refers to pll.o(.text.PLL_Init) for [Anonymous Symbol]
    motionmain.o(.text.main) refers to pll.o(.text.PLL_Init) for PLL_Init
    motionmain.o(.text.main) refers to startup.o(.text) for DisableInterrupts
    motionmain.o(.text.main) refers to led.o(.text.LED_Init) for LED_Init
    motionmain.o(.text.main) refers to motion.o(.text.motionPortBInit) for motionPortBInit
    motionmain.o(.text.main) refers to systickints.o(.text.SysTick_Init) for SysTick_Init
    motionmain.o(.text.main) refers to texas.o(.text.TExaS_Init) for TExaS_Init
    motionmain.o(.text.main) refers to led.o(.text.LED_BlueToggle) for LED_BlueToggle
    motionmain.o(.ARM.exidx.text.main) refers to motionmain.o(.text.main) for [Anonymous Symbol]
    motionmain.o(.text.SysTick_Handler) refers to led.o(.text.LED_RedToggle) for LED_RedToggle
    motionmain.o(.ARM.exidx.text.SysTick_Handler) refers to motionmain.o(.text.SysTick_Handler) for [Anonymous Symbol]
    st7735.o(.ARM.exidx.text.Delay1ms) refers to st7735.o(.text.Delay1ms) for [Anonymous Symbol]
    st7735.o(.text.ST7735_InitB) refers to st7735.o(.rodata.Bcmd) for Bcmd
    st7735.o(.text.ST7735_InitB) refers to st7735.o(.text.commonInit) for commonInit
    st7735.o(.text.ST7735_InitB) refers to st7735.o(.text.ST7735_SetCursor) for ST7735_SetCursor
    st7735.o(.text.ST7735_InitB) refers to st7735.o(.data.StTextColor) for StTextColor
    st7735.o(.text.ST7735_InitB) refers to st7735.o(.text.ST7735_FillScreen) for ST7735_FillScreen
    st7735.o(.ARM.exidx.text.ST7735_InitB) refers to st7735.o(.text.ST7735_InitB) for [Anonymous Symbol]
    st7735.o(.text.commonInit) refers to st7735.o(.bss.RowStart) for RowStart
    st7735.o(.text.commonInit) refers to st7735.o(.bss.ColStart) for ColStart
    st7735.o(.text.commonInit) refers to st7735.o(.text.Delay1ms) for Delay1ms
    st7735.o(.text.commonInit) refers to st7735.o(.text.commandList) for commandList
    st7735.o(.ARM.exidx.text.commonInit) refers to st7735.o(.text.commonInit) for [Anonymous Symbol]
    st7735.o(.text.ST7735_SetCursor) refers to st7735.o(.bss.StX) for StX
    st7735.o(.text.ST7735_SetCursor) refers to st7735.o(.bss.StY) for StY
    st7735.o(.ARM.exidx.text.ST7735_SetCursor) refers to st7735.o(.text.ST7735_SetCursor) for [Anonymous Symbol]
    st7735.o(.text.ST7735_FillScreen) refers to st7735.o(.data._width) for _width
    st7735.o(.text.ST7735_FillScreen) refers to st7735.o(.data._height) for _height
    st7735.o(.text.ST7735_FillScreen) refers to st7735.o(.text.ST7735_FillRect) for ST7735_FillRect
    st7735.o(.ARM.exidx.text.ST7735_FillScreen) refers to st7735.o(.text.ST7735_FillScreen) for [Anonymous Symbol]
    st7735.o(.text.ST7735_InitR) refers to st7735.o(.rodata.Rcmd1) for Rcmd1
    st7735.o(.text.ST7735_InitR) refers to st7735.o(.text.commonInit) for commonInit
    st7735.o(.text.ST7735_InitR) refers to st7735.o(.rodata.Rcmd2green) for Rcmd2green
    st7735.o(.text.ST7735_InitR) refers to st7735.o(.text.commandList) for commandList
    st7735.o(.text.ST7735_InitR) refers to st7735.o(.bss.ColStart) for ColStart
    st7735.o(.text.ST7735_InitR) refers to st7735.o(.bss.RowStart) for RowStart
    st7735.o(.text.ST7735_InitR) refers to st7735.o(.rodata.Rcmd2red) for Rcmd2red
    st7735.o(.text.ST7735_InitR) refers to st7735.o(.rodata.Rcmd3) for Rcmd3
    st7735.o(.text.ST7735_InitR) refers to st7735.o(.text.writecommand) for writecommand
    st7735.o(.text.ST7735_InitR) refers to st7735.o(.text.writedata) for writedata
    st7735.o(.text.ST7735_InitR) refers to st7735.o(.bss.TabColor) for TabColor
    st7735.o(.text.ST7735_InitR) refers to st7735.o(.text.ST7735_SetCursor) for ST7735_SetCursor
    st7735.o(.text.ST7735_InitR) refers to st7735.o(.data.StTextColor) for StTextColor
    st7735.o(.text.ST7735_InitR) refers to st7735.o(.text.ST7735_FillScreen) for ST7735_FillScreen
    st7735.o(.ARM.exidx.text.ST7735_InitR) refers to st7735.o(.text.ST7735_InitR) for [Anonymous Symbol]
    st7735.o(.text.commandList) refers to st7735.o(.text.writecommand) for writecommand
    st7735.o(.text.commandList) refers to st7735.o(.text.writedata) for writedata
    st7735.o(.text.commandList) refers to st7735.o(.text.Delay1ms) for Delay1ms
    st7735.o(.ARM.exidx.text.commandList) refers to st7735.o(.text.commandList) for [Anonymous Symbol]
    st7735.o(.ARM.exidx.text.writecommand) refers to st7735.o(.text.writecommand) for [Anonymous Symbol]
    st7735.o(.ARM.exidx.text.writedata) refers to st7735.o(.text.writedata) for [Anonymous Symbol]
    st7735.o(.text.ST7735_DrawPixel) refers to st7735.o(.data._width) for _width
    st7735.o(.text.ST7735_DrawPixel) refers to st7735.o(.data._height) for _height
    st7735.o(.text.ST7735_DrawPixel) refers to st7735.o(.text.setAddrWindow) for setAddrWindow
    st7735.o(.text.ST7735_DrawPixel) refers to st7735.o(.text.pushColor) for pushColor
    st7735.o(.text.ST7735_DrawPixel) refers to st7735.o(.text.deselect) for deselect
    st7735.o(.ARM.exidx.text.ST7735_DrawPixel) refers to st7735.o(.text.ST7735_DrawPixel) for [Anonymous Symbol]
    st7735.o(.text.setAddrWindow) refers to st7735.o(.text.writecommand) for writecommand
    st7735.o(.text.setAddrWindow) refers to st7735.o(.text.writedata) for writedata
    st7735.o(.text.setAddrWindow) refers to st7735.o(.bss.ColStart) for ColStart
    st7735.o(.text.setAddrWindow) refers to st7735.o(.bss.RowStart) for RowStart
    st7735.o(.ARM.exidx.text.setAddrWindow) refers to st7735.o(.text.setAddrWindow) for [Anonymous Symbol]
    st7735.o(.text.pushColor) refers to st7735.o(.text.writedata) for writedata
    st7735.o(.ARM.exidx.text.pushColor) refers to st7735.o(.text.pushColor) for [Anonymous Symbol]
    st7735.o(.ARM.exidx.text.deselect) refers to st7735.o(.text.deselect) for [Anonymous Symbol]
    st7735.o(.text.ST7735_DrawFastVLine) refers to st7735.o(.data._width) for _width
    st7735.o(.text.ST7735_DrawFastVLine) refers to st7735.o(.data._height) for _height
    st7735.o(.text.ST7735_DrawFastVLine) refers to st7735.o(.text.setAddrWindow) for setAddrWindow
    st7735.o(.text.ST7735_DrawFastVLine) refers to st7735.o(.text.writedata) for writedata
    st7735.o(.text.ST7735_DrawFastVLine) refers to st7735.o(.text.deselect) for deselect
    st7735.o(.ARM.exidx.text.ST7735_DrawFastVLine) refers to st7735.o(.text.ST7735_DrawFastVLine) for [Anonymous Symbol]
    st7735.o(.text.ST7735_DrawFastHLine) refers to st7735.o(.data._width) for _width
    st7735.o(.text.ST7735_DrawFastHLine) refers to st7735.o(.data._height) for _height
    st7735.o(.text.ST7735_DrawFastHLine) refers to st7735.o(.text.setAddrWindow) for setAddrWindow
    st7735.o(.text.ST7735_DrawFastHLine) refers to st7735.o(.text.writedata) for writedata
    st7735.o(.text.ST7735_DrawFastHLine) refers to st7735.o(.text.deselect) for deselect
    st7735.o(.ARM.exidx.text.ST7735_DrawFastHLine) refers to st7735.o(.text.ST7735_DrawFastHLine) for [Anonymous Symbol]
    st7735.o(.text.ST7735_FillRect) refers to st7735.o(.data._width) for _width
    st7735.o(.text.ST7735_FillRect) refers to st7735.o(.data._height) for _height
    st7735.o(.text.ST7735_FillRect) refers to st7735.o(.text.setAddrWindow) for setAddrWindow
    st7735.o(.text.ST7735_FillRect) refers to st7735.o(.text.writedata) for writedata
    st7735.o(.text.ST7735_FillRect) refers to st7735.o(.text.deselect) for deselect
    st7735.o(.ARM.exidx.text.ST7735_FillRect) refers to st7735.o(.text.ST7735_FillRect) for [Anonymous Symbol]
    st7735.o(.text.ST7735_DrawSmallCircle) refers to st7735.o(.data._width) for _width
    st7735.o(.text.ST7735_DrawSmallCircle) refers to st7735.o(.data._height) for _height
    st7735.o(.text.ST7735_DrawSmallCircle) refers to st7735.o(.rodata.smallCircle) for smallCircle
    st7735.o(.text.ST7735_DrawSmallCircle) refers to st7735.o(.text.setAddrWindow) for setAddrWindow
    st7735.o(.text.ST7735_DrawSmallCircle) refers to st7735.o(.text.writedata) for writedata
    st7735.o(.text.ST7735_DrawSmallCircle) refers to st7735.o(.text.deselect) for deselect
    st7735.o(.ARM.exidx.text.ST7735_DrawSmallCircle) refers to st7735.o(.text.ST7735_DrawSmallCircle) for [Anonymous Symbol]
    st7735.o(.text.ST7735_DrawCircle) refers to st7735.o(.data._width) for _width
    st7735.o(.text.ST7735_DrawCircle) refers to st7735.o(.data._height) for _height
    st7735.o(.text.ST7735_DrawCircle) refers to st7735.o(.rodata.circle) for circle
    st7735.o(.text.ST7735_DrawCircle) refers to st7735.o(.text.setAddrWindow) for setAddrWindow
    st7735.o(.text.ST7735_DrawCircle) refers to st7735.o(.text.writedata) for writedata
    st7735.o(.text.ST7735_DrawCircle) refers to st7735.o(.text.deselect) for deselect
    st7735.o(.ARM.exidx.text.ST7735_DrawCircle) refers to st7735.o(.text.ST7735_DrawCircle) for [Anonymous Symbol]
    st7735.o(.ARM.exidx.text.ST7735_Color565) refers to st7735.o(.text.ST7735_Color565) for [Anonymous Symbol]
    st7735.o(.ARM.exidx.text.ST7735_SwapColor) refers to st7735.o(.text.ST7735_SwapColor) for [Anonymous Symbol]
    st7735.o(.text.ST7735_DrawBitmap) refers to st7735.o(.data._width) for _width
    st7735.o(.text.ST7735_DrawBitmap) refers to st7735.o(.data._height) for _height
    st7735.o(.text.ST7735_DrawBitmap) refers to st7735.o(.text.setAddrWindow) for setAddrWindow
    st7735.o(.text.ST7735_DrawBitmap) refers to st7735.o(.text.writedata) for writedata
    st7735.o(.text.ST7735_DrawBitmap) refers to st7735.o(.text.deselect) for deselect
    st7735.o(.ARM.exidx.text.ST7735_DrawBitmap) refers to st7735.o(.text.ST7735_DrawBitmap) for [Anonymous Symbol]
    st7735.o(.text.ST7735_DrawCharS) refers to st7735.o(.data._width) for _width
    st7735.o(.text.ST7735_DrawCharS) refers to st7735.o(.data._height) for _height
    st7735.o(.text.ST7735_DrawCharS) refers to st7735.o(.rodata.Font) for Font
    st7735.o(.text.ST7735_DrawCharS) refers to st7735.o(.text.ST7735_DrawPixel) for ST7735_DrawPixel
    st7735.o(.text.ST7735_DrawCharS) refers to st7735.o(.text.ST7735_FillRect) for ST7735_FillRect
    st7735.o(.ARM.exidx.text.ST7735_DrawCharS) refers to st7735.o(.text.ST7735_DrawCharS) for [Anonymous Symbol]
    st7735.o(.text.ST7735_DrawChar) refers to st7735.o(.data._width) for _width
    st7735.o(.text.ST7735_DrawChar) refers to st7735.o(.data._height) for _height
    st7735.o(.text.ST7735_DrawChar) refers to st7735.o(.text.setAddrWindow) for setAddrWindow
    st7735.o(.text.ST7735_DrawChar) refers to st7735.o(.rodata.Font) for Font
    st7735.o(.text.ST7735_DrawChar) refers to st7735.o(.text.pushColor) for pushColor
    st7735.o(.text.ST7735_DrawChar) refers to st7735.o(.text.deselect) for deselect
    st7735.o(.ARM.exidx.text.ST7735_DrawChar) refers to st7735.o(.text.ST7735_DrawChar) for [Anonymous Symbol]
    st7735.o(.text.ST7735_DrawString) refers to st7735.o(.text.ST7735_DrawCharS) for ST7735_DrawCharS
    st7735.o(.ARM.exidx.text.ST7735_DrawString) refers to st7735.o(.text.ST7735_DrawString) for [Anonymous Symbol]
    st7735.o(.text.fillmessage) refers to st7735.o(.bss.Messageindex) for Messageindex
    st7735.o(.text.fillmessage) refers to st7735.o(.bss.Message) for Message
    st7735.o(.ARM.exidx.text.fillmessage) refers to st7735.o(.text.fillmessage) for [Anonymous Symbol]
    st7735.o(.text.fillmessage4) refers to st7735.o(.bss.Messageindex) for Messageindex
    st7735.o(.text.fillmessage4) refers to st7735.o(.bss.Message) for Message
    st7735.o(.text.fillmessage4) refers to st7735.o(.text.fillmessage) for fillmessage
    st7735.o(.ARM.exidx.text.fillmessage4) refers to st7735.o(.text.fillmessage4) for [Anonymous Symbol]
    st7735.o(.text.fillmessage5) refers to st7735.o(.bss.Messageindex) for Messageindex
    st7735.o(.text.fillmessage5) refers to st7735.o(.bss.Message) for Message
    st7735.o(.text.fillmessage5) refers to st7735.o(.text.fillmessage) for fillmessage
    st7735.o(.ARM.exidx.text.fillmessage5) refers to st7735.o(.text.fillmessage5) for [Anonymous Symbol]
    st7735.o(.text.ST7735_OutUDec) refers to st7735.o(.bss.Messageindex) for Messageindex
    st7735.o(.text.ST7735_OutUDec) refers to st7735.o(.text.fillmessage) for fillmessage
    st7735.o(.text.ST7735_OutUDec) refers to st7735.o(.bss.Message) for Message
    st7735.o(.text.ST7735_OutUDec) refers to st7735.o(.bss.StX) for StX
    st7735.o(.text.ST7735_OutUDec) refers to st7735.o(.bss.StY) for StY
    st7735.o(.text.ST7735_OutUDec) refers to st7735.o(.data.StTextColor) for StTextColor
    st7735.o(.text.ST7735_OutUDec) refers to st7735.o(.text.ST7735_DrawString) for ST7735_DrawString
    st7735.o(.text.ST7735_OutUDec) refers to st7735.o(.text.ST7735_DrawCharS) for ST7735_DrawCharS
    st7735.o(.ARM.exidx.text.ST7735_OutUDec) refers to st7735.o(.text.ST7735_OutUDec) for [Anonymous Symbol]
    st7735.o(.text.ST7735_OutUDec4) refers to st7735.o(.bss.Messageindex) for Messageindex
    st7735.o(.text.ST7735_OutUDec4) refers to st7735.o(.text.fillmessage4) for fillmessage4
    st7735.o(.text.ST7735_OutUDec4) refers to st7735.o(.bss.Message) for Message
    st7735.o(.text.ST7735_OutUDec4) refers to st7735.o(.bss.StX) for StX
    st7735.o(.text.ST7735_OutUDec4) refers to st7735.o(.bss.StY) for StY
    st7735.o(.text.ST7735_OutUDec4) refers to st7735.o(.data.StTextColor) for StTextColor
    st7735.o(.text.ST7735_OutUDec4) refers to st7735.o(.text.ST7735_DrawString) for ST7735_DrawString
    st7735.o(.text.ST7735_OutUDec4) refers to st7735.o(.text.ST7735_DrawCharS) for ST7735_DrawCharS
    st7735.o(.ARM.exidx.text.ST7735_OutUDec4) refers to st7735.o(.text.ST7735_OutUDec4) for [Anonymous Symbol]
    st7735.o(.text.ST7735_OutUDec5) refers to st7735.o(.bss.Messageindex) for Messageindex
    st7735.o(.text.ST7735_OutUDec5) refers to st7735.o(.text.fillmessage5) for fillmessage5
    st7735.o(.text.ST7735_OutUDec5) refers to st7735.o(.bss.Message) for Message
    st7735.o(.text.ST7735_OutUDec5) refers to st7735.o(.bss.StX) for StX
    st7735.o(.text.ST7735_OutUDec5) refers to st7735.o(.bss.StY) for StY
    st7735.o(.text.ST7735_OutUDec5) refers to st7735.o(.data.StTextColor) for StTextColor
    st7735.o(.text.ST7735_OutUDec5) refers to st7735.o(.text.ST7735_DrawString) for ST7735_DrawString
    st7735.o(.text.ST7735_OutUDec5) refers to st7735.o(.text.ST7735_DrawCharS) for ST7735_DrawCharS
    st7735.o(.ARM.exidx.text.ST7735_OutUDec5) refers to st7735.o(.text.ST7735_OutUDec5) for [Anonymous Symbol]
    st7735.o(.text.ST7735_SetRotation) refers to st7735.o(.text.writecommand) for writecommand
    st7735.o(.text.ST7735_SetRotation) refers to st7735.o(.bss.Rotation) for Rotation
    st7735.o(.text.ST7735_SetRotation) refers to st7735.o(.bss.TabColor) for TabColor
    st7735.o(.text.ST7735_SetRotation) refers to st7735.o(.text.writedata) for writedata
    st7735.o(.text.ST7735_SetRotation) refers to st7735.o(.data._width) for _width
    st7735.o(.text.ST7735_SetRotation) refers to st7735.o(.data._height) for _height
    st7735.o(.text.ST7735_SetRotation) refers to st7735.o(.text.deselect) for deselect
    st7735.o(.ARM.exidx.text.ST7735_SetRotation) refers to st7735.o(.text.ST7735_SetRotation) for [Anonymous Symbol]
    st7735.o(.text.ST7735_InvertDisplay) refers to st7735.o(.text.writecommand) for writecommand
    st7735.o(.text.ST7735_InvertDisplay) refers to st7735.o(.text.deselect) for deselect
    st7735.o(.ARM.exidx.text.ST7735_InvertDisplay) refers to st7735.o(.text.ST7735_InvertDisplay) for [Anonymous Symbol]
    st7735.o(.text.ST7735_PlotClear) refers to st7735.o(.text.ST7735_Color565) for ST7735_Color565
    st7735.o(.text.ST7735_PlotClear) refers to st7735.o(.text.ST7735_FillRect) for ST7735_FillRect
    st7735.o(.text.ST7735_PlotClear) refers to st7735.o(.bss.Ymax) for Ymax
    st7735.o(.text.ST7735_PlotClear) refers to st7735.o(.bss.Ymin) for Ymin
    st7735.o(.text.ST7735_PlotClear) refers to st7735.o(.bss.Yrange) for Yrange
    st7735.o(.text.ST7735_PlotClear) refers to st7735.o(.bss.X) for X
    st7735.o(.ARM.exidx.text.ST7735_PlotClear) refers to st7735.o(.text.ST7735_PlotClear) for [Anonymous Symbol]
    st7735.o(.text.ST7735_PlotPoint) refers to st7735.o(.bss.Ymin) for Ymin
    st7735.o(.text.ST7735_PlotPoint) refers to st7735.o(.bss.Ymax) for Ymax
    st7735.o(.text.ST7735_PlotPoint) refers to st7735.o(.bss.Yrange) for Yrange
    st7735.o(.text.ST7735_PlotPoint) refers to st7735.o(.bss.X) for X
    st7735.o(.text.ST7735_PlotPoint) refers to st7735.o(.text.ST7735_DrawPixel) for ST7735_DrawPixel
    st7735.o(.ARM.exidx.text.ST7735_PlotPoint) refers to st7735.o(.text.ST7735_PlotPoint) for [Anonymous Symbol]
    st7735.o(.text.ST7735_PlotLine) refers to st7735.o(.bss.Ymin) for Ymin
    st7735.o(.text.ST7735_PlotLine) refers to st7735.o(.bss.Ymax) for Ymax
    st7735.o(.text.ST7735_PlotLine) refers to st7735.o(.bss.Yrange) for Yrange
    st7735.o(.text.ST7735_PlotLine) refers to st7735.o(.bss.lastj) for lastj
    st7735.o(.text.ST7735_PlotLine) refers to st7735.o(.bss.X) for X
    st7735.o(.text.ST7735_PlotLine) refers to st7735.o(.text.ST7735_DrawPixel) for ST7735_DrawPixel
    st7735.o(.ARM.exidx.text.ST7735_PlotLine) refers to st7735.o(.text.ST7735_PlotLine) for [Anonymous Symbol]
    st7735.o(.text.ST7735_PlotPoints) refers to st7735.o(.bss.Ymin) for Ymin
    st7735.o(.text.ST7735_PlotPoints) refers to st7735.o(.bss.Ymax) for Ymax
    st7735.o(.text.ST7735_PlotPoints) refers to st7735.o(.bss.Yrange) for Yrange
    st7735.o(.text.ST7735_PlotPoints) refers to st7735.o(.bss.X) for X
    st7735.o(.text.ST7735_PlotPoints) refers to st7735.o(.text.ST7735_DrawPixel) for ST7735_DrawPixel
    st7735.o(.ARM.exidx.text.ST7735_PlotPoints) refers to st7735.o(.text.ST7735_PlotPoints) for [Anonymous Symbol]
    st7735.o(.text.ST7735_PlotBar) refers to st7735.o(.bss.Ymin) for Ymin
    st7735.o(.text.ST7735_PlotBar) refers to st7735.o(.bss.Ymax) for Ymax
    st7735.o(.text.ST7735_PlotBar) refers to st7735.o(.bss.Yrange) for Yrange
    st7735.o(.text.ST7735_PlotBar) refers to st7735.o(.bss.X) for X
    st7735.o(.text.ST7735_PlotBar) refers to st7735.o(.text.ST7735_DrawFastVLine) for ST7735_DrawFastVLine
    st7735.o(.ARM.exidx.text.ST7735_PlotBar) refers to st7735.o(.text.ST7735_PlotBar) for [Anonymous Symbol]
    st7735.o(.text.ST7735_PlotdBfs) refers to st7735.o(.rodata.dBfs) for dBfs
    st7735.o(.text.ST7735_PlotdBfs) refers to st7735.o(.bss.X) for X
    st7735.o(.text.ST7735_PlotdBfs) refers to st7735.o(.text.ST7735_DrawFastVLine) for ST7735_DrawFastVLine
    st7735.o(.ARM.exidx.text.ST7735_PlotdBfs) refers to st7735.o(.text.ST7735_PlotdBfs) for [Anonymous Symbol]
    st7735.o(.text.ST7735_PlotNext) refers to st7735.o(.bss.X) for X
    st7735.o(.ARM.exidx.text.ST7735_PlotNext) refers to st7735.o(.text.ST7735_PlotNext) for [Anonymous Symbol]
    st7735.o(.text.ST7735_PlotNextErase) refers to st7735.o(.bss.X) for X
    st7735.o(.text.ST7735_PlotNextErase) refers to st7735.o(.text.ST7735_Color565) for ST7735_Color565
    st7735.o(.text.ST7735_PlotNextErase) refers to st7735.o(.text.ST7735_DrawFastVLine) for ST7735_DrawFastVLine
    st7735.o(.ARM.exidx.text.ST7735_PlotNextErase) refers to st7735.o(.text.ST7735_PlotNextErase) for [Anonymous Symbol]
    st7735.o(.text.ST7735_OutChar) refers to st7735.o(.bss.StY) for StY
    st7735.o(.text.ST7735_OutChar) refers to st7735.o(.bss.StX) for StX
    st7735.o(.text.ST7735_OutChar) refers to st7735.o(.data.StTextColor) for StTextColor
    st7735.o(.text.ST7735_OutChar) refers to st7735.o(.rodata.str1.1) for .L.str
    st7735.o(.text.ST7735_OutChar) refers to st7735.o(.text.ST7735_DrawString) for ST7735_DrawString
    st7735.o(.text.ST7735_OutChar) refers to st7735.o(.text.ST7735_DrawCharS) for ST7735_DrawCharS
    st7735.o(.ARM.exidx.text.ST7735_OutChar) refers to st7735.o(.text.ST7735_OutChar) for [Anonymous Symbol]
    st7735.o(.text.ST7735_OutString) refers to st7735.o(.text.ST7735_OutChar) for ST7735_OutChar
    st7735.o(.ARM.exidx.text.ST7735_OutString) refers to st7735.o(.text.ST7735_OutString) for [Anonymous Symbol]
    st7735.o(.text.ST7735_SetTextColor) refers to st7735.o(.data.StTextColor) for StTextColor
    st7735.o(.ARM.exidx.text.ST7735_SetTextColor) refers to st7735.o(.text.ST7735_SetTextColor) for [Anonymous Symbol]
    st7735.o(.text.fputc) refers to st7735.o(.text.ST7735_OutChar) for ST7735_OutChar
    st7735.o(.ARM.exidx.text.fputc) refers to st7735.o(.text.fputc) for [Anonymous Symbol]
    st7735.o(.ARM.exidx.text.fgetc) refers to st7735.o(.text.fgetc) for [Anonymous Symbol]
    st7735.o(.ARM.exidx.text.ferror) refers to st7735.o(.text.ferror) for [Anonymous Symbol]
    st7735.o(.text.Output_Init) refers to st7735.o(.text.ST7735_InitR) for ST7735_InitR
    st7735.o(.text.Output_Init) refers to st7735.o(.text.ST7735_FillScreen) for ST7735_FillScreen
    st7735.o(.ARM.exidx.text.Output_Init) refers to st7735.o(.text.Output_Init) for [Anonymous Symbol]
    st7735.o(.text.Output_Clear) refers to st7735.o(.text.ST7735_FillScreen) for ST7735_FillScreen
    st7735.o(.ARM.exidx.text.Output_Clear) refers to st7735.o(.text.Output_Clear) for [Anonymous Symbol]
    st7735.o(.text.Output_Off) refers to st7735.o(.text.Output_Clear) for Output_Clear
    st7735.o(.ARM.exidx.text.Output_Off) refers to st7735.o(.text.Output_Off) for [Anonymous Symbol]
    st7735.o(.text.Output_On) refers to st7735.o(.text.Output_Init) for Output_Init
    st7735.o(.ARM.exidx.text.Output_On) refers to st7735.o(.text.Output_On) for [Anonymous Symbol]
    st7735.o(.text.Output_Color) refers to st7735.o(.text.ST7735_SetTextColor) for ST7735_SetTextColor
    st7735.o(.ARM.exidx.text.Output_Color) refers to st7735.o(.text.Output_Color) for [Anonymous Symbol]
    st7735.o(.text.ST7735_sDecOut2) refers to st7735.o(.rodata.str1.1) for .L.str.1
    st7735.o(.text.ST7735_sDecOut2) refers to st7735.o(.text.ST7735_OutString) for ST7735_OutString
    st7735.o(.text.ST7735_sDecOut2) refers to st7735.o(.text.ST7735_OutUDec) for ST7735_OutUDec
    st7735.o(.ARM.exidx.text.ST7735_sDecOut2) refers to st7735.o(.text.ST7735_sDecOut2) for [Anonymous Symbol]
    st7735.o(.text.ST7735_uBinOut6) refers to st7735.o(.rodata.str1.1) for .L.str.11
    st7735.o(.text.ST7735_uBinOut6) refers to st7735.o(.text.ST7735_OutString) for ST7735_OutString
    st7735.o(.text.ST7735_uBinOut6) refers to st7735.o(.text.ST7735_OutUDec) for ST7735_OutUDec
    st7735.o(.ARM.exidx.text.ST7735_uBinOut6) refers to st7735.o(.text.ST7735_uBinOut6) for [Anonymous Symbol]
    st7735.o(.ARM.exidx.text.ST7735_XYplotInit) refers to st7735.o(.text.ST7735_XYplotInit) for [Anonymous Symbol]
    st7735.o(.ARM.exidx.text.ST7735_XYplot) refers to st7735.o(.text.ST7735_XYplot) for [Anonymous Symbol]
    st7735.o(.text.plotLineX) refers to siabs.o(.text) for abs
    st7735.o(.text.plotLineX) refers to st7735.o(.text.ST7735_DrawPixel) for ST7735_DrawPixel
    st7735.o(.ARM.exidx.text.plotLineX) refers to st7735.o(.text.plotLineX) for [Anonymous Symbol]
    st7735.o(.text.plotLineY) refers to siabs.o(.text) for abs
    st7735.o(.text.plotLineY) refers to st7735.o(.text.ST7735_DrawPixel) for ST7735_DrawPixel
    st7735.o(.ARM.exidx.text.plotLineY) refers to st7735.o(.text.plotLineY) for [Anonymous Symbol]
    st7735.o(.text.ST7735_Line) refers to siabs.o(.text) for abs
    st7735.o(.text.ST7735_Line) refers to st7735.o(.text.plotLineX) for plotLineX
    st7735.o(.text.ST7735_Line) refers to st7735.o(.text.plotLineY) for plotLineY
    st7735.o(.ARM.exidx.text.ST7735_Line) refers to st7735.o(.text.ST7735_Line) for [Anonymous Symbol]
    st7735.o(.text.ST7735_SetX) refers to st7735.o(.bss.X) for X
    st7735.o(.ARM.exidx.text.ST7735_SetX) refers to st7735.o(.text.ST7735_SetX) for [Anonymous Symbol]
    led.o(.ARM.exidx.text.LED_Init) refers to led.o(.text.LED_Init) for [Anonymous Symbol]
    led.o(.ARM.exidx.text.Board_Input) refers to led.o(.text.Board_Input) for [Anonymous Symbol]
    led.o(.ARM.exidx.text.LED_RedOn) refers to led.o(.text.LED_RedOn) for [Anonymous Symbol]
    led.o(.ARM.exidx.text.LED_RedOff) refers to led.o(.text.LED_RedOff) for [Anonymous Symbol]
    led.o(.ARM.exidx.text.LED_RedToggle) refers to led.o(.text.LED_RedToggle) for [Anonymous Symbol]
    led.o(.ARM.exidx.text.LED_BlueOn) refers to led.o(.text.LED_BlueOn) for [Anonymous Symbol]
    led.o(.ARM.exidx.text.LED_BlueOff) refers to led.o(.text.LED_BlueOff) for [Anonymous Symbol]
    led.o(.ARM.exidx.text.LED_BlueToggle) refers to led.o(.text.LED_BlueToggle) for [Anonymous Symbol]
    led.o(.ARM.exidx.text.LED_GreenToggle) refers to led.o(.text.LED_GreenToggle) for [Anonymous Symbol]
    led.o(.ARM.exidx.text.LED_GreenOn) refers to led.o(.text.LED_GreenOn) for [Anonymous Symbol]
    led.o(.ARM.exidx.text.LED_GreenOff) refers to led.o(.text.LED_GreenOff) for [Anonymous Symbol]
    motion.o(.ARM.exidx.text.motionPortBInit) refers to motion.o(.text.motionPortBInit) for [Anonymous Symbol]
    motion.o(.ARM.exidx.text.GPIOPortB_Handler) refers to motion.o(.text.GPIOPortB_Handler) for [Anonymous Symbol]
    systickints.o(.text.SysTick_Init) refers to startup.o(.text) for StartCritical
    systickints.o(.ARM.exidx.text.SysTick_Init) refers to systickints.o(.text.SysTick_Init) for [Anonymous Symbol]
    texas.o(.ARM.exidx.text.Scope) refers to texas.o(.text.Scope) for [Anonymous Symbol]
    texas.o(.text.Timer5A_Init) refers to startup.o(.text) for StartCritical
    texas.o(.text.Timer5A_Init) refers to texas.o(.bss.PeriodicTask5) for PeriodicTask5
    texas.o(.ARM.exidx.text.Timer5A_Init) refers to texas.o(.text.Timer5A_Init) for [Anonymous Symbol]
    texas.o(.text.Timer5A_Handler) refers to texas.o(.bss.PeriodicTask5) for PeriodicTask5
    texas.o(.ARM.exidx.text.Timer5A_Handler) refers to texas.o(.text.Timer5A_Handler) for [Anonymous Symbol]
    texas.o(.ARM.exidx.text.Timer5A_Stop) refers to texas.o(.text.Timer5A_Stop) for [Anonymous Symbol]
    texas.o(.ARM.exidx.text.UART_Init) refers to texas.o(.text.UART_Init) for [Anonymous Symbol]
    texas.o(.ARM.exidx.text.ADC1_InitPD3) refers to texas.o(.text.ADC1_InitPD3) for [Anonymous Symbol]
    texas.o(.ARM.exidx.text.ADC1_Init_PD2) refers to texas.o(.text.ADC1_Init_PD2) for [Anonymous Symbol]
    texas.o(.ARM.exidx.text.ADC1_Init_PE2) refers to texas.o(.text.ADC1_Init_PE2) for [Anonymous Symbol]
    texas.o(.ARM.exidx.text.ADC1_Init_PB5) refers to texas.o(.text.ADC1_Init_PB5) for [Anonymous Symbol]
    texas.o(.ARM.exidx.text.LogicAnalyzerA) refers to texas.o(.text.LogicAnalyzerA) for [Anonymous Symbol]
    texas.o(.ARM.exidx.text.LogicAnalyzerB) refers to texas.o(.text.LogicAnalyzerB) for [Anonymous Symbol]
    texas.o(.ARM.exidx.text.LogicAnalyzerC) refers to texas.o(.text.LogicAnalyzerC) for [Anonymous Symbol]
    texas.o(.ARM.exidx.text.LogicAnalyzerE) refers to texas.o(.text.LogicAnalyzerE) for [Anonymous Symbol]
    texas.o(.ARM.exidx.text.LogicAnalyzerF) refers to texas.o(.text.LogicAnalyzerF) for [Anonymous Symbol]
    texas.o(.text.TExaS_Init) refers to pll.o(.text.PLL_Init) for PLL_Init
    texas.o(.text.TExaS_Init) refers to texas.o(.text.UART_Init) for UART_Init
    texas.o(.text.TExaS_Init) refers to texas.o(.text.LogicAnalyzerA) for LogicAnalyzerA
    texas.o(.text.TExaS_Init) refers to texas.o(.text.Timer5A_Init) for Timer5A_Init
    texas.o(.text.TExaS_Init) refers to startup.o(.text) for EnableInterrupts
    texas.o(.text.TExaS_Init) refers to texas.o(.text.LogicAnalyzerB) for LogicAnalyzerB
    texas.o(.text.TExaS_Init) refers to texas.o(.text.LogicAnalyzerC) for LogicAnalyzerC
    texas.o(.text.TExaS_Init) refers to texas.o(.text.LogicAnalyzerE) for LogicAnalyzerE
    texas.o(.text.TExaS_Init) refers to texas.o(.text.LogicAnalyzerF) for LogicAnalyzerF
    texas.o(.text.TExaS_Init) refers to texas.o(.text.ADC1_InitPD3) for ADC1_InitPD3
    texas.o(.text.TExaS_Init) refers to texas.o(.text.Scope) for Scope
    texas.o(.text.TExaS_Init) refers to texas.o(.text.ADC1_Init_PD2) for ADC1_Init_PD2
    texas.o(.text.TExaS_Init) refers to texas.o(.text.ADC1_Init_PE2) for ADC1_Init_PE2
    texas.o(.text.TExaS_Init) refers to texas.o(.text.ADC1_Init_PB5) for ADC1_Init_PB5
    texas.o(.ARM.exidx.text.TExaS_Init) refers to texas.o(.text.TExaS_Init) for [Anonymous Symbol]
    texas.o(.text.TExaS_Stop) refers to texas.o(.text.Timer5A_Stop) for Timer5A_Stop
    texas.o(.ARM.exidx.text.TExaS_Stop) refers to texas.o(.text.TExaS_Stop) for [Anonymous Symbol]
    entry.o(.ARM.Collect$$$$00000000) refers (Special) to entry10a.o(.ARM.Collect$$$$0000000D) for __rt_final_cpp
    entry.o(.ARM.Collect$$$$00000000) refers (Special) to entry11a.o(.ARM.Collect$$$$0000000F) for __rt_final_exit
    entry.o(.ARM.Collect$$$$00000000) refers (Special) to entry7b.o(.ARM.Collect$$$$00000008) for _main_clock
    entry.o(.ARM.Collect$$$$00000000) refers (Special) to entry8b.o(.ARM.Collect$$$$0000000A) for _main_cpp_init
    entry.o(.ARM.Collect$$$$00000000) refers (Special) to entry9a.o(.ARM.Collect$$$$0000000B) for _main_init
    entry.o(.ARM.Collect$$$$00000000) refers (Special) to entry5.o(.ARM.Collect$$$$00000004) for _main_scatterload
    entry.o(.ARM.Collect$$$$00000000) refers (Special) to entry2.o(.ARM.Collect$$$$00000001) for _main_stk
    entry2.o(.ARM.Collect$$$$00000001) refers to entry2.o(.ARM.Collect$$$$00002712) for __lit__00000000
    entry2.o(.ARM.Collect$$$$00002712) refers to startup.o(STACK) for __initial_sp
    entry2.o(__vectab_stack_and_reset_area) refers to startup.o(STACK) for __initial_sp
    entry2.o(__vectab_stack_and_reset_area) refers to entry.o(.ARM.Collect$$$$00000000) for __main
    entry5.o(.ARM.Collect$$$$00000004) refers to init.o(.text) for __scatterload
    entry9a.o(.ARM.Collect$$$$0000000B) refers to motionmain.o(.text.main) for main
    entry9b.o(.ARM.Collect$$$$0000000C) refers to motionmain.o(.text.main) for main
    init.o(.text) refers to entry5.o(.ARM.Collect$$$$00000004) for __main_after_scatterload


==============================================================================

Removing Unused input sections from the image.

    Removing startup.o(HEAP), (0 bytes).
    Removing timer0a.o(.text), (0 bytes).
    Removing timer0a.o(.text.Timer0A_Init), (162 bytes).
    Removing timer0a.o(.ARM.exidx.text.Timer0A_Init), (8 bytes).
    Removing timer0a.o(.ARM.exidx.text.Timer0A_Handler), (8 bytes).
    Removing timer0a.o(.text.Timer0A_Stop), (26 bytes).
    Removing timer0a.o(.ARM.exidx.text.Timer0A_Stop), (8 bytes).
    Removing pll.o(.text), (0 bytes).
    Removing pll.o(.ARM.exidx.text.PLL_Init), (8 bytes).
    Removing motionmain.o(.text), (0 bytes).
    Removing motionmain.o(.ARM.exidx.text.main), (8 bytes).
    Removing motionmain.o(.ARM.exidx.text.SysTick_Handler), (8 bytes).
    Removing motionmain.o(.ARM.use_no_argv), (4 bytes).
    Removing st7735.o(.text), (0 bytes).
    Removing st7735.o(.text.Delay1ms), (46 bytes).
    Removing st7735.o(.ARM.exidx.text.Delay1ms), (8 bytes).
    Removing st7735.o(.text.ST7735_InitB), (50 bytes).
    Removing st7735.o(.ARM.exidx.text.ST7735_InitB), (8 bytes).
    Removing st7735.o(.text.commonInit), (418 bytes).
    Removing st7735.o(.ARM.exidx.text.commonInit), (8 bytes).
    Removing st7735.o(.text.ST7735_SetCursor), (54 bytes).
    Removing st7735.o(.ARM.exidx.text.ST7735_SetCursor), (8 bytes).
    Removing st7735.o(.text.ST7735_FillScreen), (52 bytes).
    Removing st7735.o(.ARM.exidx.text.ST7735_FillScreen), (8 bytes).
    Removing st7735.o(.text.ST7735_InitR), (166 bytes).
    Removing st7735.o(.ARM.exidx.text.ST7735_InitR), (8 bytes).
    Removing st7735.o(.text.commandList), (170 bytes).
    Removing st7735.o(.ARM.exidx.text.commandList), (8 bytes).
    Removing st7735.o(.text.writecommand), (90 bytes).
    Removing st7735.o(.ARM.exidx.text.writecommand), (8 bytes).
    Removing st7735.o(.text.writedata), (58 bytes).
    Removing st7735.o(.ARM.exidx.text.writedata), (8 bytes).
    Removing st7735.o(.text.ST7735_DrawPixel), (116 bytes).
    Removing st7735.o(.ARM.exidx.text.ST7735_DrawPixel), (8 bytes).
    Removing st7735.o(.text.setAddrWindow), (148 bytes).
    Removing st7735.o(.ARM.exidx.text.setAddrWindow), (8 bytes).
    Removing st7735.o(.text.pushColor), (28 bytes).
    Removing st7735.o(.ARM.exidx.text.pushColor), (8 bytes).
    Removing st7735.o(.text.deselect), (36 bytes).
    Removing st7735.o(.ARM.exidx.text.deselect), (8 bytes).
    Removing st7735.o(.text.ST7735_DrawFastVLine), (204 bytes).
    Removing st7735.o(.ARM.exidx.text.ST7735_DrawFastVLine), (8 bytes).
    Removing st7735.o(.text.ST7735_DrawFastHLine), (204 bytes).
    Removing st7735.o(.ARM.exidx.text.ST7735_DrawFastHLine), (8 bytes).
    Removing st7735.o(.text.ST7735_FillRect), (324 bytes).
    Removing st7735.o(.ARM.exidx.text.ST7735_FillRect), (8 bytes).
    Removing st7735.o(.text.ST7735_DrawSmallCircle), (218 bytes).
    Removing st7735.o(.ARM.exidx.text.ST7735_DrawSmallCircle), (8 bytes).
    Removing st7735.o(.text.ST7735_DrawCircle), (218 bytes).
    Removing st7735.o(.ARM.exidx.text.ST7735_DrawCircle), (8 bytes).
    Removing st7735.o(.text.ST7735_Color565), (48 bytes).
    Removing st7735.o(.ARM.exidx.text.ST7735_Color565), (8 bytes).
    Removing st7735.o(.text.ST7735_SwapColor), (28 bytes).
    Removing st7735.o(.ARM.exidx.text.ST7735_SwapColor), (8 bytes).
    Removing st7735.o(.text.ST7735_DrawBitmap), (594 bytes).
    Removing st7735.o(.ARM.exidx.text.ST7735_DrawBitmap), (8 bytes).
    Removing st7735.o(.text.ST7735_DrawCharS), (438 bytes).
    Removing st7735.o(.ARM.exidx.text.ST7735_DrawCharS), (8 bytes).
    Removing st7735.o(.text.ST7735_DrawChar), (438 bytes).
    Removing st7735.o(.ARM.exidx.text.ST7735_DrawChar), (8 bytes).
    Removing st7735.o(.text.ST7735_DrawString), (154 bytes).
    Removing st7735.o(.ARM.exidx.text.ST7735_DrawString), (8 bytes).
    Removing st7735.o(.text.fillmessage), (112 bytes).
    Removing st7735.o(.ARM.exidx.text.fillmessage), (8 bytes).
    Removing st7735.o(.text.fillmessage4), (164 bytes).
    Removing st7735.o(.ARM.exidx.text.fillmessage4), (8 bytes).
    Removing st7735.o(.text.fillmessage5), (218 bytes).
    Removing st7735.o(.ARM.exidx.text.fillmessage5), (8 bytes).
    Removing st7735.o(.text.ST7735_OutUDec), (166 bytes).
    Removing st7735.o(.ARM.exidx.text.ST7735_OutUDec), (8 bytes).
    Removing st7735.o(.text.ST7735_OutUDec4), (166 bytes).
    Removing st7735.o(.ARM.exidx.text.ST7735_OutUDec4), (8 bytes).
    Removing st7735.o(.text.ST7735_OutUDec5), (166 bytes).
    Removing st7735.o(.ARM.exidx.text.ST7735_OutUDec5), (8 bytes).
    Removing st7735.o(.text.ST7735_SetRotation), (294 bytes).
    Removing st7735.o(.ARM.exidx.text.ST7735_SetRotation), (8 bytes).
    Removing st7735.o(.text.ST7735_InvertDisplay), (36 bytes).
    Removing st7735.o(.ARM.exidx.text.ST7735_InvertDisplay), (8 bytes).
    Removing st7735.o(.text.ST7735_PlotClear), (144 bytes).
    Removing st7735.o(.ARM.exidx.text.ST7735_PlotClear), (8 bytes).
    Removing st7735.o(.text.ST7735_PlotPoint), (222 bytes).
    Removing st7735.o(.ARM.exidx.text.ST7735_PlotPoint), (8 bytes).
    Removing st7735.o(.text.ST7735_PlotLine), (462 bytes).
    Removing st7735.o(.ARM.exidx.text.ST7735_PlotLine), (8 bytes).
    Removing st7735.o(.text.ST7735_PlotPoints), (314 bytes).
    Removing st7735.o(.ARM.exidx.text.ST7735_PlotPoints), (8 bytes).
    Removing st7735.o(.text.ST7735_PlotBar), (138 bytes).
    Removing st7735.o(.ARM.exidx.text.ST7735_PlotBar), (8 bytes).
    Removing st7735.o(.text.ST7735_PlotdBfs), (96 bytes).
    Removing st7735.o(.ARM.exidx.text.ST7735_PlotdBfs), (8 bytes).
    Removing st7735.o(.text.ST7735_PlotNext), (48 bytes).
    Removing st7735.o(.ARM.exidx.text.ST7735_PlotNext), (8 bytes).
    Removing st7735.o(.text.ST7735_PlotNextErase), (90 bytes).
    Removing st7735.o(.ARM.exidx.text.ST7735_PlotNextErase), (8 bytes).
    Removing st7735.o(.text.ST7735_OutChar), (270 bytes).
    Removing st7735.o(.ARM.exidx.text.ST7735_OutChar), (8 bytes).
    Removing st7735.o(.text.ST7735_OutString), (36 bytes).
    Removing st7735.o(.ARM.exidx.text.ST7735_OutString), (8 bytes).
    Removing st7735.o(.text.ST7735_SetTextColor), (24 bytes).
    Removing st7735.o(.ARM.exidx.text.ST7735_SetTextColor), (8 bytes).
    Removing st7735.o(.text.fputc), (22 bytes).
    Removing st7735.o(.ARM.exidx.text.fputc), (8 bytes).
    Removing st7735.o(.text.fgetc), (10 bytes).
    Removing st7735.o(.ARM.exidx.text.fgetc), (8 bytes).
    Removing st7735.o(.text.ferror), (12 bytes).
    Removing st7735.o(.ARM.exidx.text.ferror), (8 bytes).
    Removing st7735.o(.text.Output_Init), (16 bytes).
    Removing st7735.o(.ARM.exidx.text.Output_Init), (8 bytes).
    Removing st7735.o(.text.Output_Clear), (10 bytes).
    Removing st7735.o(.ARM.exidx.text.Output_Clear), (8 bytes).
    Removing st7735.o(.text.Output_Off), (8 bytes).
    Removing st7735.o(.ARM.exidx.text.Output_Off), (8 bytes).
    Removing st7735.o(.text.Output_On), (8 bytes).
    Removing st7735.o(.ARM.exidx.text.Output_On), (8 bytes).
    Removing st7735.o(.text.Output_Color), (18 bytes).
    Removing st7735.o(.ARM.exidx.text.Output_Color), (8 bytes).
    Removing st7735.o(.text.ST7735_sDecOut2), (480 bytes).
    Removing st7735.o(.ARM.exidx.text.ST7735_sDecOut2), (8 bytes).
    Removing st7735.o(.text.ST7735_uBinOut6), (354 bytes).
    Removing st7735.o(.ARM.exidx.text.ST7735_uBinOut6), (8 bytes).
    Removing st7735.o(.text.ST7735_XYplotInit), (18 bytes).
    Removing st7735.o(.ARM.exidx.text.ST7735_XYplotInit), (8 bytes).
    Removing st7735.o(.text.ST7735_XYplot), (12 bytes).
    Removing st7735.o(.ARM.exidx.text.ST7735_XYplot), (8 bytes).
    Removing st7735.o(.text.plotLineX), (272 bytes).
    Removing st7735.o(.ARM.exidx.text.plotLineX), (8 bytes).
    Removing st7735.o(.text.plotLineY), (272 bytes).
    Removing st7735.o(.ARM.exidx.text.plotLineY), (8 bytes).
    Removing st7735.o(.text.ST7735_Line), (232 bytes).
    Removing st7735.o(.ARM.exidx.text.ST7735_Line), (8 bytes).
    Removing st7735.o(.text.ST7735_SetX), (70 bytes).
    Removing st7735.o(.ARM.exidx.text.ST7735_SetX), (8 bytes).
    Removing st7735.o(.bss.StX), (4 bytes).
    Removing st7735.o(.bss.StY), (4 bytes).
    Removing st7735.o(.data.StTextColor), (2 bytes).
    Removing st7735.o(.rodata.Bcmd), (103 bytes).
    Removing st7735.o(.rodata.Rcmd1), (59 bytes).
    Removing st7735.o(.rodata.Rcmd2green), (13 bytes).
    Removing st7735.o(.bss.ColStart), (1 bytes).
    Removing st7735.o(.bss.RowStart), (1 bytes).
    Removing st7735.o(.rodata.Rcmd2red), (13 bytes).
    Removing st7735.o(.rodata.Rcmd3), (43 bytes).
    Removing st7735.o(.bss.TabColor), (1 bytes).
    Removing st7735.o(.data._width), (2 bytes).
    Removing st7735.o(.data._height), (2 bytes).
    Removing st7735.o(.rodata.smallCircle), (36 bytes).
    Removing st7735.o(.rodata.circle), (60 bytes).
    Removing st7735.o(.rodata.Font), (1275 bytes).
    Removing st7735.o(.bss.Message), (12 bytes).
    Removing st7735.o(.bss.Messageindex), (4 bytes).
    Removing st7735.o(.bss.Rotation), (1 bytes).
    Removing st7735.o(.bss.Ymax), (4 bytes).
    Removing st7735.o(.bss.Ymin), (4 bytes).
    Removing st7735.o(.bss.Yrange), (4 bytes).
    Removing st7735.o(.bss.X), (4 bytes).
    Removing st7735.o(.bss.lastj), (4 bytes).
    Removing st7735.o(.rodata.dBfs), (512 bytes).
    Removing st7735.o(.rodata.str1.1), (80 bytes).
    Removing led.o(.text), (0 bytes).
    Removing led.o(.ARM.exidx.text.LED_Init), (8 bytes).
    Removing led.o(.text.Board_Input), (30 bytes).
    Removing led.o(.ARM.exidx.text.Board_Input), (8 bytes).
    Removing led.o(.text.LED_RedOn), (14 bytes).
    Removing led.o(.ARM.exidx.text.LED_RedOn), (8 bytes).
    Removing led.o(.text.LED_RedOff), (14 bytes).
    Removing led.o(.ARM.exidx.text.LED_RedOff), (8 bytes).
    Removing led.o(.ARM.exidx.text.LED_RedToggle), (8 bytes).
    Removing led.o(.text.LED_BlueOn), (14 bytes).
    Removing led.o(.ARM.exidx.text.LED_BlueOn), (8 bytes).
    Removing led.o(.text.LED_BlueOff), (14 bytes).
    Removing led.o(.ARM.exidx.text.LED_BlueOff), (8 bytes).
    Removing led.o(.ARM.exidx.text.LED_BlueToggle), (8 bytes).
    Removing led.o(.text.LED_GreenToggle), (18 bytes).
    Removing led.o(.ARM.exidx.text.LED_GreenToggle), (8 bytes).
    Removing led.o(.text.LED_GreenOn), (14 bytes).
    Removing led.o(.ARM.exidx.text.LED_GreenOn), (8 bytes).
    Removing led.o(.text.LED_GreenOff), (14 bytes).
    Removing led.o(.ARM.exidx.text.LED_GreenOff), (8 bytes).
    Removing motion.o(.text), (0 bytes).
    Removing motion.o(.ARM.exidx.text.motionPortBInit), (8 bytes).
    Removing motion.o(.ARM.exidx.text.GPIOPortB_Handler), (8 bytes).
    Removing systickints.o(.text), (0 bytes).
    Removing systickints.o(.ARM.exidx.text.SysTick_Init), (8 bytes).
    Removing texas.o(.text), (0 bytes).
    Removing texas.o(.ARM.exidx.text.Scope), (8 bytes).
    Removing texas.o(.ARM.exidx.text.Timer5A_Init), (8 bytes).
    Removing texas.o(.ARM.exidx.text.Timer5A_Handler), (8 bytes).
    Removing texas.o(.text.Timer5A_Stop), (48 bytes).
    Removing texas.o(.ARM.exidx.text.Timer5A_Stop), (8 bytes).
    Removing texas.o(.ARM.exidx.text.UART_Init), (8 bytes).
    Removing texas.o(.ARM.exidx.text.ADC1_InitPD3), (8 bytes).
    Removing texas.o(.ARM.exidx.text.ADC1_Init_PD2), (8 bytes).
    Removing texas.o(.ARM.exidx.text.ADC1_Init_PE2), (8 bytes).
    Removing texas.o(.ARM.exidx.text.ADC1_Init_PB5), (8 bytes).
    Removing texas.o(.ARM.exidx.text.LogicAnalyzerA), (8 bytes).
    Removing texas.o(.ARM.exidx.text.LogicAnalyzerB), (8 bytes).
    Removing texas.o(.ARM.exidx.text.LogicAnalyzerC), (8 bytes).
    Removing texas.o(.ARM.exidx.text.LogicAnalyzerE), (8 bytes).
    Removing texas.o(.ARM.exidx.text.LogicAnalyzerF), (8 bytes).
    Removing texas.o(.ARM.exidx.text.TExaS_Init), (8 bytes).
    Removing texas.o(.text.TExaS_Stop), (8 bytes).
    Removing texas.o(.ARM.exidx.text.TExaS_Stop), (8 bytes).

202 unused section(s) (total 12668 bytes) removed from the image.

==============================================================================

Image Symbol Table

    Local Symbols

    Symbol Name                              Value     Ov Type        Size  Object(Section)

    ../clib/microlib/init/entry.s            0x00000000   Number         0  entry.o ABSOLUTE
    ../clib/microlib/init/entry.s            0x00000000   Number         0  entry2.o ABSOLUTE
    ../clib/microlib/init/entry.s            0x00000000   Number         0  entry5.o ABSOLUTE
    ../clib/microlib/init/entry.s            0x00000000   Number         0  entry7a.o ABSOLUTE
    ../clib/microlib/init/entry.s            0x00000000   Number         0  entry7b.o ABSOLUTE
    ../clib/microlib/init/entry.s            0x00000000   Number         0  entry8a.o ABSOLUTE
    ../clib/microlib/init/entry.s            0x00000000   Number         0  entry8b.o ABSOLUTE
    ../clib/microlib/init/entry.s            0x00000000   Number         0  entry9a.o ABSOLUTE
    ../clib/microlib/init/entry.s            0x00000000   Number         0  entry9b.o ABSOLUTE
    ../clib/microlib/init/entry.s            0x00000000   Number         0  entry10a.o ABSOLUTE
    ../clib/microlib/init/entry.s            0x00000000   Number         0  entry10b.o ABSOLUTE
    ../clib/microlib/init/entry.s            0x00000000   Number         0  entry11a.o ABSOLUTE
    ../clib/microlib/init/entry.s            0x00000000   Number         0  entry11b.o ABSOLUTE
    ../clib/microlib/stdlib/abs.c            0x00000000   Number         0  siabs.o ABSOLUTE
    ../clib/microlib/stdlib/abs.c            0x00000000   Number         0  ilabs.o ABSOLUTE
    ..\..\..\inc\startup.s                   0x00000000   Number         0  startup.o ABSOLUTE
    LED.c                                    0x00000000   Number         0  led.o ABSOLUTE
    Motion.c                                 0x00000000   Number         0  motion.o ABSOLUTE
    MotionMain.c                             0x00000000   Number         0  motionmain.o ABSOLUTE
    PLL.c                                    0x00000000   Number         0  pll.o ABSOLUTE
    ST7735.c                                 0x00000000   Number         0  st7735.o ABSOLUTE
    SysTickInts.c                            0x00000000   Number         0  systickints.o ABSOLUTE
    TExaS.c                                  0x00000000   Number         0  texas.o ABSOLUTE
    Timer0A.c                                0x00000000   Number         0  timer0a.o ABSOLUTE
    dc.s                                     0x00000000   Number         0  dc.o ABSOLUTE
    handlers.s                               0x00000000   Number         0  handlers.o ABSOLUTE
    init.s                                   0x00000000   Number         0  init.o ABSOLUTE
    RESET                                    0x00000000   Section      660  startup.o(RESET)
    $v0                                      0x0000026c   Number         0  startup.o(RESET)
    NMI_Handler                              0x00000281   Thumb Code     0  startup.o(RESET)
    .ARM.Collect$$$$00000000                 0x00000294   Section        0  entry.o(.ARM.Collect$$$$00000000)
    .ARM.Collect$$$$00000001                 0x00000294   Section        4  entry2.o(.ARM.Collect$$$$00000001)
    .ARM.Collect$$$$00000004                 0x00000298   Section        4  entry5.o(.ARM.Collect$$$$00000004)
    .ARM.Collect$$$$00000008                 0x0000029c   Section        0  entry7b.o(.ARM.Collect$$$$00000008)
    .ARM.Collect$$$$0000000A                 0x0000029c   Section        0  entry8b.o(.ARM.Collect$$$$0000000A)
    .ARM.Collect$$$$0000000B                 0x0000029c   Section        8  entry9a.o(.ARM.Collect$$$$0000000B)
    __lit__00000000                          0x000002a4   Data           4  entry2.o(.ARM.Collect$$$$00002712)
    .ARM.Collect$$$$0000000D                 0x000002a4   Section        0  entry10a.o(.ARM.Collect$$$$0000000D)
    .ARM.Collect$$$$0000000F                 0x000002a4   Section        0  entry11a.o(.ARM.Collect$$$$0000000F)
    .ARM.Collect$$$$00002712                 0x000002a4   Section        4  entry2.o(.ARM.Collect$$$$00002712)
    $v0                                      0x000002a8   Number         0  startup.o(.text)
    .text                                    0x000002a8   Section       28  startup.o(.text)
    .text                                    0x000002c4   Section       36  init.o(.text)
    [Anonymous Symbol]                       0x000002e8   Section        0  texas.o(.text.ADC1_InitPD3)
    [Anonymous Symbol]                       0x000003e4   Section        0  texas.o(.text.ADC1_Init_PB5)
    [Anonymous Symbol]                       0x000004e0   Section        0  texas.o(.text.ADC1_Init_PD2)
    [Anonymous Symbol]                       0x000005dc   Section        0  texas.o(.text.ADC1_Init_PE2)
    [Anonymous Symbol]                       0x000006dc   Section        0  motion.o(.text.GPIOPortB_Handler)
    [Anonymous Symbol]                       0x000006f4   Section        0  led.o(.text.LED_BlueToggle)
    [Anonymous Symbol]                       0x00000708   Section        0  led.o(.text.LED_Init)
    [Anonymous Symbol]                       0x00000798   Section        0  led.o(.text.LED_RedToggle)
    [Anonymous Symbol]                       0x000007ac   Section        0  texas.o(.text.LogicAnalyzerA)
    [Anonymous Symbol]                       0x000007c8   Section        0  texas.o(.text.LogicAnalyzerB)
    [Anonymous Symbol]                       0x000007e4   Section        0  texas.o(.text.LogicAnalyzerC)
    [Anonymous Symbol]                       0x00000800   Section        0  texas.o(.text.LogicAnalyzerE)
    [Anonymous Symbol]                       0x0000081c   Section        0  texas.o(.text.LogicAnalyzerF)
    [Anonymous Symbol]                       0x00000838   Section        0  pll.o(.text.PLL_Init)
    [Anonymous Symbol]                       0x000008c4   Section        0  texas.o(.text.Scope)
    [Anonymous Symbol]                       0x000008dc   Section        0  motionmain.o(.text.SysTick_Handler)
    [Anonymous Symbol]                       0x000008e4   Section        0  systickints.o(.text.SysTick_Init)
    [Anonymous Symbol]                       0x00000934   Section        0  texas.o(.text.TExaS_Init)
    [Anonymous Symbol]                       0x00000b20   Section        0  timer0a.o(.text.Timer0A_Handler)
    [Anonymous Symbol]                       0x00000b3c   Section        0  texas.o(.text.Timer5A_Handler)
    [Anonymous Symbol]                       0x00000b58   Section        0  texas.o(.text.Timer5A_Init)
    [Anonymous Symbol]                       0x00000c60   Section        0  texas.o(.text.UART_Init)
    [Anonymous Symbol]                       0x00000d24   Section        0  motionmain.o(.text.main)
    [Anonymous Symbol]                       0x00000d70   Section        0  motion.o(.text.motionPortBInit)
    i.__scatterload_copy                     0x00000e2c   Section       14  handlers.o(i.__scatterload_copy)
    i.__scatterload_null                     0x00000e3a   Section        2  handlers.o(i.__scatterload_null)
    i.__scatterload_zeroinit                 0x00000e3c   Section       14  handlers.o(i.__scatterload_zeroinit)
    StackMem                                 0x20000008   Data           0  startup.o(STACK)
    STACK                                    0x20000008   Section     1024  startup.o(STACK)

    Global Symbols

    Symbol Name                              Value     Ov Type        Size  Object(Section)

    BuildAttributes$$THM_ISAv4$E$P$D$K$B$S$7EM$VFPi3$EXTD16$VFPS$VFMA$PE$A:L22UL41UL21$X:L11$S22US41US21$IEEE1$IW$~IW$USESV6$~STKCKD$USESV7$~SHL$OSPACE$EBA8$MICROLIB$REQ8$PRES8$EABIv2 0x00000000   Number         0  anon$$obj.o ABSOLUTE
    __Vectors                                0x00000000   Data           0  startup.o(RESET)
    __cpp_initialize__aeabi_                  - Undefined Weak Reference
    __cxa_finalize                            - Undefined Weak Reference
    __decompress                              - Undefined Weak Reference
    _clock_init                               - Undefined Weak Reference
    _microlib_exit                            - Undefined Weak Reference
    Reset_Handler                            0x0000026d   Thumb Code     0  startup.o(RESET)
    HardFault_Handler                        0x00000283   Thumb Code     2  startup.o(RESET)
    MemManage_Handler                        0x00000285   Thumb Code     2  startup.o(RESET)
    BusFault_Handler                         0x00000287   Thumb Code     2  startup.o(RESET)
    UsageFault_Handler                       0x00000289   Thumb Code     2  startup.o(RESET)
    SVC_Handler                              0x0000028b   Thumb Code     2  startup.o(RESET)
    DebugMon_Handler                         0x0000028d   Thumb Code     2  startup.o(RESET)
    PendSV_Handler                           0x0000028f   Thumb Code     2  startup.o(RESET)
    ADC0Seq0_Handler                         0x00000293   Thumb Code     0  startup.o(RESET)
    ADC0Seq1_Handler                         0x00000293   Thumb Code     0  startup.o(RESET)
    ADC0Seq2_Handler                         0x00000293   Thumb Code     0  startup.o(RESET)
    ADC0Seq3_Handler                         0x00000293   Thumb Code     0  startup.o(RESET)
    ADC1Seq0_Handler                         0x00000293   Thumb Code     0  startup.o(RESET)
    ADC1Seq1_Handler                         0x00000293   Thumb Code     0  startup.o(RESET)
    ADC1Seq2_Handler                         0x00000293   Thumb Code     0  startup.o(RESET)
    ADC1Seq3_Handler                         0x00000293   Thumb Code     0  startup.o(RESET)
    CAN0_Handler                             0x00000293   Thumb Code     0  startup.o(RESET)
    CAN1_Handler                             0x00000293   Thumb Code     0  startup.o(RESET)
    CAN2_Handler                             0x00000293   Thumb Code     0  startup.o(RESET)
    Comp0_Handler                            0x00000293   Thumb Code     0  startup.o(RESET)
    Comp1_Handler                            0x00000293   Thumb Code     0  startup.o(RESET)
    Comp2_Handler                            0x00000293   Thumb Code     0  startup.o(RESET)
    Ethernet_Handler                         0x00000293   Thumb Code     0  startup.o(RESET)
    ExtBus_Handler                           0x00000293   Thumb Code     0  startup.o(RESET)
    FPU_Handler                              0x00000293   Thumb Code     0  startup.o(RESET)
    Fan0_Handler                             0x00000293   Thumb Code     0  startup.o(RESET)
    FlashCtl_Handler                         0x00000293   Thumb Code     0  startup.o(RESET)
    GPIOPortA_Handler                        0x00000293   Thumb Code     0  startup.o(RESET)
    GPIOPortC_Handler                        0x00000293   Thumb Code     0  startup.o(RESET)
    GPIOPortD_Handler                        0x00000293   Thumb Code     0  startup.o(RESET)
    GPIOPortE_Handler                        0x00000293   Thumb Code     0  startup.o(RESET)
    GPIOPortF_Handler                        0x00000293   Thumb Code     0  startup.o(RESET)
    GPIOPortG_Handler                        0x00000293   Thumb Code     0  startup.o(RESET)
    GPIOPortH_Handler                        0x00000293   Thumb Code     0  startup.o(RESET)
    GPIOPortJ_Handler                        0x00000293   Thumb Code     0  startup.o(RESET)
    GPIOPortK_Handler                        0x00000293   Thumb Code     0  startup.o(RESET)
    GPIOPortL_Handler                        0x00000293   Thumb Code     0  startup.o(RESET)
    GPIOPortM_Handler                        0x00000293   Thumb Code     0  startup.o(RESET)
    GPIOPortN_Handler                        0x00000293   Thumb Code     0  startup.o(RESET)
    GPIOPortP1_Handler                       0x00000293   Thumb Code     0  startup.o(RESET)
    GPIOPortP2_Handler                       0x00000293   Thumb Code     0  startup.o(RESET)
    GPIOPortP3_Handler                       0x00000293   Thumb Code     0  startup.o(RESET)
    GPIOPortP4_Handler                       0x00000293   Thumb Code     0  startup.o(RESET)
    GPIOPortP5_Handler                       0x00000293   Thumb Code     0  startup.o(RESET)
    GPIOPortP6_Handler                       0x00000293   Thumb Code     0  startup.o(RESET)
    GPIOPortP7_Handler                       0x00000293   Thumb Code     0  startup.o(RESET)
    GPIOPortP_Handler                        0x00000293   Thumb Code     0  startup.o(RESET)
    GPIOPortQ1_Handler                       0x00000293   Thumb Code     0  startup.o(RESET)
    GPIOPortQ2_Handler                       0x00000293   Thumb Code     0  startup.o(RESET)
    GPIOPortQ3_Handler                       0x00000293   Thumb Code     0  startup.o(RESET)
    GPIOPortQ4_Handler                       0x00000293   Thumb Code     0  startup.o(RESET)
    GPIOPortQ5_Handler                       0x00000293   Thumb Code     0  startup.o(RESET)
    GPIOPortQ6_Handler                       0x00000293   Thumb Code     0  startup.o(RESET)
    GPIOPortQ7_Handler                       0x00000293   Thumb Code     0  startup.o(RESET)
    GPIOPortQ_Handler                        0x00000293   Thumb Code     0  startup.o(RESET)
    GPIOPortR_Handler                        0x00000293   Thumb Code     0  startup.o(RESET)
    GPIOPortS_Handler                        0x00000293   Thumb Code     0  startup.o(RESET)
    Hibernate_Handler                        0x00000293   Thumb Code     0  startup.o(RESET)
    I2C0_Handler                             0x00000293   Thumb Code     0  startup.o(RESET)
    I2C1_Handler                             0x00000293   Thumb Code     0  startup.o(RESET)
    I2C2_Handler                             0x00000293   Thumb Code     0  startup.o(RESET)
    I2C3_Handler                             0x00000293   Thumb Code     0  startup.o(RESET)
    I2C4_Handler                             0x00000293   Thumb Code     0  startup.o(RESET)
    I2C5_Handler                             0x00000293   Thumb Code     0  startup.o(RESET)
    I2S0_Handler                             0x00000293   Thumb Code     0  startup.o(RESET)
    LPC0_Handler                             0x00000293   Thumb Code     0  startup.o(RESET)
    PECI0_Handler                            0x00000293   Thumb Code     0  startup.o(RESET)
    PWM0Fault_Handler                        0x00000293   Thumb Code     0  startup.o(RESET)
    PWM0Generator0_Handler                   0x00000293   Thumb Code     0  startup.o(RESET)
    PWM0Generator1_Handler                   0x00000293   Thumb Code     0  startup.o(RESET)
    PWM0Generator2_Handler                   0x00000293   Thumb Code     0  startup.o(RESET)
    PWM0Generator3_Handler                   0x00000293   Thumb Code     0  startup.o(RESET)
    PWM1Fault_Handler                        0x00000293   Thumb Code     0  startup.o(RESET)
    PWM1Generator0_Handler                   0x00000293   Thumb Code     0  startup.o(RESET)
    PWM1Generator1_Handler                   0x00000293   Thumb Code     0  startup.o(RESET)
    PWM1Generator2_Handler                   0x00000293   Thumb Code     0  startup.o(RESET)
    PWM1Generator3_Handler                   0x00000293   Thumb Code     0  startup.o(RESET)
    Quadrature0_Handler                      0x00000293   Thumb Code     0  startup.o(RESET)
    Quadrature1_Handler                      0x00000293   Thumb Code     0  startup.o(RESET)
    Quadrature2_Handler                      0x00000293   Thumb Code     0  startup.o(RESET)
    SSI0_Handler                             0x00000293   Thumb Code     0  startup.o(RESET)
    SSI1_Handler                             0x00000293   Thumb Code     0  startup.o(RESET)
    SSI2_Handler                             0x00000293   Thumb Code     0  startup.o(RESET)
    SSI3_Handler                             0x00000293   Thumb Code     0  startup.o(RESET)
    SysCtl_Handler                           0x00000293   Thumb Code     0  startup.o(RESET)
    Timer0B_Handler                          0x00000293   Thumb Code     0  startup.o(RESET)
    Timer1A_Handler                          0x00000293   Thumb Code     0  startup.o(RESET)
    Timer1B_Handler                          0x00000293   Thumb Code     0  startup.o(RESET)
    Timer2A_Handler                          0x00000293   Thumb Code     0  startup.o(RESET)
    Timer2B_Handler                          0x00000293   Thumb Code     0  startup.o(RESET)
    Timer3A_Handler                          0x00000293   Thumb Code     0  startup.o(RESET)
    Timer3B_Handler                          0x00000293   Thumb Code     0  startup.o(RESET)
    Timer4A_Handler                          0x00000293   Thumb Code     0  startup.o(RESET)
    Timer4B_Handler                          0x00000293   Thumb Code     0  startup.o(RESET)
    Timer5B_Handler                          0x00000293   Thumb Code     0  startup.o(RESET)
    UART0_Handler                            0x00000293   Thumb Code     0  startup.o(RESET)
    UART1_Handler                            0x00000293   Thumb Code     0  startup.o(RESET)
    UART2_Handler                            0x00000293   Thumb Code     0  startup.o(RESET)
    UART3_Handler                            0x00000293   Thumb Code     0  startup.o(RESET)
    UART4_Handler                            0x00000293   Thumb Code     0  startup.o(RESET)
    UART5_Handler                            0x00000293   Thumb Code     0  startup.o(RESET)
    UART6_Handler                            0x00000293   Thumb Code     0  startup.o(RESET)
    UART7_Handler                            0x00000293   Thumb Code     0  startup.o(RESET)
    USB0_Handler                             0x00000293   Thumb Code     0  startup.o(RESET)
    WDT_Handler                              0x00000293   Thumb Code     0  startup.o(RESET)
    WideTimer0A_Handler                      0x00000293   Thumb Code     0  startup.o(RESET)
    WideTimer0B_Handler                      0x00000293   Thumb Code     0  startup.o(RESET)
    WideTimer1A_Handler                      0x00000293   Thumb Code     0  startup.o(RESET)
    WideTimer1B_Handler                      0x00000293   Thumb Code     0  startup.o(RESET)
    WideTimer2A_Handler                      0x00000293   Thumb Code     0  startup.o(RESET)
    WideTimer2B_Handler                      0x00000293   Thumb Code     0  startup.o(RESET)
    WideTimer3A_Handler                      0x00000293   Thumb Code     0  startup.o(RESET)
    WideTimer3B_Handler                      0x00000293   Thumb Code     0  startup.o(RESET)
    WideTimer4A_Handler                      0x00000293   Thumb Code     0  startup.o(RESET)
    WideTimer4B_Handler                      0x00000293   Thumb Code     0  startup.o(RESET)
    WideTimer5A_Handler                      0x00000293   Thumb Code     0  startup.o(RESET)
    WideTimer5B_Handler                      0x00000293   Thumb Code     0  startup.o(RESET)
    __aeabi_assert                           0x00000293   Thumb Code     0  startup.o(RESET)
    uDMA_Error                               0x00000293   Thumb Code     0  startup.o(RESET)
    uDMA_Handler                             0x00000293   Thumb Code     0  startup.o(RESET)
    __main                                   0x00000295   Thumb Code     0  entry.o(.ARM.Collect$$$$00000000)
    _main_stk                                0x00000295   Thumb Code     0  entry2.o(.ARM.Collect$$$$00000001)
    _main_scatterload                        0x00000299   Thumb Code     0  entry5.o(.ARM.Collect$$$$00000004)
    __main_after_scatterload                 0x0000029d   Thumb Code     0  entry5.o(.ARM.Collect$$$$00000004)
    _main_clock                              0x0000029d   Thumb Code     0  entry7b.o(.ARM.Collect$$$$00000008)
    _main_cpp_init                           0x0000029d   Thumb Code     0  entry8b.o(.ARM.Collect$$$$0000000A)
    _main_init                               0x0000029d   Thumb Code     0  entry9a.o(.ARM.Collect$$$$0000000B)
    __rt_final_cpp                           0x000002a5   Thumb Code     0  entry10a.o(.ARM.Collect$$$$0000000D)
    __rt_final_exit                          0x000002a5   Thumb Code     0  entry11a.o(.ARM.Collect$$$$0000000F)
    DisableInterrupts                        0x000002a9   Thumb Code     0  startup.o(.text)
    EnableInterrupts                         0x000002ad   Thumb Code     0  startup.o(.text)
    StartCritical                            0x000002b1   Thumb Code     0  startup.o(.text)
    EndCritical                              0x000002b9   Thumb Code     0  startup.o(.text)
    WaitForInterrupt                         0x000002bf   Thumb Code     0  startup.o(.text)
    __scatterload                            0x000002c5   Thumb Code    28  init.o(.text)
    __scatterload_rt2                        0x000002c5   Thumb Code     0  init.o(.text)
    ADC1_InitPD3                             0x000002e9   Thumb Code   252  texas.o(.text.ADC1_InitPD3)
    ADC1_Init_PB5                            0x000003e5   Thumb Code   252  texas.o(.text.ADC1_Init_PB5)
    ADC1_Init_PD2                            0x000004e1   Thumb Code   252  texas.o(.text.ADC1_Init_PD2)
    ADC1_Init_PE2                            0x000005dd   Thumb Code   256  texas.o(.text.ADC1_Init_PE2)
    GPIOPortB_Handler                        0x000006dd   Thumb Code    22  motion.o(.text.GPIOPortB_Handler)
    LED_BlueToggle                           0x000006f5   Thumb Code    18  led.o(.text.LED_BlueToggle)
    LED_Init                                 0x00000709   Thumb Code   144  led.o(.text.LED_Init)
    LED_RedToggle                            0x00000799   Thumb Code    18  led.o(.text.LED_RedToggle)
    LogicAnalyzerA                           0x000007ad   Thumb Code    28  texas.o(.text.LogicAnalyzerA)
    LogicAnalyzerB                           0x000007c9   Thumb Code    26  texas.o(.text.LogicAnalyzerB)
    LogicAnalyzerC                           0x000007e5   Thumb Code    28  texas.o(.text.LogicAnalyzerC)
    LogicAnalyzerE                           0x00000801   Thumb Code    26  texas.o(.text.LogicAnalyzerE)
    LogicAnalyzerF                           0x0000081d   Thumb Code    26  texas.o(.text.LogicAnalyzerF)
    PLL_Init                                 0x00000839   Thumb Code   138  pll.o(.text.PLL_Init)
    Scope                                    0x000008c5   Thumb Code    24  texas.o(.text.Scope)
    SysTick_Handler                          0x000008dd   Thumb Code     8  motionmain.o(.text.SysTick_Handler)
    SysTick_Init                             0x000008e5   Thumb Code    80  systickints.o(.text.SysTick_Init)
    TExaS_Init                               0x00000935   Thumb Code   490  texas.o(.text.TExaS_Init)
    Timer0A_Handler                          0x00000b21   Thumb Code    26  timer0a.o(.text.Timer0A_Handler)
    Timer5A_Handler                          0x00000b3d   Thumb Code    28  texas.o(.text.Timer5A_Handler)
    Timer5A_Init                             0x00000b59   Thumb Code   264  texas.o(.text.Timer5A_Init)
    UART_Init                                0x00000c61   Thumb Code   196  texas.o(.text.UART_Init)
    main                                     0x00000d25   Thumb Code    76  motionmain.o(.text.main)
    motionPortBInit                          0x00000d71   Thumb Code   188  motion.o(.text.motionPortBInit)
    __scatterload_copy                       0x00000e2d   Thumb Code    14  handlers.o(i.__scatterload_copy)
    __scatterload_null                       0x00000e3b   Thumb Code     2  handlers.o(i.__scatterload_null)
    __scatterload_zeroinit                   0x00000e3d   Thumb Code    14  handlers.o(i.__scatterload_zeroinit)
    Region$$Table$$Base                      0x00000e4c   Number         0  anon$$obj.o(Region$$Table)
    Region$$Table$$Limit                     0x00000e5c   Number         0  anon$$obj.o(Region$$Table)
    PeriodicTask0                            0x20000000   Data           4  timer0a.o(.bss.PeriodicTask0)
    PeriodicTask5                            0x20000004   Data           4  texas.o(.bss.PeriodicTask5)
    __initial_sp                             0x20000408   Data           0  startup.o(STACK)



==============================================================================

Memory Map of the image

  Image Entry point : 0x00000295

  Load Region LR_IROM1 (Base: 0x00000000, Size: 0x00000e5c, Max: 0x00040000, ABSOLUTE)

    Execution Region ER_IROM1 (Exec base: 0x00000000, Load base: 0x00000000, Size: 0x00000e5c, Max: 0x00040000, ABSOLUTE)

    Exec Addr    Load Addr    Size         Type   Attr      Idx    E Section Name        Object

    0x00000000   0x00000000   0x00000294   Code   RO            3    RESET               startup.o
    0x00000294   0x00000294   0x00000000   Code   RO          285  * .ARM.Collect$$$$00000000  mc_w.l(entry.o)
    0x00000294   0x00000294   0x00000004   Code   RO          292    .ARM.Collect$$$$00000001  mc_w.l(entry2.o)
    0x00000298   0x00000298   0x00000004   Code   RO          295    .ARM.Collect$$$$00000004  mc_w.l(entry5.o)
    0x0000029c   0x0000029c   0x00000000   Code   RO          297    .ARM.Collect$$$$00000008  mc_w.l(entry7b.o)
    0x0000029c   0x0000029c   0x00000000   Code   RO          299    .ARM.Collect$$$$0000000A  mc_w.l(entry8b.o)
    0x0000029c   0x0000029c   0x00000008   Code   RO          300    .ARM.Collect$$$$0000000B  mc_w.l(entry9a.o)
    0x000002a4   0x000002a4   0x00000000   Code   RO          302    .ARM.Collect$$$$0000000D  mc_w.l(entry10a.o)
    0x000002a4   0x000002a4   0x00000000   Code   RO          304    .ARM.Collect$$$$0000000F  mc_w.l(entry11a.o)
    0x000002a4   0x000002a4   0x00000004   Code   RO          293    .ARM.Collect$$$$00002712  mc_w.l(entry2.o)
    0x000002a8   0x000002a8   0x0000001c   Code   RO            4    .text               startup.o
    0x000002c4   0x000002c4   0x00000024   Code   RO          306    .text               mc_w.l(init.o)
    0x000002e8   0x000002e8   0x000000fc   Code   RO          256    .text.ADC1_InitPD3  texas.o
    0x000003e4   0x000003e4   0x000000fc   Code   RO          262    .text.ADC1_Init_PB5  texas.o
    0x000004e0   0x000004e0   0x000000fc   Code   RO          258    .text.ADC1_Init_PD2  texas.o
    0x000005dc   0x000005dc   0x00000100   Code   RO          260    .text.ADC1_Init_PE2  texas.o
    0x000006dc   0x000006dc   0x00000016   Code   RO          229    .text.GPIOPortB_Handler  motion.o
    0x000006f2   0x000006f2   0x00000002   PAD
    0x000006f4   0x000006f4   0x00000012   Code   RO          212    .text.LED_BlueToggle  led.o
    0x00000706   0x00000706   0x00000002   PAD
    0x00000708   0x00000708   0x00000090   Code   RO          198    .text.LED_Init      led.o
    0x00000798   0x00000798   0x00000012   Code   RO          206    .text.LED_RedToggle  led.o
    0x000007aa   0x000007aa   0x00000002   PAD
    0x000007ac   0x000007ac   0x0000001c   Code   RO          264    .text.LogicAnalyzerA  texas.o
    0x000007c8   0x000007c8   0x0000001a   Code   RO          266    .text.LogicAnalyzerB  texas.o
    0x000007e2   0x000007e2   0x00000002   PAD
    0x000007e4   0x000007e4   0x0000001c   Code   RO          268    .text.LogicAnalyzerC  texas.o
    0x00000800   0x00000800   0x0000001a   Code   RO          270    .text.LogicAnalyzerE  texas.o
    0x0000081a   0x0000081a   0x00000002   PAD
    0x0000081c   0x0000081c   0x0000001a   Code   RO          272    .text.LogicAnalyzerF  texas.o
    0x00000836   0x00000836   0x00000002   PAD
    0x00000838   0x00000838   0x0000008a   Code   RO           27    .text.PLL_Init      pll.o
    0x000008c2   0x000008c2   0x00000002   PAD
    0x000008c4   0x000008c4   0x00000018   Code   RO          246    .text.Scope         texas.o
    0x000008dc   0x000008dc   0x00000008   Code   RO           37    .text.SysTick_Handler  motionmain.o
    0x000008e4   0x000008e4   0x00000050   Code   RO          238    .text.SysTick_Init  systickints.o
    0x00000934   0x00000934   0x000001ea   Code   RO          274    .text.TExaS_Init    texas.o
    0x00000b1e   0x00000b1e   0x00000002   PAD
    0x00000b20   0x00000b20   0x0000001a   Code   RO           15    .text.Timer0A_Handler  timer0a.o
    0x00000b3a   0x00000b3a   0x00000002   PAD
    0x00000b3c   0x00000b3c   0x0000001c   Code   RO          250    .text.Timer5A_Handler  texas.o
    0x00000b58   0x00000b58   0x00000108   Code   RO          248    .text.Timer5A_Init  texas.o
    0x00000c60   0x00000c60   0x000000c4   Code   RO          254    .text.UART_Init     texas.o
    0x00000d24   0x00000d24   0x0000004c   Code   RO           35    .text.main          motionmain.o
    0x00000d70   0x00000d70   0x000000bc   Code   RO          227    .text.motionPortBInit  motion.o
    0x00000e2c   0x00000e2c   0x0000000e   Code   RO          310    i.__scatterload_copy  mc_w.l(handlers.o)
    0x00000e3a   0x00000e3a   0x00000002   Code   RO          311    i.__scatterload_null  mc_w.l(handlers.o)
    0x00000e3c   0x00000e3c   0x0000000e   Code   RO          312    i.__scatterload_zeroinit  mc_w.l(handlers.o)
    0x00000e4a   0x00000e4a   0x00000002   PAD
    0x00000e4c   0x00000e4c   0x00000010   Data   RO          309    Region$$Table       anon$$obj.o


    Execution Region RW_IRAM1 (Exec base: 0x20000000, Load base: 0x00000e5c, Size: 0x00000408, Max: 0x00008000, ABSOLUTE)

    Exec Addr    Load Addr    Size         Type   Attr      Idx    E Section Name        Object

    0x20000000        -       0x00000004   Zero   RW           19    .bss.PeriodicTask0  timer0a.o
    0x20000004        -       0x00000004   Zero   RW          278    .bss.PeriodicTask5  texas.o
    0x20000008        -       0x00000400   Zero   RW            1    STACK               startup.o


==============================================================================

Image component sizes


      Code (inc. data)   RO Data    RW Data    ZI Data      Debug   Object Name

       180          0          0          0          0       1364   led.o
       210          0          0          0          0        681   motion.o
        84          0          0          0          0        948   motionmain.o
       138          0          0          0          0        601   pll.o
       688        622          0          0       1024       1052   startup.o
        80          0          0          0          0        665   systickints.o
      2148          0          0          0          4       3312   texas.o
        26          0          0          0          4        927   timer0a.o

    ----------------------------------------------------------------------
      3572        622         16          0       1032       9550   Object Totals
         0          0         16          0          0          0   (incl. Generated)
        18          0          0          0          0          0   (incl. Padding)

    ----------------------------------------------------------------------

      Code (inc. data)   RO Data    RW Data    ZI Data      Debug   Library Member Name

         0          0          0          0          0          0   entry.o
         0          0          0          0          0          0   entry10a.o
         0          0          0          0          0          0   entry11a.o
         8          4          0          0          0          0   entry2.o
         4          0          0          0          0          0   entry5.o
         0          0          0          0          0          0   entry7b.o
         0          0          0          0          0          0   entry8b.o
         8          4          0          0          0          0   entry9a.o
        30          0          0          0          0          0   handlers.o
        36          8          0          0          0         68   init.o

    ----------------------------------------------------------------------
        88         16          0          0          0         68   Library Totals
         2          0          0          0          0          0   (incl. Padding)

    ----------------------------------------------------------------------

      Code (inc. data)   RO Data    RW Data    ZI Data      Debug   Library Name

        86         16          0          0          0         68   mc_w.l

    ----------------------------------------------------------------------
        88         16          0          0          0         68   Library Totals

    ----------------------------------------------------------------------

==============================================================================


      Code (inc. data)   RO Data    RW Data    ZI Data      Debug   

      3660        638         16          0       1032       9702   Grand Totals
      3660        638         16          0       1032       9702   ELF Image Totals
      3660        638         16          0          0          0   ROM Totals

==============================================================================

    Total RO  Size (Code + RO Data)                 3676 (   3.59kB)
    Total RW  Size (RW Data + ZI Data)              1032 (   1.01kB)
    Total ROM Size (Code + RO Data + RW Data)       3676 (   3.59kB)

==============================================================================

