<!doctype html public "-//w3c//dtd html 4.0 transitional//en">
<html><head>
<title>Static Call Graph - [.\Objects\Lab3_4.axf]</title></head>
<body><HR>
<H1>Static Call Graph for image .\Objects\Lab3_4.axf</H1><HR>
<BR><P>#&#060CALLGRAPH&#062# ARM Linker, 6130100: Last Updated: Thu Feb 24 18:42:05 2022
<BR><P>
<H3>Maximum Stack Usage =        412 bytes + Unknown(Functions without stacksize, Cycles, Untraceable Function Pointers)</H3><H3>
Call chain for Maximum Stack Depth:</H3>
main &rArr; changeTime &rArr; printTime &rArr; clearScreen &rArr; ST7735_FillScreen &rArr; ST7735_FillRect &rArr; setAddrWindow &rArr; writedata
<P>
<H3>
Functions with no stack information
</H3><UL>
 <LI><a href="#[0]">Reset_Handler</a>
 <LI><a href="#[e6]">DisableInterrupts</a>
 <LI><a href="#[9d]">EnableInterrupts</a>
 <LI><a href="#[ac]">StartCritical</a>
 <LI><a href="#[ad]">EndCritical</a>
 <LI><a href="#[f7]">WaitForInterrupt</a>
 <LI><a href="#[1]">NMI_Handler</a>
</UL>
</UL>
<P>
<H3>
Mutually Recursive functions
</H3> <LI><a href="#[2]">HardFault_Handler</a>&nbsp;&nbsp;&nbsp;&rArr;&nbsp;&nbsp;&nbsp;<a href="#[2]">HardFault_Handler</a><BR>
 <LI><a href="#[3]">MemManage_Handler</a>&nbsp;&nbsp;&nbsp;&rArr;&nbsp;&nbsp;&nbsp;<a href="#[3]">MemManage_Handler</a><BR>
 <LI><a href="#[4]">BusFault_Handler</a>&nbsp;&nbsp;&nbsp;&rArr;&nbsp;&nbsp;&nbsp;<a href="#[4]">BusFault_Handler</a><BR>
 <LI><a href="#[5]">UsageFault_Handler</a>&nbsp;&nbsp;&nbsp;&rArr;&nbsp;&nbsp;&nbsp;<a href="#[5]">UsageFault_Handler</a><BR>
 <LI><a href="#[6]">SVC_Handler</a>&nbsp;&nbsp;&nbsp;&rArr;&nbsp;&nbsp;&nbsp;<a href="#[6]">SVC_Handler</a><BR>
 <LI><a href="#[7]">DebugMon_Handler</a>&nbsp;&nbsp;&nbsp;&rArr;&nbsp;&nbsp;&nbsp;<a href="#[7]">DebugMon_Handler</a><BR>
 <LI><a href="#[8]">PendSV_Handler</a>&nbsp;&nbsp;&nbsp;&rArr;&nbsp;&nbsp;&nbsp;<a href="#[8]">PendSV_Handler</a><BR>
 <LI><a href="#[9]">SysTick_Handler</a>&nbsp;&nbsp;&nbsp;&rArr;&nbsp;&nbsp;&nbsp;<a href="#[9]">SysTick_Handler</a><BR>
 <LI><a href="#[18]">ADC0Seq0_Handler</a>&nbsp;&nbsp;&nbsp;&rArr;&nbsp;&nbsp;&nbsp;<a href="#[18]">ADC0Seq0_Handler</a><BR>
 <LI><a href="#[a2]">ESP8266_OutUDec</a>&nbsp;&nbsp;&nbsp;&rArr;&nbsp;&nbsp;&nbsp;<a href="#[a2]">ESP8266_OutUDec</a><BR>
 <LI><a href="#[1]">NMI_Handler</a>&nbsp;&nbsp;&nbsp;&rArr;&nbsp;&nbsp;&nbsp;<a href="#[1]">NMI_Handler</a><BR>
</UL>
<P>
<H3>
Function Pointers
</H3><UL>
 <LI><a href="#[18]">ADC0Seq0_Handler</a> from startup.o(RESET) referenced from startup.o(RESET)
 <LI><a href="#[19]">ADC0Seq1_Handler</a> from startup.o(RESET) referenced from startup.o(RESET)
 <LI><a href="#[1a]">ADC0Seq2_Handler</a> from startup.o(RESET) referenced from startup.o(RESET)
 <LI><a href="#[1b]">ADC0Seq3_Handler</a> from startup.o(RESET) referenced from startup.o(RESET)
 <LI><a href="#[38]">ADC1Seq0_Handler</a> from startup.o(RESET) referenced from startup.o(RESET)
 <LI><a href="#[39]">ADC1Seq1_Handler</a> from startup.o(RESET) referenced from startup.o(RESET)
 <LI><a href="#[3a]">ADC1Seq2_Handler</a> from startup.o(RESET) referenced from startup.o(RESET)
 <LI><a href="#[3b]">ADC1Seq3_Handler</a> from startup.o(RESET) referenced from startup.o(RESET)
 <LI><a href="#[7a]">Blynk_to_TM4C</a> from blynk.o(.text.Blynk_to_TM4C) referenced 2 times from blynk.o(.text.main)
 <LI><a href="#[4]">BusFault_Handler</a> from startup.o(RESET) referenced from startup.o(RESET)
 <LI><a href="#[31]">CAN0_Handler</a> from startup.o(RESET) referenced from startup.o(RESET)
 <LI><a href="#[32]">CAN1_Handler</a> from startup.o(RESET) referenced from startup.o(RESET)
 <LI><a href="#[23]">Comp0_Handler</a> from startup.o(RESET) referenced from startup.o(RESET)
 <LI><a href="#[24]">Comp1_Handler</a> from startup.o(RESET) referenced from startup.o(RESET)
 <LI><a href="#[25]">Comp2_Handler</a> from startup.o(RESET) referenced from startup.o(RESET)
 <LI><a href="#[7]">DebugMon_Handler</a> from startup.o(RESET) referenced from startup.o(RESET)
 <LI><a href="#[58]">FPU_Handler</a> from startup.o(RESET) referenced from startup.o(RESET)
 <LI><a href="#[27]">FlashCtl_Handler</a> from startup.o(RESET) referenced from startup.o(RESET)
 <LI><a href="#[a]">GPIOPortA_Handler</a> from startup.o(RESET) referenced from startup.o(RESET)
 <LI><a href="#[b]">GPIOPortB_Handler</a> from startup.o(RESET) referenced from startup.o(RESET)
 <LI><a href="#[c]">GPIOPortC_Handler</a> from startup.o(RESET) referenced from startup.o(RESET)
 <LI><a href="#[d]">GPIOPortD_Handler</a> from startup.o(RESET) referenced from startup.o(RESET)
 <LI><a href="#[e]">GPIOPortE_Handler</a> from startup.o(RESET) referenced from startup.o(RESET)
 <LI><a href="#[28]">GPIOPortF_Handler</a> from switches.o(.text.GPIOPortF_Handler) referenced from startup.o(RESET)
 <LI><a href="#[29]">GPIOPortG_Handler</a> from startup.o(RESET) referenced from startup.o(RESET)
 <LI><a href="#[2a]">GPIOPortH_Handler</a> from startup.o(RESET) referenced from startup.o(RESET)
 <LI><a href="#[3c]">GPIOPortJ_Handler</a> from startup.o(RESET) referenced from startup.o(RESET)
 <LI><a href="#[3d]">GPIOPortK_Handler</a> from startup.o(RESET) referenced from startup.o(RESET)
 <LI><a href="#[3e]">GPIOPortL_Handler</a> from startup.o(RESET) referenced from startup.o(RESET)
 <LI><a href="#[5b]">GPIOPortM_Handler</a> from startup.o(RESET) referenced from startup.o(RESET)
 <LI><a href="#[5c]">GPIOPortN_Handler</a> from startup.o(RESET) referenced from startup.o(RESET)
 <LI><a href="#[5f]">GPIOPortP1_Handler</a> from startup.o(RESET) referenced from startup.o(RESET)
 <LI><a href="#[60]">GPIOPortP2_Handler</a> from startup.o(RESET) referenced from startup.o(RESET)
 <LI><a href="#[61]">GPIOPortP3_Handler</a> from startup.o(RESET) referenced from startup.o(RESET)
 <LI><a href="#[62]">GPIOPortP4_Handler</a> from startup.o(RESET) referenced from startup.o(RESET)
 <LI><a href="#[63]">GPIOPortP5_Handler</a> from startup.o(RESET) referenced from startup.o(RESET)
 <LI><a href="#[64]">GPIOPortP6_Handler</a> from startup.o(RESET) referenced from startup.o(RESET)
 <LI><a href="#[65]">GPIOPortP7_Handler</a> from startup.o(RESET) referenced from startup.o(RESET)
 <LI><a href="#[5e]">GPIOPortP_Handler</a> from startup.o(RESET) referenced from startup.o(RESET)
 <LI><a href="#[67]">GPIOPortQ1_Handler</a> from startup.o(RESET) referenced from startup.o(RESET)
 <LI><a href="#[68]">GPIOPortQ2_Handler</a> from startup.o(RESET) referenced from startup.o(RESET)
 <LI><a href="#[69]">GPIOPortQ3_Handler</a> from startup.o(RESET) referenced from startup.o(RESET)
 <LI><a href="#[6a]">GPIOPortQ4_Handler</a> from startup.o(RESET) referenced from startup.o(RESET)
 <LI><a href="#[6b]">GPIOPortQ5_Handler</a> from startup.o(RESET) referenced from startup.o(RESET)
 <LI><a href="#[6c]">GPIOPortQ6_Handler</a> from startup.o(RESET) referenced from startup.o(RESET)
 <LI><a href="#[6d]">GPIOPortQ7_Handler</a> from startup.o(RESET) referenced from startup.o(RESET)
 <LI><a href="#[66]">GPIOPortQ_Handler</a> from startup.o(RESET) referenced from startup.o(RESET)
 <LI><a href="#[6e]">GPIOPortR_Handler</a> from startup.o(RESET) referenced from startup.o(RESET)
 <LI><a href="#[6f]">GPIOPortS_Handler</a> from startup.o(RESET) referenced from startup.o(RESET)
 <LI><a href="#[2]">HardFault_Handler</a> from startup.o(RESET) referenced from startup.o(RESET)
 <LI><a href="#[33]">Hibernate_Handler</a> from startup.o(RESET) referenced from startup.o(RESET)
 <LI><a href="#[12]">I2C0_Handler</a> from startup.o(RESET) referenced from startup.o(RESET)
 <LI><a href="#[2f]">I2C1_Handler</a> from startup.o(RESET) referenced from startup.o(RESET)
 <LI><a href="#[46]">I2C2_Handler</a> from startup.o(RESET) referenced from startup.o(RESET)
 <LI><a href="#[47]">I2C3_Handler</a> from startup.o(RESET) referenced from startup.o(RESET)
 <LI><a href="#[59]">I2C4_Handler</a> from startup.o(RESET) referenced from startup.o(RESET)
 <LI><a href="#[5a]">I2C5_Handler</a> from startup.o(RESET) referenced from startup.o(RESET)
 <LI><a href="#[3]">MemManage_Handler</a> from startup.o(RESET) referenced from startup.o(RESET)
 <LI><a href="#[1]">NMI_Handler</a> from startup.o(RESET) referenced from startup.o(RESET)
 <LI><a href="#[13]">PWM0Fault_Handler</a> from startup.o(RESET) referenced from startup.o(RESET)
 <LI><a href="#[14]">PWM0Generator0_Handler</a> from startup.o(RESET) referenced from startup.o(RESET)
 <LI><a href="#[15]">PWM0Generator1_Handler</a> from startup.o(RESET) referenced from startup.o(RESET)
 <LI><a href="#[16]">PWM0Generator2_Handler</a> from startup.o(RESET) referenced from startup.o(RESET)
 <LI><a href="#[35]">PWM0Generator3_Handler</a> from startup.o(RESET) referenced from startup.o(RESET)
 <LI><a href="#[74]">PWM1Fault_Handler</a> from startup.o(RESET) referenced from startup.o(RESET)
 <LI><a href="#[70]">PWM1Generator0_Handler</a> from startup.o(RESET) referenced from startup.o(RESET)
 <LI><a href="#[71]">PWM1Generator1_Handler</a> from startup.o(RESET) referenced from startup.o(RESET)
 <LI><a href="#[72]">PWM1Generator2_Handler</a> from startup.o(RESET) referenced from startup.o(RESET)
 <LI><a href="#[73]">PWM1Generator3_Handler</a> from startup.o(RESET) referenced from startup.o(RESET)
 <LI><a href="#[8]">PendSV_Handler</a> from startup.o(RESET) referenced from startup.o(RESET)
 <LI><a href="#[17]">Quadrature0_Handler</a> from startup.o(RESET) referenced from startup.o(RESET)
 <LI><a href="#[30]">Quadrature1_Handler</a> from startup.o(RESET) referenced from startup.o(RESET)
 <LI><a href="#[5d]">Quadrature2_Handler</a> from startup.o(RESET) referenced from startup.o(RESET)
 <LI><a href="#[0]">Reset_Handler</a> from startup.o(RESET) referenced from startup.o(RESET)
 <LI><a href="#[11]">SSI0_Handler</a> from startup.o(RESET) referenced from startup.o(RESET)
 <LI><a href="#[2c]">SSI1_Handler</a> from startup.o(RESET) referenced from startup.o(RESET)
 <LI><a href="#[3f]">SSI2_Handler</a> from startup.o(RESET) referenced from startup.o(RESET)
 <LI><a href="#[40]">SSI3_Handler</a> from startup.o(RESET) referenced from startup.o(RESET)
 <LI><a href="#[6]">SVC_Handler</a> from startup.o(RESET) referenced from startup.o(RESET)
 <LI><a href="#[7b]">SendInformation</a> from blynk.o(.text.SendInformation) referenced 2 times from blynk.o(.text.main)
 <LI><a href="#[76]">SoundTask</a> from sound.o(.text.SoundTask) referenced 2 times from sound.o(.text.Sound_Init)
 <LI><a href="#[78]">Switch1</a> from blynk.o(.text.Switch1) referenced 2 times from blynk.o(.text.main)
 <LI><a href="#[79]">Switch2</a> from blynk.o(.text.Switch2) referenced 2 times from blynk.o(.text.main)
 <LI><a href="#[26]">SysCtl_Handler</a> from startup.o(RESET) referenced from startup.o(RESET)
 <LI><a href="#[9]">SysTick_Handler</a> from startup.o(RESET) referenced from startup.o(RESET)
 <LI><a href="#[1d]">Timer0A_Handler</a> from timer0a.o(.text.Timer0A_Handler) referenced from startup.o(RESET)
 <LI><a href="#[1e]">Timer0B_Handler</a> from startup.o(RESET) referenced from startup.o(RESET)
 <LI><a href="#[1f]">Timer1A_Handler</a> from timer1a.o(.text.Timer1A_Handler) referenced from startup.o(RESET)
 <LI><a href="#[20]">Timer1B_Handler</a> from startup.o(RESET) referenced from startup.o(RESET)
 <LI><a href="#[21]">Timer2A_Handler</a> from switches.o(.text.Timer2A_Handler) referenced from startup.o(RESET)
 <LI><a href="#[22]">Timer2B_Handler</a> from startup.o(RESET) referenced from startup.o(RESET)
 <LI><a href="#[2d]">Timer3A_Handler</a> from switches.o(.text.Timer3A_Handler) referenced from startup.o(RESET)
 <LI><a href="#[2e]">Timer3B_Handler</a> from startup.o(RESET) referenced from startup.o(RESET)
 <LI><a href="#[48]">Timer4A_Handler</a> from timer4a.o(.text.Timer4A_Handler) referenced from startup.o(RESET)
 <LI><a href="#[49]">Timer4B_Handler</a> from startup.o(RESET) referenced from startup.o(RESET)
 <LI><a href="#[4a]">Timer5A_Handler</a> from timer5a.o(.text.Timer5A_Handler) referenced from startup.o(RESET)
 <LI><a href="#[4b]">Timer5B_Handler</a> from startup.o(RESET) referenced from startup.o(RESET)
 <LI><a href="#[f]">UART0_Handler</a> from uart.o(.text.UART0_Handler) referenced from startup.o(RESET)
 <LI><a href="#[10]">UART1_Handler</a> from startup.o(RESET) referenced from startup.o(RESET)
 <LI><a href="#[2b]">UART2_Handler</a> from startup.o(RESET) referenced from startup.o(RESET)
 <LI><a href="#[41]">UART3_Handler</a> from startup.o(RESET) referenced from startup.o(RESET)
 <LI><a href="#[42]">UART4_Handler</a> from startup.o(RESET) referenced from startup.o(RESET)
 <LI><a href="#[43]">UART5_Handler</a> from esp8266.o(.text.UART5_Handler) referenced from startup.o(RESET)
 <LI><a href="#[44]">UART6_Handler</a> from startup.o(RESET) referenced from startup.o(RESET)
 <LI><a href="#[45]">UART7_Handler</a> from startup.o(RESET) referenced from startup.o(RESET)
 <LI><a href="#[34]">USB0_Handler</a> from startup.o(RESET) referenced from startup.o(RESET)
 <LI><a href="#[5]">UsageFault_Handler</a> from startup.o(RESET) referenced from startup.o(RESET)
 <LI><a href="#[1c]">WDT_Handler</a> from startup.o(RESET) referenced from startup.o(RESET)
 <LI><a href="#[4c]">WideTimer0A_Handler</a> from startup.o(RESET) referenced from startup.o(RESET)
 <LI><a href="#[4d]">WideTimer0B_Handler</a> from startup.o(RESET) referenced from startup.o(RESET)
 <LI><a href="#[4e]">WideTimer1A_Handler</a> from startup.o(RESET) referenced from startup.o(RESET)
 <LI><a href="#[4f]">WideTimer1B_Handler</a> from startup.o(RESET) referenced from startup.o(RESET)
 <LI><a href="#[50]">WideTimer2A_Handler</a> from startup.o(RESET) referenced from startup.o(RESET)
 <LI><a href="#[51]">WideTimer2B_Handler</a> from startup.o(RESET) referenced from startup.o(RESET)
 <LI><a href="#[52]">WideTimer3A_Handler</a> from startup.o(RESET) referenced from startup.o(RESET)
 <LI><a href="#[53]">WideTimer3B_Handler</a> from startup.o(RESET) referenced from startup.o(RESET)
 <LI><a href="#[54]">WideTimer4A_Handler</a> from startup.o(RESET) referenced from startup.o(RESET)
 <LI><a href="#[55]">WideTimer4B_Handler</a> from startup.o(RESET) referenced from startup.o(RESET)
 <LI><a href="#[56]">WideTimer5A_Handler</a> from startup.o(RESET) referenced from startup.o(RESET)
 <LI><a href="#[57]">WideTimer5B_Handler</a> from startup.o(RESET) referenced from startup.o(RESET)
 <LI><a href="#[77]">incrementTime</a> from time.o(.text.incrementTime) referenced 2 times from time.o(.text.TimerInit)
 <LI><a href="#[77]">incrementTime</a> from time.o(.text.incrementTime) referenced 2 times from time.o(.text.resetTimer)
 <LI><a href="#[75]">main</a> from blynk.o(.text.main) referenced from entry9a.o(.ARM.Collect$$$$0000000B)
 <LI><a href="#[37]">uDMA_Error</a> from startup.o(RESET) referenced from startup.o(RESET)
 <LI><a href="#[36]">uDMA_Handler</a> from startup.o(RESET) referenced from startup.o(RESET)
</UL>
<P>
<H3>
Global Symbols
</H3>
<P><STRONG><a name="[0]"></a>Reset_Handler</STRONG> (Thumb, 0 bytes, Stack size unknown bytes, startup.o(RESET))
<BR><BR>[Calls]<UL><LI><a href="#[7c]">&gt;&gt;</a>&nbsp;&nbsp;&nbsp;__main
</UL>
<BR>[Address Reference Count : 1]<UL><LI> startup.o(RESET)
</UL>
<P><STRONG><a name="[2]"></a>HardFault_Handler</STRONG> (Thumb, 2 bytes, Stack size 0 bytes, startup.o(RESET))
<BR><BR>[Calls]<UL><LI><a href="#[2]">&gt;&gt;</a>&nbsp;&nbsp;&nbsp;HardFault_Handler
</UL>
<BR>[Called By]<UL><LI><a href="#[2]">&gt;&gt;</a>&nbsp;&nbsp;&nbsp;HardFault_Handler
</UL>
<BR>[Address Reference Count : 1]<UL><LI> startup.o(RESET)
</UL>
<P><STRONG><a name="[3]"></a>MemManage_Handler</STRONG> (Thumb, 2 bytes, Stack size 0 bytes, startup.o(RESET))
<BR><BR>[Calls]<UL><LI><a href="#[3]">&gt;&gt;</a>&nbsp;&nbsp;&nbsp;MemManage_Handler
</UL>
<BR>[Called By]<UL><LI><a href="#[3]">&gt;&gt;</a>&nbsp;&nbsp;&nbsp;MemManage_Handler
</UL>
<BR>[Address Reference Count : 1]<UL><LI> startup.o(RESET)
</UL>
<P><STRONG><a name="[4]"></a>BusFault_Handler</STRONG> (Thumb, 2 bytes, Stack size 0 bytes, startup.o(RESET))
<BR><BR>[Calls]<UL><LI><a href="#[4]">&gt;&gt;</a>&nbsp;&nbsp;&nbsp;BusFault_Handler
</UL>
<BR>[Called By]<UL><LI><a href="#[4]">&gt;&gt;</a>&nbsp;&nbsp;&nbsp;BusFault_Handler
</UL>
<BR>[Address Reference Count : 1]<UL><LI> startup.o(RESET)
</UL>
<P><STRONG><a name="[5]"></a>UsageFault_Handler</STRONG> (Thumb, 2 bytes, Stack size 0 bytes, startup.o(RESET))
<BR><BR>[Calls]<UL><LI><a href="#[5]">&gt;&gt;</a>&nbsp;&nbsp;&nbsp;UsageFault_Handler
</UL>
<BR>[Called By]<UL><LI><a href="#[5]">&gt;&gt;</a>&nbsp;&nbsp;&nbsp;UsageFault_Handler
</UL>
<BR>[Address Reference Count : 1]<UL><LI> startup.o(RESET)
</UL>
<P><STRONG><a name="[6]"></a>SVC_Handler</STRONG> (Thumb, 2 bytes, Stack size 0 bytes, startup.o(RESET))
<BR><BR>[Calls]<UL><LI><a href="#[6]">&gt;&gt;</a>&nbsp;&nbsp;&nbsp;SVC_Handler
</UL>
<BR>[Called By]<UL><LI><a href="#[6]">&gt;&gt;</a>&nbsp;&nbsp;&nbsp;SVC_Handler
</UL>
<BR>[Address Reference Count : 1]<UL><LI> startup.o(RESET)
</UL>
<P><STRONG><a name="[7]"></a>DebugMon_Handler</STRONG> (Thumb, 2 bytes, Stack size 0 bytes, startup.o(RESET))
<BR><BR>[Calls]<UL><LI><a href="#[7]">&gt;&gt;</a>&nbsp;&nbsp;&nbsp;DebugMon_Handler
</UL>
<BR>[Called By]<UL><LI><a href="#[7]">&gt;&gt;</a>&nbsp;&nbsp;&nbsp;DebugMon_Handler
</UL>
<BR>[Address Reference Count : 1]<UL><LI> startup.o(RESET)
</UL>
<P><STRONG><a name="[8]"></a>PendSV_Handler</STRONG> (Thumb, 2 bytes, Stack size 0 bytes, startup.o(RESET))
<BR><BR>[Calls]<UL><LI><a href="#[8]">&gt;&gt;</a>&nbsp;&nbsp;&nbsp;PendSV_Handler
</UL>
<BR>[Called By]<UL><LI><a href="#[8]">&gt;&gt;</a>&nbsp;&nbsp;&nbsp;PendSV_Handler
</UL>
<BR>[Address Reference Count : 1]<UL><LI> startup.o(RESET)
</UL>
<P><STRONG><a name="[9]"></a>SysTick_Handler</STRONG> (Thumb, 2 bytes, Stack size 0 bytes, startup.o(RESET))
<BR><BR>[Calls]<UL><LI><a href="#[9]">&gt;&gt;</a>&nbsp;&nbsp;&nbsp;SysTick_Handler
</UL>
<BR>[Called By]<UL><LI><a href="#[9]">&gt;&gt;</a>&nbsp;&nbsp;&nbsp;SysTick_Handler
</UL>
<BR>[Address Reference Count : 1]<UL><LI> startup.o(RESET)
</UL>
<P><STRONG><a name="[18]"></a>ADC0Seq0_Handler</STRONG> (Thumb, 0 bytes, Stack size 0 bytes, startup.o(RESET))
<BR><BR>[Calls]<UL><LI><a href="#[18]">&gt;&gt;</a>&nbsp;&nbsp;&nbsp;ADC0Seq0_Handler
</UL>
<BR>[Called By]<UL><LI><a href="#[18]">&gt;&gt;</a>&nbsp;&nbsp;&nbsp;ADC0Seq0_Handler
</UL>
<BR>[Address Reference Count : 1]<UL><LI> startup.o(RESET)
</UL>
<P><STRONG><a name="[19]"></a>ADC0Seq1_Handler</STRONG> (Thumb, 0 bytes, Stack size 0 bytes, startup.o(RESET))
<BR>[Address Reference Count : 1]<UL><LI> startup.o(RESET)
</UL>
<P><STRONG><a name="[1a]"></a>ADC0Seq2_Handler</STRONG> (Thumb, 0 bytes, Stack size 0 bytes, startup.o(RESET))
<BR>[Address Reference Count : 1]<UL><LI> startup.o(RESET)
</UL>
<P><STRONG><a name="[1b]"></a>ADC0Seq3_Handler</STRONG> (Thumb, 0 bytes, Stack size 0 bytes, startup.o(RESET))
<BR>[Address Reference Count : 1]<UL><LI> startup.o(RESET)
</UL>
<P><STRONG><a name="[38]"></a>ADC1Seq0_Handler</STRONG> (Thumb, 0 bytes, Stack size 0 bytes, startup.o(RESET))
<BR>[Address Reference Count : 1]<UL><LI> startup.o(RESET)
</UL>
<P><STRONG><a name="[39]"></a>ADC1Seq1_Handler</STRONG> (Thumb, 0 bytes, Stack size 0 bytes, startup.o(RESET))
<BR>[Address Reference Count : 1]<UL><LI> startup.o(RESET)
</UL>
<P><STRONG><a name="[3a]"></a>ADC1Seq2_Handler</STRONG> (Thumb, 0 bytes, Stack size 0 bytes, startup.o(RESET))
<BR>[Address Reference Count : 1]<UL><LI> startup.o(RESET)
</UL>
<P><STRONG><a name="[3b]"></a>ADC1Seq3_Handler</STRONG> (Thumb, 0 bytes, Stack size 0 bytes, startup.o(RESET))
<BR>[Address Reference Count : 1]<UL><LI> startup.o(RESET)
</UL>
<P><STRONG><a name="[31]"></a>CAN0_Handler</STRONG> (Thumb, 0 bytes, Stack size 0 bytes, startup.o(RESET))
<BR>[Address Reference Count : 1]<UL><LI> startup.o(RESET)
</UL>
<P><STRONG><a name="[32]"></a>CAN1_Handler</STRONG> (Thumb, 0 bytes, Stack size 0 bytes, startup.o(RESET))
<BR>[Address Reference Count : 1]<UL><LI> startup.o(RESET)
</UL>
<P><STRONG><a name="[7d]"></a>CAN2_Handler</STRONG> (Thumb, 0 bytes, Stack size 0 bytes, startup.o(RESET), UNUSED, KEPT)

<P><STRONG><a name="[23]"></a>Comp0_Handler</STRONG> (Thumb, 0 bytes, Stack size 0 bytes, startup.o(RESET))
<BR>[Address Reference Count : 1]<UL><LI> startup.o(RESET)
</UL>
<P><STRONG><a name="[24]"></a>Comp1_Handler</STRONG> (Thumb, 0 bytes, Stack size 0 bytes, startup.o(RESET))
<BR>[Address Reference Count : 1]<UL><LI> startup.o(RESET)
</UL>
<P><STRONG><a name="[25]"></a>Comp2_Handler</STRONG> (Thumb, 0 bytes, Stack size 0 bytes, startup.o(RESET))
<BR>[Address Reference Count : 1]<UL><LI> startup.o(RESET)
</UL>
<P><STRONG><a name="[7e]"></a>Ethernet_Handler</STRONG> (Thumb, 0 bytes, Stack size 0 bytes, startup.o(RESET), UNUSED, KEPT)

<P><STRONG><a name="[7f]"></a>ExtBus_Handler</STRONG> (Thumb, 0 bytes, Stack size 0 bytes, startup.o(RESET), UNUSED, KEPT)

<P><STRONG><a name="[58]"></a>FPU_Handler</STRONG> (Thumb, 0 bytes, Stack size 0 bytes, startup.o(RESET))
<BR>[Address Reference Count : 1]<UL><LI> startup.o(RESET)
</UL>
<P><STRONG><a name="[80]"></a>Fan0_Handler</STRONG> (Thumb, 0 bytes, Stack size 0 bytes, startup.o(RESET), UNUSED, KEPT)

<P><STRONG><a name="[27]"></a>FlashCtl_Handler</STRONG> (Thumb, 0 bytes, Stack size 0 bytes, startup.o(RESET))
<BR>[Address Reference Count : 1]<UL><LI> startup.o(RESET)
</UL>
<P><STRONG><a name="[a]"></a>GPIOPortA_Handler</STRONG> (Thumb, 0 bytes, Stack size 0 bytes, startup.o(RESET))
<BR>[Address Reference Count : 1]<UL><LI> startup.o(RESET)
</UL>
<P><STRONG><a name="[b]"></a>GPIOPortB_Handler</STRONG> (Thumb, 0 bytes, Stack size 0 bytes, startup.o(RESET))
<BR>[Address Reference Count : 1]<UL><LI> startup.o(RESET)
</UL>
<P><STRONG><a name="[c]"></a>GPIOPortC_Handler</STRONG> (Thumb, 0 bytes, Stack size 0 bytes, startup.o(RESET))
<BR>[Address Reference Count : 1]<UL><LI> startup.o(RESET)
</UL>
<P><STRONG><a name="[d]"></a>GPIOPortD_Handler</STRONG> (Thumb, 0 bytes, Stack size 0 bytes, startup.o(RESET))
<BR>[Address Reference Count : 1]<UL><LI> startup.o(RESET)
</UL>
<P><STRONG><a name="[e]"></a>GPIOPortE_Handler</STRONG> (Thumb, 0 bytes, Stack size 0 bytes, startup.o(RESET))
<BR>[Address Reference Count : 1]<UL><LI> startup.o(RESET)
</UL>
<P><STRONG><a name="[29]"></a>GPIOPortG_Handler</STRONG> (Thumb, 0 bytes, Stack size 0 bytes, startup.o(RESET))
<BR>[Address Reference Count : 1]<UL><LI> startup.o(RESET)
</UL>
<P><STRONG><a name="[2a]"></a>GPIOPortH_Handler</STRONG> (Thumb, 0 bytes, Stack size 0 bytes, startup.o(RESET))
<BR>[Address Reference Count : 1]<UL><LI> startup.o(RESET)
</UL>
<P><STRONG><a name="[3c]"></a>GPIOPortJ_Handler</STRONG> (Thumb, 0 bytes, Stack size 0 bytes, startup.o(RESET))
<BR>[Address Reference Count : 1]<UL><LI> startup.o(RESET)
</UL>
<P><STRONG><a name="[3d]"></a>GPIOPortK_Handler</STRONG> (Thumb, 0 bytes, Stack size 0 bytes, startup.o(RESET))
<BR>[Address Reference Count : 1]<UL><LI> startup.o(RESET)
</UL>
<P><STRONG><a name="[3e]"></a>GPIOPortL_Handler</STRONG> (Thumb, 0 bytes, Stack size 0 bytes, startup.o(RESET))
<BR>[Address Reference Count : 1]<UL><LI> startup.o(RESET)
</UL>
<P><STRONG><a name="[5b]"></a>GPIOPortM_Handler</STRONG> (Thumb, 0 bytes, Stack size 0 bytes, startup.o(RESET))
<BR>[Address Reference Count : 1]<UL><LI> startup.o(RESET)
</UL>
<P><STRONG><a name="[5c]"></a>GPIOPortN_Handler</STRONG> (Thumb, 0 bytes, Stack size 0 bytes, startup.o(RESET))
<BR>[Address Reference Count : 1]<UL><LI> startup.o(RESET)
</UL>
<P><STRONG><a name="[5f]"></a>GPIOPortP1_Handler</STRONG> (Thumb, 0 bytes, Stack size 0 bytes, startup.o(RESET))
<BR>[Address Reference Count : 1]<UL><LI> startup.o(RESET)
</UL>
<P><STRONG><a name="[60]"></a>GPIOPortP2_Handler</STRONG> (Thumb, 0 bytes, Stack size 0 bytes, startup.o(RESET))
<BR>[Address Reference Count : 1]<UL><LI> startup.o(RESET)
</UL>
<P><STRONG><a name="[61]"></a>GPIOPortP3_Handler</STRONG> (Thumb, 0 bytes, Stack size 0 bytes, startup.o(RESET))
<BR>[Address Reference Count : 1]<UL><LI> startup.o(RESET)
</UL>
<P><STRONG><a name="[62]"></a>GPIOPortP4_Handler</STRONG> (Thumb, 0 bytes, Stack size 0 bytes, startup.o(RESET))
<BR>[Address Reference Count : 1]<UL><LI> startup.o(RESET)
</UL>
<P><STRONG><a name="[63]"></a>GPIOPortP5_Handler</STRONG> (Thumb, 0 bytes, Stack size 0 bytes, startup.o(RESET))
<BR>[Address Reference Count : 1]<UL><LI> startup.o(RESET)
</UL>
<P><STRONG><a name="[64]"></a>GPIOPortP6_Handler</STRONG> (Thumb, 0 bytes, Stack size 0 bytes, startup.o(RESET))
<BR>[Address Reference Count : 1]<UL><LI> startup.o(RESET)
</UL>
<P><STRONG><a name="[65]"></a>GPIOPortP7_Handler</STRONG> (Thumb, 0 bytes, Stack size 0 bytes, startup.o(RESET))
<BR>[Address Reference Count : 1]<UL><LI> startup.o(RESET)
</UL>
<P><STRONG><a name="[5e]"></a>GPIOPortP_Handler</STRONG> (Thumb, 0 bytes, Stack size 0 bytes, startup.o(RESET))
<BR>[Address Reference Count : 1]<UL><LI> startup.o(RESET)
</UL>
<P><STRONG><a name="[67]"></a>GPIOPortQ1_Handler</STRONG> (Thumb, 0 bytes, Stack size 0 bytes, startup.o(RESET))
<BR>[Address Reference Count : 1]<UL><LI> startup.o(RESET)
</UL>
<P><STRONG><a name="[68]"></a>GPIOPortQ2_Handler</STRONG> (Thumb, 0 bytes, Stack size 0 bytes, startup.o(RESET))
<BR>[Address Reference Count : 1]<UL><LI> startup.o(RESET)
</UL>
<P><STRONG><a name="[69]"></a>GPIOPortQ3_Handler</STRONG> (Thumb, 0 bytes, Stack size 0 bytes, startup.o(RESET))
<BR>[Address Reference Count : 1]<UL><LI> startup.o(RESET)
</UL>
<P><STRONG><a name="[6a]"></a>GPIOPortQ4_Handler</STRONG> (Thumb, 0 bytes, Stack size 0 bytes, startup.o(RESET))
<BR>[Address Reference Count : 1]<UL><LI> startup.o(RESET)
</UL>
<P><STRONG><a name="[6b]"></a>GPIOPortQ5_Handler</STRONG> (Thumb, 0 bytes, Stack size 0 bytes, startup.o(RESET))
<BR>[Address Reference Count : 1]<UL><LI> startup.o(RESET)
</UL>
<P><STRONG><a name="[6c]"></a>GPIOPortQ6_Handler</STRONG> (Thumb, 0 bytes, Stack size 0 bytes, startup.o(RESET))
<BR>[Address Reference Count : 1]<UL><LI> startup.o(RESET)
</UL>
<P><STRONG><a name="[6d]"></a>GPIOPortQ7_Handler</STRONG> (Thumb, 0 bytes, Stack size 0 bytes, startup.o(RESET))
<BR>[Address Reference Count : 1]<UL><LI> startup.o(RESET)
</UL>
<P><STRONG><a name="[66]"></a>GPIOPortQ_Handler</STRONG> (Thumb, 0 bytes, Stack size 0 bytes, startup.o(RESET))
<BR>[Address Reference Count : 1]<UL><LI> startup.o(RESET)
</UL>
<P><STRONG><a name="[6e]"></a>GPIOPortR_Handler</STRONG> (Thumb, 0 bytes, Stack size 0 bytes, startup.o(RESET))
<BR>[Address Reference Count : 1]<UL><LI> startup.o(RESET)
</UL>
<P><STRONG><a name="[6f]"></a>GPIOPortS_Handler</STRONG> (Thumb, 0 bytes, Stack size 0 bytes, startup.o(RESET))
<BR>[Address Reference Count : 1]<UL><LI> startup.o(RESET)
</UL>
<P><STRONG><a name="[33]"></a>Hibernate_Handler</STRONG> (Thumb, 0 bytes, Stack size 0 bytes, startup.o(RESET))
<BR>[Address Reference Count : 1]<UL><LI> startup.o(RESET)
</UL>
<P><STRONG><a name="[12]"></a>I2C0_Handler</STRONG> (Thumb, 0 bytes, Stack size 0 bytes, startup.o(RESET))
<BR>[Address Reference Count : 1]<UL><LI> startup.o(RESET)
</UL>
<P><STRONG><a name="[2f]"></a>I2C1_Handler</STRONG> (Thumb, 0 bytes, Stack size 0 bytes, startup.o(RESET))
<BR>[Address Reference Count : 1]<UL><LI> startup.o(RESET)
</UL>
<P><STRONG><a name="[46]"></a>I2C2_Handler</STRONG> (Thumb, 0 bytes, Stack size 0 bytes, startup.o(RESET))
<BR>[Address Reference Count : 1]<UL><LI> startup.o(RESET)
</UL>
<P><STRONG><a name="[47]"></a>I2C3_Handler</STRONG> (Thumb, 0 bytes, Stack size 0 bytes, startup.o(RESET))
<BR>[Address Reference Count : 1]<UL><LI> startup.o(RESET)
</UL>
<P><STRONG><a name="[59]"></a>I2C4_Handler</STRONG> (Thumb, 0 bytes, Stack size 0 bytes, startup.o(RESET))
<BR>[Address Reference Count : 1]<UL><LI> startup.o(RESET)
</UL>
<P><STRONG><a name="[5a]"></a>I2C5_Handler</STRONG> (Thumb, 0 bytes, Stack size 0 bytes, startup.o(RESET))
<BR>[Address Reference Count : 1]<UL><LI> startup.o(RESET)
</UL>
<P><STRONG><a name="[81]"></a>I2S0_Handler</STRONG> (Thumb, 0 bytes, Stack size 0 bytes, startup.o(RESET), UNUSED, KEPT)

<P><STRONG><a name="[82]"></a>LPC0_Handler</STRONG> (Thumb, 0 bytes, Stack size 0 bytes, startup.o(RESET), UNUSED, KEPT)

<P><STRONG><a name="[83]"></a>PECI0_Handler</STRONG> (Thumb, 0 bytes, Stack size 0 bytes, startup.o(RESET), UNUSED, KEPT)

<P><STRONG><a name="[13]"></a>PWM0Fault_Handler</STRONG> (Thumb, 0 bytes, Stack size 0 bytes, startup.o(RESET))
<BR>[Address Reference Count : 1]<UL><LI> startup.o(RESET)
</UL>
<P><STRONG><a name="[14]"></a>PWM0Generator0_Handler</STRONG> (Thumb, 0 bytes, Stack size 0 bytes, startup.o(RESET))
<BR>[Address Reference Count : 1]<UL><LI> startup.o(RESET)
</UL>
<P><STRONG><a name="[15]"></a>PWM0Generator1_Handler</STRONG> (Thumb, 0 bytes, Stack size 0 bytes, startup.o(RESET))
<BR>[Address Reference Count : 1]<UL><LI> startup.o(RESET)
</UL>
<P><STRONG><a name="[16]"></a>PWM0Generator2_Handler</STRONG> (Thumb, 0 bytes, Stack size 0 bytes, startup.o(RESET))
<BR>[Address Reference Count : 1]<UL><LI> startup.o(RESET)
</UL>
<P><STRONG><a name="[35]"></a>PWM0Generator3_Handler</STRONG> (Thumb, 0 bytes, Stack size 0 bytes, startup.o(RESET))
<BR>[Address Reference Count : 1]<UL><LI> startup.o(RESET)
</UL>
<P><STRONG><a name="[74]"></a>PWM1Fault_Handler</STRONG> (Thumb, 0 bytes, Stack size 0 bytes, startup.o(RESET))
<BR>[Address Reference Count : 1]<UL><LI> startup.o(RESET)
</UL>
<P><STRONG><a name="[70]"></a>PWM1Generator0_Handler</STRONG> (Thumb, 0 bytes, Stack size 0 bytes, startup.o(RESET))
<BR>[Address Reference Count : 1]<UL><LI> startup.o(RESET)
</UL>
<P><STRONG><a name="[71]"></a>PWM1Generator1_Handler</STRONG> (Thumb, 0 bytes, Stack size 0 bytes, startup.o(RESET))
<BR>[Address Reference Count : 1]<UL><LI> startup.o(RESET)
</UL>
<P><STRONG><a name="[72]"></a>PWM1Generator2_Handler</STRONG> (Thumb, 0 bytes, Stack size 0 bytes, startup.o(RESET))
<BR>[Address Reference Count : 1]<UL><LI> startup.o(RESET)
</UL>
<P><STRONG><a name="[73]"></a>PWM1Generator3_Handler</STRONG> (Thumb, 0 bytes, Stack size 0 bytes, startup.o(RESET))
<BR>[Address Reference Count : 1]<UL><LI> startup.o(RESET)
</UL>
<P><STRONG><a name="[17]"></a>Quadrature0_Handler</STRONG> (Thumb, 0 bytes, Stack size 0 bytes, startup.o(RESET))
<BR>[Address Reference Count : 1]<UL><LI> startup.o(RESET)
</UL>
<P><STRONG><a name="[30]"></a>Quadrature1_Handler</STRONG> (Thumb, 0 bytes, Stack size 0 bytes, startup.o(RESET))
<BR>[Address Reference Count : 1]<UL><LI> startup.o(RESET)
</UL>
<P><STRONG><a name="[5d]"></a>Quadrature2_Handler</STRONG> (Thumb, 0 bytes, Stack size 0 bytes, startup.o(RESET))
<BR>[Address Reference Count : 1]<UL><LI> startup.o(RESET)
</UL>
<P><STRONG><a name="[11]"></a>SSI0_Handler</STRONG> (Thumb, 0 bytes, Stack size 0 bytes, startup.o(RESET))
<BR>[Address Reference Count : 1]<UL><LI> startup.o(RESET)
</UL>
<P><STRONG><a name="[2c]"></a>SSI1_Handler</STRONG> (Thumb, 0 bytes, Stack size 0 bytes, startup.o(RESET))
<BR>[Address Reference Count : 1]<UL><LI> startup.o(RESET)
</UL>
<P><STRONG><a name="[3f]"></a>SSI2_Handler</STRONG> (Thumb, 0 bytes, Stack size 0 bytes, startup.o(RESET))
<BR>[Address Reference Count : 1]<UL><LI> startup.o(RESET)
</UL>
<P><STRONG><a name="[40]"></a>SSI3_Handler</STRONG> (Thumb, 0 bytes, Stack size 0 bytes, startup.o(RESET))
<BR>[Address Reference Count : 1]<UL><LI> startup.o(RESET)
</UL>
<P><STRONG><a name="[26]"></a>SysCtl_Handler</STRONG> (Thumb, 0 bytes, Stack size 0 bytes, startup.o(RESET))
<BR>[Address Reference Count : 1]<UL><LI> startup.o(RESET)
</UL>
<P><STRONG><a name="[1e]"></a>Timer0B_Handler</STRONG> (Thumb, 0 bytes, Stack size 0 bytes, startup.o(RESET))
<BR>[Address Reference Count : 1]<UL><LI> startup.o(RESET)
</UL>
<P><STRONG><a name="[20]"></a>Timer1B_Handler</STRONG> (Thumb, 0 bytes, Stack size 0 bytes, startup.o(RESET))
<BR>[Address Reference Count : 1]<UL><LI> startup.o(RESET)
</UL>
<P><STRONG><a name="[22]"></a>Timer2B_Handler</STRONG> (Thumb, 0 bytes, Stack size 0 bytes, startup.o(RESET))
<BR>[Address Reference Count : 1]<UL><LI> startup.o(RESET)
</UL>
<P><STRONG><a name="[2e]"></a>Timer3B_Handler</STRONG> (Thumb, 0 bytes, Stack size 0 bytes, startup.o(RESET))
<BR>[Address Reference Count : 1]<UL><LI> startup.o(RESET)
</UL>
<P><STRONG><a name="[49]"></a>Timer4B_Handler</STRONG> (Thumb, 0 bytes, Stack size 0 bytes, startup.o(RESET))
<BR>[Address Reference Count : 1]<UL><LI> startup.o(RESET)
</UL>
<P><STRONG><a name="[4b]"></a>Timer5B_Handler</STRONG> (Thumb, 0 bytes, Stack size 0 bytes, startup.o(RESET))
<BR>[Address Reference Count : 1]<UL><LI> startup.o(RESET)
</UL>
<P><STRONG><a name="[10]"></a>UART1_Handler</STRONG> (Thumb, 0 bytes, Stack size 0 bytes, startup.o(RESET))
<BR>[Address Reference Count : 1]<UL><LI> startup.o(RESET)
</UL>
<P><STRONG><a name="[2b]"></a>UART2_Handler</STRONG> (Thumb, 0 bytes, Stack size 0 bytes, startup.o(RESET))
<BR>[Address Reference Count : 1]<UL><LI> startup.o(RESET)
</UL>
<P><STRONG><a name="[41]"></a>UART3_Handler</STRONG> (Thumb, 0 bytes, Stack size 0 bytes, startup.o(RESET))
<BR>[Address Reference Count : 1]<UL><LI> startup.o(RESET)
</UL>
<P><STRONG><a name="[42]"></a>UART4_Handler</STRONG> (Thumb, 0 bytes, Stack size 0 bytes, startup.o(RESET))
<BR>[Address Reference Count : 1]<UL><LI> startup.o(RESET)
</UL>
<P><STRONG><a name="[44]"></a>UART6_Handler</STRONG> (Thumb, 0 bytes, Stack size 0 bytes, startup.o(RESET))
<BR>[Address Reference Count : 1]<UL><LI> startup.o(RESET)
</UL>
<P><STRONG><a name="[45]"></a>UART7_Handler</STRONG> (Thumb, 0 bytes, Stack size 0 bytes, startup.o(RESET))
<BR>[Address Reference Count : 1]<UL><LI> startup.o(RESET)
</UL>
<P><STRONG><a name="[34]"></a>USB0_Handler</STRONG> (Thumb, 0 bytes, Stack size 0 bytes, startup.o(RESET))
<BR>[Address Reference Count : 1]<UL><LI> startup.o(RESET)
</UL>
<P><STRONG><a name="[1c]"></a>WDT_Handler</STRONG> (Thumb, 0 bytes, Stack size 0 bytes, startup.o(RESET))
<BR>[Address Reference Count : 1]<UL><LI> startup.o(RESET)
</UL>
<P><STRONG><a name="[4c]"></a>WideTimer0A_Handler</STRONG> (Thumb, 0 bytes, Stack size 0 bytes, startup.o(RESET))
<BR>[Address Reference Count : 1]<UL><LI> startup.o(RESET)
</UL>
<P><STRONG><a name="[4d]"></a>WideTimer0B_Handler</STRONG> (Thumb, 0 bytes, Stack size 0 bytes, startup.o(RESET))
<BR>[Address Reference Count : 1]<UL><LI> startup.o(RESET)
</UL>
<P><STRONG><a name="[4e]"></a>WideTimer1A_Handler</STRONG> (Thumb, 0 bytes, Stack size 0 bytes, startup.o(RESET))
<BR>[Address Reference Count : 1]<UL><LI> startup.o(RESET)
</UL>
<P><STRONG><a name="[4f]"></a>WideTimer1B_Handler</STRONG> (Thumb, 0 bytes, Stack size 0 bytes, startup.o(RESET))
<BR>[Address Reference Count : 1]<UL><LI> startup.o(RESET)
</UL>
<P><STRONG><a name="[50]"></a>WideTimer2A_Handler</STRONG> (Thumb, 0 bytes, Stack size 0 bytes, startup.o(RESET))
<BR>[Address Reference Count : 1]<UL><LI> startup.o(RESET)
</UL>
<P><STRONG><a name="[51]"></a>WideTimer2B_Handler</STRONG> (Thumb, 0 bytes, Stack size 0 bytes, startup.o(RESET))
<BR>[Address Reference Count : 1]<UL><LI> startup.o(RESET)
</UL>
<P><STRONG><a name="[52]"></a>WideTimer3A_Handler</STRONG> (Thumb, 0 bytes, Stack size 0 bytes, startup.o(RESET))
<BR>[Address Reference Count : 1]<UL><LI> startup.o(RESET)
</UL>
<P><STRONG><a name="[53]"></a>WideTimer3B_Handler</STRONG> (Thumb, 0 bytes, Stack size 0 bytes, startup.o(RESET))
<BR>[Address Reference Count : 1]<UL><LI> startup.o(RESET)
</UL>
<P><STRONG><a name="[54]"></a>WideTimer4A_Handler</STRONG> (Thumb, 0 bytes, Stack size 0 bytes, startup.o(RESET))
<BR>[Address Reference Count : 1]<UL><LI> startup.o(RESET)
</UL>
<P><STRONG><a name="[55]"></a>WideTimer4B_Handler</STRONG> (Thumb, 0 bytes, Stack size 0 bytes, startup.o(RESET))
<BR>[Address Reference Count : 1]<UL><LI> startup.o(RESET)
</UL>
<P><STRONG><a name="[56]"></a>WideTimer5A_Handler</STRONG> (Thumb, 0 bytes, Stack size 0 bytes, startup.o(RESET))
<BR>[Address Reference Count : 1]<UL><LI> startup.o(RESET)
</UL>
<P><STRONG><a name="[57]"></a>WideTimer5B_Handler</STRONG> (Thumb, 0 bytes, Stack size 0 bytes, startup.o(RESET))
<BR>[Address Reference Count : 1]<UL><LI> startup.o(RESET)
</UL>
<P><STRONG><a name="[84]"></a>__aeabi_assert</STRONG> (Thumb, 0 bytes, Stack size 0 bytes, startup.o(RESET), UNUSED, KEPT)

<P><STRONG><a name="[37]"></a>uDMA_Error</STRONG> (Thumb, 0 bytes, Stack size 0 bytes, startup.o(RESET))
<BR>[Address Reference Count : 1]<UL><LI> startup.o(RESET)
</UL>
<P><STRONG><a name="[36]"></a>uDMA_Handler</STRONG> (Thumb, 0 bytes, Stack size 0 bytes, startup.o(RESET))
<BR>[Address Reference Count : 1]<UL><LI> startup.o(RESET)
</UL>
<P><STRONG><a name="[7c]"></a>__main</STRONG> (Thumb, 0 bytes, Stack size unknown bytes, entry.o(.ARM.Collect$$$$00000000))
<BR><BR>[Called By]<UL><LI><a href="#[0]">&gt;&gt;</a>&nbsp;&nbsp;&nbsp;Reset_Handler
</UL>

<P><STRONG><a name="[f1]"></a>_main_stk</STRONG> (Thumb, 0 bytes, Stack size unknown bytes, entry2.o(.ARM.Collect$$$$00000001))

<P><STRONG><a name="[85]"></a>_main_scatterload</STRONG> (Thumb, 0 bytes, Stack size unknown bytes, entry5.o(.ARM.Collect$$$$00000004))
<BR><BR>[Calls]<UL><LI><a href="#[86]">&gt;&gt;</a>&nbsp;&nbsp;&nbsp;__scatterload
</UL>

<P><STRONG><a name="[8c]"></a>__main_after_scatterload</STRONG> (Thumb, 0 bytes, Stack size unknown bytes, entry5.o(.ARM.Collect$$$$00000004))
<BR><BR>[Called By]<UL><LI><a href="#[86]">&gt;&gt;</a>&nbsp;&nbsp;&nbsp;__scatterload
</UL>

<P><STRONG><a name="[f2]"></a>_main_clock</STRONG> (Thumb, 0 bytes, Stack size unknown bytes, entry7b.o(.ARM.Collect$$$$00000008))

<P><STRONG><a name="[f3]"></a>_main_cpp_init</STRONG> (Thumb, 0 bytes, Stack size unknown bytes, entry8b.o(.ARM.Collect$$$$0000000A))

<P><STRONG><a name="[f4]"></a>_main_init</STRONG> (Thumb, 0 bytes, Stack size unknown bytes, entry9a.o(.ARM.Collect$$$$0000000B))

<P><STRONG><a name="[f5]"></a>__rt_final_cpp</STRONG> (Thumb, 0 bytes, Stack size unknown bytes, entry10a.o(.ARM.Collect$$$$0000000D))

<P><STRONG><a name="[f6]"></a>__rt_final_exit</STRONG> (Thumb, 0 bytes, Stack size unknown bytes, entry11a.o(.ARM.Collect$$$$0000000F))

<P><STRONG><a name="[e6]"></a>DisableInterrupts</STRONG> (Thumb, 0 bytes, Stack size unknown bytes, startup.o(.text))
<BR><BR>[Called By]<UL><LI><a href="#[75]">&gt;&gt;</a>&nbsp;&nbsp;&nbsp;main
</UL>

<P><STRONG><a name="[9d]"></a>EnableInterrupts</STRONG> (Thumb, 0 bytes, Stack size unknown bytes, startup.o(.text))
<BR><BR>[Called By]<UL><LI><a href="#[75]">&gt;&gt;</a>&nbsp;&nbsp;&nbsp;main
<LI><a href="#[9b]">&gt;&gt;</a>&nbsp;&nbsp;&nbsp;ESP8266_Init
</UL>

<P><STRONG><a name="[ac]"></a>StartCritical</STRONG> (Thumb, 0 bytes, Stack size unknown bytes, startup.o(.text))
<BR><BR>[Called By]<UL><LI><a href="#[cc]">&gt;&gt;</a>&nbsp;&nbsp;&nbsp;Tx5Fifo_Init
<LI><a href="#[a6]">&gt;&gt;</a>&nbsp;&nbsp;&nbsp;Rx5Fifo_Init
</UL>

<P><STRONG><a name="[ad]"></a>EndCritical</STRONG> (Thumb, 0 bytes, Stack size unknown bytes, startup.o(.text))
<BR><BR>[Called By]<UL><LI><a href="#[cc]">&gt;&gt;</a>&nbsp;&nbsp;&nbsp;Tx5Fifo_Init
<LI><a href="#[a6]">&gt;&gt;</a>&nbsp;&nbsp;&nbsp;Rx5Fifo_Init
</UL>

<P><STRONG><a name="[f7]"></a>WaitForInterrupt</STRONG> (Thumb, 0 bytes, Stack size unknown bytes, startup.o(.text), UNUSED)

<P><STRONG><a name="[bd]"></a>abs</STRONG> (Thumb, 8 bytes, Stack size 0 bytes, siabs.o(.text))
<BR><BR>[Called By]<UL><LI><a href="#[bf]">&gt;&gt;</a>&nbsp;&nbsp;&nbsp;plotLineY
<LI><a href="#[be]">&gt;&gt;</a>&nbsp;&nbsp;&nbsp;plotLineX
<LI><a href="#[bc]">&gt;&gt;</a>&nbsp;&nbsp;&nbsp;ST7735_Line
</UL>

<P><STRONG><a name="[90]"></a>strcpy</STRONG> (Thumb, 18 bytes, Stack size 0 bytes, strcpy.o(.text))
<BR><BR>[Called By]<UL><LI><a href="#[7a]">&gt;&gt;</a>&nbsp;&nbsp;&nbsp;Blynk_to_TM4C
</UL>

<P><STRONG><a name="[8f]"></a>strtok</STRONG> (Thumb, 62 bytes, Stack size 16 bytes, strtok.o(.text))
<BR><BR>[Stack]<UL><LI>Max Depth = 16<LI>Call Chain = strtok
</UL>
<BR>[Called By]<UL><LI><a href="#[7a]">&gt;&gt;</a>&nbsp;&nbsp;&nbsp;Blynk_to_TM4C
</UL>

<P><STRONG><a name="[87]"></a>atoi</STRONG> (Thumb, 26 bytes, Stack size 16 bytes, atoi.o(.text))
<BR><BR>[Stack]<UL><LI>Max Depth = 88<LI>Call Chain = atoi &rArr; strtol &rArr; _strtoul
</UL>
<BR>[Calls]<UL><LI><a href="#[89]">&gt;&gt;</a>&nbsp;&nbsp;&nbsp;strtol
<LI><a href="#[88]">&gt;&gt;</a>&nbsp;&nbsp;&nbsp;__aeabi_errno_addr
</UL>
<BR>[Called By]<UL><LI><a href="#[7a]">&gt;&gt;</a>&nbsp;&nbsp;&nbsp;Blynk_to_TM4C
</UL>

<P><STRONG><a name="[89]"></a>strtol</STRONG> (Thumb, 112 bytes, Stack size 32 bytes, strtol.o(.text))
<BR><BR>[Stack]<UL><LI>Max Depth = 72<LI>Call Chain = strtol &rArr; _strtoul
</UL>
<BR>[Calls]<UL><LI><a href="#[8b]">&gt;&gt;</a>&nbsp;&nbsp;&nbsp;_strtoul
<LI><a href="#[8a]">&gt;&gt;</a>&nbsp;&nbsp;&nbsp;__rt_ctype_table
<LI><a href="#[88]">&gt;&gt;</a>&nbsp;&nbsp;&nbsp;__aeabi_errno_addr
</UL>
<BR>[Called By]<UL><LI><a href="#[87]">&gt;&gt;</a>&nbsp;&nbsp;&nbsp;atoi
</UL>

<P><STRONG><a name="[86]"></a>__scatterload</STRONG> (Thumb, 28 bytes, Stack size 0 bytes, init.o(.text))
<BR><BR>[Calls]<UL><LI><a href="#[8c]">&gt;&gt;</a>&nbsp;&nbsp;&nbsp;__main_after_scatterload
</UL>
<BR>[Called By]<UL><LI><a href="#[85]">&gt;&gt;</a>&nbsp;&nbsp;&nbsp;_main_scatterload
</UL>

<P><STRONG><a name="[f8]"></a>__scatterload_rt2</STRONG> (Thumb, 0 bytes, Stack size 0 bytes, init.o(.text), UNUSED)

<P><STRONG><a name="[8a]"></a>__rt_ctype_table</STRONG> (Thumb, 4 bytes, Stack size 0 bytes, ctype_o.o(.text))
<BR><BR>[Called By]<UL><LI><a href="#[89]">&gt;&gt;</a>&nbsp;&nbsp;&nbsp;strtol
</UL>

<P><STRONG><a name="[8b]"></a>_strtoul</STRONG> (Thumb, 158 bytes, Stack size 40 bytes, _strtoul.o(.text))
<BR><BR>[Stack]<UL><LI>Max Depth = 40<LI>Call Chain = _strtoul
</UL>
<BR>[Calls]<UL><LI><a href="#[8d]">&gt;&gt;</a>&nbsp;&nbsp;&nbsp;_chval
<LI><a href="#[88]">&gt;&gt;</a>&nbsp;&nbsp;&nbsp;__aeabi_errno_addr
</UL>
<BR>[Called By]<UL><LI><a href="#[89]">&gt;&gt;</a>&nbsp;&nbsp;&nbsp;strtol
</UL>

<P><STRONG><a name="[8d]"></a>_chval</STRONG> (Thumb, 28 bytes, Stack size 0 bytes, _chval.o(.text))
<BR><BR>[Called By]<UL><LI><a href="#[8b]">&gt;&gt;</a>&nbsp;&nbsp;&nbsp;_strtoul
</UL>

<P><STRONG><a name="[7a]"></a>Blynk_to_TM4C</STRONG> (Thumb, 410 bytes, Stack size 72 bytes, blynk.o(.text.Blynk_to_TM4C))
<BR><BR>[Stack]<UL><LI>Max Depth = 160<LI>Call Chain = Blynk_to_TM4C &rArr; atoi &rArr; strtol &rArr; _strtoul
</UL>
<BR>[Calls]<UL><LI><a href="#[94]">&gt;&gt;</a>&nbsp;&nbsp;&nbsp;toggleAlarm
<LI><a href="#[98]">&gt;&gt;</a>&nbsp;&nbsp;&nbsp;setScreen
<LI><a href="#[91]">&gt;&gt;</a>&nbsp;&nbsp;&nbsp;setPF4Flag
<LI><a href="#[9a]">&gt;&gt;</a>&nbsp;&nbsp;&nbsp;setPF0Flag
<LI><a href="#[99]">&gt;&gt;</a>&nbsp;&nbsp;&nbsp;setArrowLocation
<LI><a href="#[95]">&gt;&gt;</a>&nbsp;&nbsp;&nbsp;resetAlarmFlag
<LI><a href="#[96]">&gt;&gt;</a>&nbsp;&nbsp;&nbsp;getScreen
<LI><a href="#[97]">&gt;&gt;</a>&nbsp;&nbsp;&nbsp;getArrowLocation
<LI><a href="#[92]">&gt;&gt;</a>&nbsp;&nbsp;&nbsp;alarmPlaying
<LI><a href="#[8e]">&gt;&gt;</a>&nbsp;&nbsp;&nbsp;ESP8266_GetMessage
<LI><a href="#[93]">&gt;&gt;</a>&nbsp;&nbsp;&nbsp;Timer1A_Stop
<LI><a href="#[87]">&gt;&gt;</a>&nbsp;&nbsp;&nbsp;atoi
<LI><a href="#[8f]">&gt;&gt;</a>&nbsp;&nbsp;&nbsp;strtok
<LI><a href="#[90]">&gt;&gt;</a>&nbsp;&nbsp;&nbsp;strcpy
</UL>
<BR>[Address Reference Count : 1]<UL><LI> blynk.o(.text.main)
</UL>
<P><STRONG><a name="[c5]"></a>DAC_Init</STRONG> (Thumb, 72 bytes, Stack size 0 bytes, sound.o(.text.DAC_Init))
<BR><BR>[Called By]<UL><LI><a href="#[c4]">&gt;&gt;</a>&nbsp;&nbsp;&nbsp;Sound_Init
</UL>

<P><STRONG><a name="[db]"></a>Delay1ms</STRONG> (Thumb, 50 bytes, Stack size 8 bytes, st7735.o(.text.Delay1ms))
<BR><BR>[Stack]<UL><LI>Max Depth = 8<LI>Call Chain = Delay1ms
</UL>
<BR>[Called By]<UL><LI><a href="#[b8]">&gt;&gt;</a>&nbsp;&nbsp;&nbsp;commonInit
<LI><a href="#[b9]">&gt;&gt;</a>&nbsp;&nbsp;&nbsp;commandList
</UL>

<P><STRONG><a name="[a4]"></a>DelayMs</STRONG> (Thumb, 50 bytes, Stack size 8 bytes, esp8266.o(.text.DelayMs))
<BR><BR>[Stack]<UL><LI>Max Depth = 8<LI>Call Chain = DelayMs
</UL>
<BR>[Called By]<UL><LI><a href="#[a5]">&gt;&gt;</a>&nbsp;&nbsp;&nbsp;ESP8266_SetupWiFi
<LI><a href="#[a3]">&gt;&gt;</a>&nbsp;&nbsp;&nbsp;ESP8266_Reset
</UL>

<P><STRONG><a name="[8e]"></a>ESP8266_GetMessage</STRONG> (Thumb, 156 bytes, Stack size 20 bytes, esp8266.o(.text.ESP8266_GetMessage))
<BR><BR>[Stack]<UL><LI>Max Depth = 20<LI>Call Chain = ESP8266_GetMessage
</UL>
<BR>[Called By]<UL><LI><a href="#[a5]">&gt;&gt;</a>&nbsp;&nbsp;&nbsp;ESP8266_SetupWiFi
<LI><a href="#[7a]">&gt;&gt;</a>&nbsp;&nbsp;&nbsp;Blynk_to_TM4C
</UL>

<P><STRONG><a name="[9b]"></a>ESP8266_Init</STRONG> (Thumb, 142 bytes, Stack size 8 bytes, esp8266.o(.text.ESP8266_Init))
<BR><BR>[Stack]<UL><LI>Max Depth = 40 + Unknown Stack Size
<LI>Call Chain = ESP8266_Init &rArr; UART5_Init &rArr; Tx5Fifo_Init
</UL>
<BR>[Calls]<UL><LI><a href="#[9d]">&gt;&gt;</a>&nbsp;&nbsp;&nbsp;EnableInterrupts
<LI><a href="#[9c]">&gt;&gt;</a>&nbsp;&nbsp;&nbsp;UART5_Init
</UL>
<BR>[Called By]<UL><LI><a href="#[75]">&gt;&gt;</a>&nbsp;&nbsp;&nbsp;main
</UL>

<P><STRONG><a name="[9e]"></a>ESP8266_OutChar</STRONG> (Thumb, 64 bytes, Stack size 16 bytes, esp8266.o(.text.ESP8266_OutChar))
<BR><BR>[Stack]<UL><LI>Max Depth = 40<LI>Call Chain = ESP8266_OutChar &rArr; copySoftwareToHardware5 &rArr; Tx5Fifo_Get
</UL>
<BR>[Calls]<UL><LI><a href="#[9f]">&gt;&gt;</a>&nbsp;&nbsp;&nbsp;Tx5Fifo_Put
<LI><a href="#[a0]">&gt;&gt;</a>&nbsp;&nbsp;&nbsp;copySoftwareToHardware5
</UL>
<BR>[Called By]<UL><LI><a href="#[c3]">&gt;&gt;</a>&nbsp;&nbsp;&nbsp;TM4C_to_Blynk
<LI><a href="#[a5]">&gt;&gt;</a>&nbsp;&nbsp;&nbsp;ESP8266_SetupWiFi
<LI><a href="#[a2]">&gt;&gt;</a>&nbsp;&nbsp;&nbsp;ESP8266_OutUDec
<LI><a href="#[a1]">&gt;&gt;</a>&nbsp;&nbsp;&nbsp;ESP8266_OutString
</UL>

<P><STRONG><a name="[a1]"></a>ESP8266_OutString</STRONG> (Thumb, 38 bytes, Stack size 16 bytes, esp8266.o(.text.ESP8266_OutString))
<BR><BR>[Stack]<UL><LI>Max Depth = 56<LI>Call Chain = ESP8266_OutString &rArr; ESP8266_OutChar &rArr; copySoftwareToHardware5 &rArr; Tx5Fifo_Get
</UL>
<BR>[Calls]<UL><LI><a href="#[9e]">&gt;&gt;</a>&nbsp;&nbsp;&nbsp;ESP8266_OutChar
</UL>
<BR>[Called By]<UL><LI><a href="#[c3]">&gt;&gt;</a>&nbsp;&nbsp;&nbsp;TM4C_to_Blynk
<LI><a href="#[a5]">&gt;&gt;</a>&nbsp;&nbsp;&nbsp;ESP8266_SetupWiFi
</UL>

<P><STRONG><a name="[a2]"></a>ESP8266_OutUDec</STRONG> (Thumb, 76 bytes, Stack size 24 bytes, esp8266.o(.text.ESP8266_OutUDec))
<BR><BR>[Stack]<UL><LI>Max Depth = 64 + In Cycle
<LI>Call Chain = ESP8266_OutUDec &rArr;  ESP8266_OutUDec (Cycle)
</UL>
<BR>[Calls]<UL><LI><a href="#[a2]">&gt;&gt;</a>&nbsp;&nbsp;&nbsp;ESP8266_OutUDec
<LI><a href="#[9e]">&gt;&gt;</a>&nbsp;&nbsp;&nbsp;ESP8266_OutChar
</UL>
<BR>[Called By]<UL><LI><a href="#[c3]">&gt;&gt;</a>&nbsp;&nbsp;&nbsp;TM4C_to_Blynk
<LI><a href="#[a2]">&gt;&gt;</a>&nbsp;&nbsp;&nbsp;ESP8266_OutUDec
</UL>

<P><STRONG><a name="[a3]"></a>ESP8266_Reset</STRONG> (Thumb, 60 bytes, Stack size 24 bytes, esp8266.o(.text.ESP8266_Reset))
<BR><BR>[Stack]<UL><LI>Max Depth = 32<LI>Call Chain = ESP8266_Reset &rArr; DelayMs
</UL>
<BR>[Calls]<UL><LI><a href="#[a4]">&gt;&gt;</a>&nbsp;&nbsp;&nbsp;DelayMs
</UL>
<BR>[Called By]<UL><LI><a href="#[75]">&gt;&gt;</a>&nbsp;&nbsp;&nbsp;main
</UL>

<P><STRONG><a name="[a5]"></a>ESP8266_SetupWiFi</STRONG> (Thumb, 164 bytes, Stack size 16 bytes, esp8266.o(.text.ESP8266_SetupWiFi))
<BR><BR>[Stack]<UL><LI>Max Depth = 72 + Unknown Stack Size
<LI>Call Chain = ESP8266_SetupWiFi &rArr; ESP8266_OutString &rArr; ESP8266_OutChar &rArr; copySoftwareToHardware5 &rArr; Tx5Fifo_Get
</UL>
<BR>[Calls]<UL><LI><a href="#[a6]">&gt;&gt;</a>&nbsp;&nbsp;&nbsp;Rx5Fifo_Init
<LI><a href="#[a4]">&gt;&gt;</a>&nbsp;&nbsp;&nbsp;DelayMs
<LI><a href="#[a1]">&gt;&gt;</a>&nbsp;&nbsp;&nbsp;ESP8266_OutString
<LI><a href="#[9e]">&gt;&gt;</a>&nbsp;&nbsp;&nbsp;ESP8266_OutChar
<LI><a href="#[8e]">&gt;&gt;</a>&nbsp;&nbsp;&nbsp;ESP8266_GetMessage
</UL>
<BR>[Called By]<UL><LI><a href="#[75]">&gt;&gt;</a>&nbsp;&nbsp;&nbsp;main
</UL>

<P><STRONG><a name="[28]"></a>GPIOPortF_Handler</STRONG> (Thumb, 156 bytes, Stack size 8 bytes, switches.o(.text.GPIOPortF_Handler))
<BR><BR>[Stack]<UL><LI>Max Depth = 8<LI>Call Chain = GPIOPortF_Handler
</UL>
<BR>[Calls]<UL><LI><a href="#[a8]">&gt;&gt;</a>&nbsp;&nbsp;&nbsp;Timer3Arm
<LI><a href="#[a7]">&gt;&gt;</a>&nbsp;&nbsp;&nbsp;Timer2Arm
</UL>
<BR>[Address Reference Count : 1]<UL><LI> startup.o(RESET)
</UL>
<P><STRONG><a name="[a9]"></a>LCDInit</STRONG> (Thumb, 38 bytes, Stack size 8 bytes, lcd.o(.text.LCDInit))
<BR><BR>[Stack]<UL><LI>Max Depth = 268<LI>Call Chain = LCDInit &rArr; mainMenu &rArr; ST7735_OutString &rArr; ST7735_OutChar &rArr; ST7735_DrawString &rArr; ST7735_DrawCharS &rArr; ST7735_FillRect &rArr; setAddrWindow &rArr; writedata
</UL>
<BR>[Calls]<UL><LI><a href="#[ab]">&gt;&gt;</a>&nbsp;&nbsp;&nbsp;mainMenu
<LI><a href="#[aa]">&gt;&gt;</a>&nbsp;&nbsp;&nbsp;ST7735_InitR
</UL>
<BR>[Called By]<UL><LI><a href="#[75]">&gt;&gt;</a>&nbsp;&nbsp;&nbsp;main
</UL>

<P><STRONG><a name="[e7]"></a>PLL_Init</STRONG> (Thumb, 136 bytes, Stack size 4 bytes, pll.o(.text.PLL_Init))
<BR><BR>[Stack]<UL><LI>Max Depth = 4<LI>Call Chain = PLL_Init
</UL>
<BR>[Called By]<UL><LI><a href="#[75]">&gt;&gt;</a>&nbsp;&nbsp;&nbsp;main
</UL>

<P><STRONG><a name="[a6]"></a>Rx5Fifo_Init</STRONG> (Thumb, 52 bytes, Stack size 16 bytes, esp8266.o(.text.Rx5Fifo_Init))
<BR><BR>[Stack]<UL><LI>Max Depth = 16 + Unknown Stack Size
<LI>Call Chain = Rx5Fifo_Init
</UL>
<BR>[Calls]<UL><LI><a href="#[ad]">&gt;&gt;</a>&nbsp;&nbsp;&nbsp;EndCritical
<LI><a href="#[ac]">&gt;&gt;</a>&nbsp;&nbsp;&nbsp;StartCritical
</UL>
<BR>[Called By]<UL><LI><a href="#[a5]">&gt;&gt;</a>&nbsp;&nbsp;&nbsp;ESP8266_SetupWiFi
<LI><a href="#[9c]">&gt;&gt;</a>&nbsp;&nbsp;&nbsp;UART5_Init
</UL>

<P><STRONG><a name="[df]"></a>Rx5Fifo_Put</STRONG> (Thumb, 292 bytes, Stack size 16 bytes, esp8266.o(.text.Rx5Fifo_Put))
<BR><BR>[Stack]<UL><LI>Max Depth = 16<LI>Call Chain = Rx5Fifo_Put
</UL>
<BR>[Called By]<UL><LI><a href="#[d1]">&gt;&gt;</a>&nbsp;&nbsp;&nbsp;copyHardwareToSoftware5
</UL>

<P><STRONG><a name="[de]"></a>Rx5Fifo_Size</STRONG> (Thumb, 24 bytes, Stack size 0 bytes, esp8266.o(.text.Rx5Fifo_Size))
<BR><BR>[Called By]<UL><LI><a href="#[d1]">&gt;&gt;</a>&nbsp;&nbsp;&nbsp;copyHardwareToSoftware5
</UL>

<P><STRONG><a name="[dd]"></a>RxFifo_Put</STRONG> (Thumb, 90 bytes, Stack size 8 bytes, uart.o(.text.RxFifo_Put))
<BR><BR>[Stack]<UL><LI>Max Depth = 8<LI>Call Chain = RxFifo_Put
</UL>
<BR>[Called By]<UL><LI><a href="#[cf]">&gt;&gt;</a>&nbsp;&nbsp;&nbsp;copyHardwareToSoftware
</UL>

<P><STRONG><a name="[dc]"></a>RxFifo_Size</STRONG> (Thumb, 24 bytes, Stack size 0 bytes, uart.o(.text.RxFifo_Size))
<BR><BR>[Called By]<UL><LI><a href="#[cf]">&gt;&gt;</a>&nbsp;&nbsp;&nbsp;copyHardwareToSoftware
</UL>

<P><STRONG><a name="[ae]"></a>ST7735_DrawBitmap</STRONG> (Thumb, 614 bytes, Stack size 48 bytes, st7735.o(.text.ST7735_DrawBitmap))
<BR><BR>[Stack]<UL><LI>Max Depth = 100<LI>Call Chain = ST7735_DrawBitmap &rArr; setAddrWindow &rArr; writedata
</UL>
<BR>[Calls]<UL><LI><a href="#[b0]">&gt;&gt;</a>&nbsp;&nbsp;&nbsp;writedata
<LI><a href="#[af]">&gt;&gt;</a>&nbsp;&nbsp;&nbsp;setAddrWindow
<LI><a href="#[b1]">&gt;&gt;</a>&nbsp;&nbsp;&nbsp;deselect
</UL>
<BR>[Called By]<UL><LI><a href="#[ab]">&gt;&gt;</a>&nbsp;&nbsp;&nbsp;mainMenu
<LI><a href="#[e3]">&gt;&gt;</a>&nbsp;&nbsp;&nbsp;drawClock
<LI><a href="#[d2]">&gt;&gt;</a>&nbsp;&nbsp;&nbsp;changeTime
<LI><a href="#[d5]">&gt;&gt;</a>&nbsp;&nbsp;&nbsp;printTime
</UL>

<P><STRONG><a name="[b2]"></a>ST7735_DrawCharS</STRONG> (Thumb, 452 bytes, Stack size 56 bytes, st7735.o(.text.ST7735_DrawCharS))
<BR><BR>[Stack]<UL><LI>Max Depth = 140<LI>Call Chain = ST7735_DrawCharS &rArr; ST7735_FillRect &rArr; setAddrWindow &rArr; writedata
</UL>
<BR>[Calls]<UL><LI><a href="#[b4]">&gt;&gt;</a>&nbsp;&nbsp;&nbsp;ST7735_FillRect
<LI><a href="#[b3]">&gt;&gt;</a>&nbsp;&nbsp;&nbsp;ST7735_DrawPixel
</UL>
<BR>[Called By]<UL><LI><a href="#[c0]">&gt;&gt;</a>&nbsp;&nbsp;&nbsp;ST7735_OutChar
<LI><a href="#[b6]">&gt;&gt;</a>&nbsp;&nbsp;&nbsp;ST7735_DrawString
</UL>

<P><STRONG><a name="[b3]"></a>ST7735_DrawPixel</STRONG> (Thumb, 126 bytes, Stack size 24 bytes, st7735.o(.text.ST7735_DrawPixel))
<BR><BR>[Stack]<UL><LI>Max Depth = 76<LI>Call Chain = ST7735_DrawPixel &rArr; setAddrWindow &rArr; writedata
</UL>
<BR>[Calls]<UL><LI><a href="#[af]">&gt;&gt;</a>&nbsp;&nbsp;&nbsp;setAddrWindow
<LI><a href="#[b5]">&gt;&gt;</a>&nbsp;&nbsp;&nbsp;pushColor
<LI><a href="#[b1]">&gt;&gt;</a>&nbsp;&nbsp;&nbsp;deselect
</UL>
<BR>[Called By]<UL><LI><a href="#[bf]">&gt;&gt;</a>&nbsp;&nbsp;&nbsp;plotLineY
<LI><a href="#[be]">&gt;&gt;</a>&nbsp;&nbsp;&nbsp;plotLineX
<LI><a href="#[b2]">&gt;&gt;</a>&nbsp;&nbsp;&nbsp;ST7735_DrawCharS
</UL>

<P><STRONG><a name="[b6]"></a>ST7735_DrawString</STRONG> (Thumb, 162 bytes, Stack size 40 bytes, st7735.o(.text.ST7735_DrawString))
<BR><BR>[Stack]<UL><LI>Max Depth = 180<LI>Call Chain = ST7735_DrawString &rArr; ST7735_DrawCharS &rArr; ST7735_FillRect &rArr; setAddrWindow &rArr; writedata
</UL>
<BR>[Calls]<UL><LI><a href="#[b2]">&gt;&gt;</a>&nbsp;&nbsp;&nbsp;ST7735_DrawCharS
</UL>
<BR>[Called By]<UL><LI><a href="#[c0]">&gt;&gt;</a>&nbsp;&nbsp;&nbsp;ST7735_OutChar
</UL>

<P><STRONG><a name="[b4]"></a>ST7735_FillRect</STRONG> (Thumb, 338 bytes, Stack size 32 bytes, st7735.o(.text.ST7735_FillRect))
<BR><BR>[Stack]<UL><LI>Max Depth = 84<LI>Call Chain = ST7735_FillRect &rArr; setAddrWindow &rArr; writedata
</UL>
<BR>[Calls]<UL><LI><a href="#[b0]">&gt;&gt;</a>&nbsp;&nbsp;&nbsp;writedata
<LI><a href="#[af]">&gt;&gt;</a>&nbsp;&nbsp;&nbsp;setAddrWindow
<LI><a href="#[b1]">&gt;&gt;</a>&nbsp;&nbsp;&nbsp;deselect
</UL>
<BR>[Called By]<UL><LI><a href="#[b7]">&gt;&gt;</a>&nbsp;&nbsp;&nbsp;ST7735_FillScreen
<LI><a href="#[b2]">&gt;&gt;</a>&nbsp;&nbsp;&nbsp;ST7735_DrawCharS
</UL>

<P><STRONG><a name="[b7]"></a>ST7735_FillScreen</STRONG> (Thumb, 64 bytes, Stack size 24 bytes, st7735.o(.text.ST7735_FillScreen))
<BR><BR>[Stack]<UL><LI>Max Depth = 108<LI>Call Chain = ST7735_FillScreen &rArr; ST7735_FillRect &rArr; setAddrWindow &rArr; writedata
</UL>
<BR>[Calls]<UL><LI><a href="#[b4]">&gt;&gt;</a>&nbsp;&nbsp;&nbsp;ST7735_FillRect
</UL>
<BR>[Called By]<UL><LI><a href="#[aa]">&gt;&gt;</a>&nbsp;&nbsp;&nbsp;ST7735_InitR
<LI><a href="#[da]">&gt;&gt;</a>&nbsp;&nbsp;&nbsp;clearScreen
</UL>

<P><STRONG><a name="[aa]"></a>ST7735_InitR</STRONG> (Thumb, 170 bytes, Stack size 24 bytes, st7735.o(.text.ST7735_InitR))
<BR><BR>[Stack]<UL><LI>Max Depth = 132<LI>Call Chain = ST7735_InitR &rArr; ST7735_FillScreen &rArr; ST7735_FillRect &rArr; setAddrWindow &rArr; writedata
</UL>
<BR>[Calls]<UL><LI><a href="#[bb]">&gt;&gt;</a>&nbsp;&nbsp;&nbsp;ST7735_SetCursor
<LI><a href="#[b7]">&gt;&gt;</a>&nbsp;&nbsp;&nbsp;ST7735_FillScreen
<LI><a href="#[b0]">&gt;&gt;</a>&nbsp;&nbsp;&nbsp;writedata
<LI><a href="#[ba]">&gt;&gt;</a>&nbsp;&nbsp;&nbsp;writecommand
<LI><a href="#[b8]">&gt;&gt;</a>&nbsp;&nbsp;&nbsp;commonInit
<LI><a href="#[b9]">&gt;&gt;</a>&nbsp;&nbsp;&nbsp;commandList
</UL>
<BR>[Called By]<UL><LI><a href="#[a9]">&gt;&gt;</a>&nbsp;&nbsp;&nbsp;LCDInit
</UL>

<P><STRONG><a name="[bc]"></a>ST7735_Line</STRONG> (Thumb, 250 bytes, Stack size 56 bytes, st7735.o(.text.ST7735_Line))
<BR><BR>[Stack]<UL><LI>Max Depth = 204<LI>Call Chain = ST7735_Line &rArr; plotLineY &rArr; ST7735_DrawPixel &rArr; setAddrWindow &rArr; writedata
</UL>
<BR>[Calls]<UL><LI><a href="#[bf]">&gt;&gt;</a>&nbsp;&nbsp;&nbsp;plotLineY
<LI><a href="#[be]">&gt;&gt;</a>&nbsp;&nbsp;&nbsp;plotLineX
<LI><a href="#[bd]">&gt;&gt;</a>&nbsp;&nbsp;&nbsp;abs
</UL>
<BR>[Called By]<UL><LI><a href="#[e4]">&gt;&gt;</a>&nbsp;&nbsp;&nbsp;drawMinuteHand
<LI><a href="#[e5]">&gt;&gt;</a>&nbsp;&nbsp;&nbsp;drawHourHand
</UL>

<P><STRONG><a name="[c0]"></a>ST7735_OutChar</STRONG> (Thumb, 284 bytes, Stack size 24 bytes, st7735.o(.text.ST7735_OutChar))
<BR><BR>[Stack]<UL><LI>Max Depth = 204<LI>Call Chain = ST7735_OutChar &rArr; ST7735_DrawString &rArr; ST7735_DrawCharS &rArr; ST7735_FillRect &rArr; setAddrWindow &rArr; writedata
</UL>
<BR>[Calls]<UL><LI><a href="#[b6]">&gt;&gt;</a>&nbsp;&nbsp;&nbsp;ST7735_DrawString
<LI><a href="#[b2]">&gt;&gt;</a>&nbsp;&nbsp;&nbsp;ST7735_DrawCharS
</UL>
<BR>[Called By]<UL><LI><a href="#[c1]">&gt;&gt;</a>&nbsp;&nbsp;&nbsp;ST7735_OutString
</UL>

<P><STRONG><a name="[c1]"></a>ST7735_OutString</STRONG> (Thumb, 38 bytes, Stack size 16 bytes, st7735.o(.text.ST7735_OutString))
<BR><BR>[Stack]<UL><LI>Max Depth = 220<LI>Call Chain = ST7735_OutString &rArr; ST7735_OutChar &rArr; ST7735_DrawString &rArr; ST7735_DrawCharS &rArr; ST7735_FillRect &rArr; setAddrWindow &rArr; writedata
</UL>
<BR>[Calls]<UL><LI><a href="#[c0]">&gt;&gt;</a>&nbsp;&nbsp;&nbsp;ST7735_OutChar
</UL>
<BR>[Called By]<UL><LI><a href="#[ab]">&gt;&gt;</a>&nbsp;&nbsp;&nbsp;mainMenu
<LI><a href="#[e3]">&gt;&gt;</a>&nbsp;&nbsp;&nbsp;drawClock
<LI><a href="#[e2]">&gt;&gt;</a>&nbsp;&nbsp;&nbsp;digitalClock
<LI><a href="#[d2]">&gt;&gt;</a>&nbsp;&nbsp;&nbsp;changeTime
</UL>

<P><STRONG><a name="[bb]"></a>ST7735_SetCursor</STRONG> (Thumb, 54 bytes, Stack size 8 bytes, st7735.o(.text.ST7735_SetCursor))
<BR><BR>[Stack]<UL><LI>Max Depth = 8<LI>Call Chain = ST7735_SetCursor
</UL>
<BR>[Called By]<UL><LI><a href="#[ab]">&gt;&gt;</a>&nbsp;&nbsp;&nbsp;mainMenu
<LI><a href="#[e3]">&gt;&gt;</a>&nbsp;&nbsp;&nbsp;drawClock
<LI><a href="#[e2]">&gt;&gt;</a>&nbsp;&nbsp;&nbsp;digitalClock
<LI><a href="#[d2]">&gt;&gt;</a>&nbsp;&nbsp;&nbsp;changeTime
<LI><a href="#[aa]">&gt;&gt;</a>&nbsp;&nbsp;&nbsp;ST7735_InitR
</UL>

<P><STRONG><a name="[7b]"></a>SendInformation</STRONG> (Thumb, 138 bytes, Stack size 24 bytes, blynk.o(.text.SendInformation))
<BR><BR>[Stack]<UL><LI>Max Depth = 112<LI>Call Chain = SendInformation &rArr; TM4C_to_Blynk &rArr; ESP8266_OutUDec &rArr;  ESP8266_OutUDec (Cycle)
</UL>
<BR>[Calls]<UL><LI><a href="#[c2]">&gt;&gt;</a>&nbsp;&nbsp;&nbsp;getFullTime
<LI><a href="#[c3]">&gt;&gt;</a>&nbsp;&nbsp;&nbsp;TM4C_to_Blynk
</UL>
<BR>[Address Reference Count : 1]<UL><LI> blynk.o(.text.main)
</UL>
<P><STRONG><a name="[76]"></a>SoundTask</STRONG> (Thumb, 18 bytes, Stack size 0 bytes, sound.o(.text.SoundTask))
<BR>[Address Reference Count : 1]<UL><LI> sound.o(.text.Sound_Init)
</UL>
<P><STRONG><a name="[c4]"></a>Sound_Init</STRONG> (Thumb, 30 bytes, Stack size 8 bytes, sound.o(.text.Sound_Init))
<BR><BR>[Stack]<UL><LI>Max Depth = 20<LI>Call Chain = Sound_Init &rArr; Timer1A_Init
</UL>
<BR>[Calls]<UL><LI><a href="#[c6]">&gt;&gt;</a>&nbsp;&nbsp;&nbsp;Timer1A_Init
<LI><a href="#[c5]">&gt;&gt;</a>&nbsp;&nbsp;&nbsp;DAC_Init
</UL>
<BR>[Called By]<UL><LI><a href="#[75]">&gt;&gt;</a>&nbsp;&nbsp;&nbsp;main
</UL>

<P><STRONG><a name="[78]"></a>Switch1</STRONG> (Thumb, 88 bytes, Stack size 16 bytes, blynk.o(.text.Switch1))
<BR><BR>[Stack]<UL><LI>Max Depth = 20<LI>Call Chain = Switch1 &rArr; setScreen
</UL>
<BR>[Calls]<UL><LI><a href="#[94]">&gt;&gt;</a>&nbsp;&nbsp;&nbsp;toggleAlarm
<LI><a href="#[98]">&gt;&gt;</a>&nbsp;&nbsp;&nbsp;setScreen
<LI><a href="#[99]">&gt;&gt;</a>&nbsp;&nbsp;&nbsp;setArrowLocation
<LI><a href="#[95]">&gt;&gt;</a>&nbsp;&nbsp;&nbsp;resetAlarmFlag
<LI><a href="#[96]">&gt;&gt;</a>&nbsp;&nbsp;&nbsp;getScreen
<LI><a href="#[97]">&gt;&gt;</a>&nbsp;&nbsp;&nbsp;getArrowLocation
<LI><a href="#[92]">&gt;&gt;</a>&nbsp;&nbsp;&nbsp;alarmPlaying
<LI><a href="#[93]">&gt;&gt;</a>&nbsp;&nbsp;&nbsp;Timer1A_Stop
</UL>
<BR>[Address Reference Count : 1]<UL><LI> blynk.o(.text.main)
</UL>
<P><STRONG><a name="[79]"></a>Switch2</STRONG> (Thumb, 118 bytes, Stack size 16 bytes, blynk.o(.text.Switch2))
<BR><BR>[Stack]<UL><LI>Max Depth = 20<LI>Call Chain = Switch2 &rArr; setScreen
</UL>
<BR>[Calls]<UL><LI><a href="#[94]">&gt;&gt;</a>&nbsp;&nbsp;&nbsp;toggleAlarm
<LI><a href="#[98]">&gt;&gt;</a>&nbsp;&nbsp;&nbsp;setScreen
<LI><a href="#[99]">&gt;&gt;</a>&nbsp;&nbsp;&nbsp;setArrowLocation
<LI><a href="#[95]">&gt;&gt;</a>&nbsp;&nbsp;&nbsp;resetAlarmFlag
<LI><a href="#[96]">&gt;&gt;</a>&nbsp;&nbsp;&nbsp;getScreen
<LI><a href="#[97]">&gt;&gt;</a>&nbsp;&nbsp;&nbsp;getArrowLocation
<LI><a href="#[92]">&gt;&gt;</a>&nbsp;&nbsp;&nbsp;alarmPlaying
<LI><a href="#[93]">&gt;&gt;</a>&nbsp;&nbsp;&nbsp;Timer1A_Stop
</UL>
<BR>[Address Reference Count : 1]<UL><LI> blynk.o(.text.main)
</UL>
<P><STRONG><a name="[c7]"></a>Switch_Init</STRONG> (Thumb, 278 bytes, Stack size 24 bytes, switches.o(.text.Switch_Init))
<BR><BR>[Stack]<UL><LI>Max Depth = 24<LI>Call Chain = Switch_Init
</UL>
<BR>[Calls]<UL><LI><a href="#[c8]">&gt;&gt;</a>&nbsp;&nbsp;&nbsp;GPIOArmPF4
<LI><a href="#[c9]">&gt;&gt;</a>&nbsp;&nbsp;&nbsp;GPIOArmPF0
</UL>
<BR>[Called By]<UL><LI><a href="#[75]">&gt;&gt;</a>&nbsp;&nbsp;&nbsp;main
</UL>

<P><STRONG><a name="[c3]"></a>TM4C_to_Blynk</STRONG> (Thumb, 70 bytes, Stack size 24 bytes, blynk.o(.text.TM4C_to_Blynk))
<BR><BR>[Stack]<UL><LI>Max Depth = 88<LI>Call Chain = TM4C_to_Blynk &rArr; ESP8266_OutUDec &rArr;  ESP8266_OutUDec (Cycle)
</UL>
<BR>[Calls]<UL><LI><a href="#[a2]">&gt;&gt;</a>&nbsp;&nbsp;&nbsp;ESP8266_OutUDec
<LI><a href="#[a1]">&gt;&gt;</a>&nbsp;&nbsp;&nbsp;ESP8266_OutString
<LI><a href="#[9e]">&gt;&gt;</a>&nbsp;&nbsp;&nbsp;ESP8266_OutChar
</UL>
<BR>[Called By]<UL><LI><a href="#[7b]">&gt;&gt;</a>&nbsp;&nbsp;&nbsp;SendInformation
</UL>

<P><STRONG><a name="[1d]"></a>Timer0A_Handler</STRONG> (Thumb, 26 bytes, Stack size 8 bytes, timer0a.o(.text.Timer0A_Handler))
<BR><BR>[Stack]<UL><LI>Max Depth = 8<LI>Call Chain = Timer0A_Handler
</UL>
<BR>[Address Reference Count : 1]<UL><LI> startup.o(RESET)
</UL>
<P><STRONG><a name="[cb]"></a>Timer0A_Init</STRONG> (Thumb, 162 bytes, Stack size 12 bytes, timer0a.o(.text.Timer0A_Init))
<BR><BR>[Stack]<UL><LI>Max Depth = 12<LI>Call Chain = Timer0A_Init
</UL>
<BR>[Called By]<UL><LI><a href="#[ca]">&gt;&gt;</a>&nbsp;&nbsp;&nbsp;TimerInit
<LI><a href="#[d9]">&gt;&gt;</a>&nbsp;&nbsp;&nbsp;resetTimer
</UL>

<P><STRONG><a name="[ee]"></a>Timer0A_Stop</STRONG> (Thumb, 26 bytes, Stack size 0 bytes, timer0a.o(.text.Timer0A_Stop))
<BR><BR>[Called By]<UL><LI><a href="#[d7]">&gt;&gt;</a>&nbsp;&nbsp;&nbsp;setTime
</UL>

<P><STRONG><a name="[1f]"></a>Timer1A_Handler</STRONG> (Thumb, 28 bytes, Stack size 8 bytes, timer1a.o(.text.Timer1A_Handler))
<BR><BR>[Stack]<UL><LI>Max Depth = 8<LI>Call Chain = Timer1A_Handler
</UL>
<BR>[Address Reference Count : 1]<UL><LI> startup.o(RESET)
</UL>
<P><STRONG><a name="[c6]"></a>Timer1A_Init</STRONG> (Thumb, 160 bytes, Stack size 12 bytes, timer1a.o(.text.Timer1A_Init))
<BR><BR>[Stack]<UL><LI>Max Depth = 12<LI>Call Chain = Timer1A_Init
</UL>
<BR>[Called By]<UL><LI><a href="#[c4]">&gt;&gt;</a>&nbsp;&nbsp;&nbsp;Sound_Init
</UL>

<P><STRONG><a name="[93]"></a>Timer1A_Stop</STRONG> (Thumb, 28 bytes, Stack size 0 bytes, timer1a.o(.text.Timer1A_Stop))
<BR><BR>[Called By]<UL><LI><a href="#[79]">&gt;&gt;</a>&nbsp;&nbsp;&nbsp;Switch2
<LI><a href="#[78]">&gt;&gt;</a>&nbsp;&nbsp;&nbsp;Switch1
<LI><a href="#[7a]">&gt;&gt;</a>&nbsp;&nbsp;&nbsp;Blynk_to_TM4C
</UL>

<P><STRONG><a name="[21]"></a>Timer2A_Handler</STRONG> (Thumb, 32 bytes, Stack size 8 bytes, switches.o(.text.Timer2A_Handler))
<BR><BR>[Stack]<UL><LI>Max Depth = 8<LI>Call Chain = Timer2A_Handler
</UL>
<BR>[Calls]<UL><LI><a href="#[c8]">&gt;&gt;</a>&nbsp;&nbsp;&nbsp;GPIOArmPF4
</UL>
<BR>[Address Reference Count : 1]<UL><LI> startup.o(RESET)
</UL>
<P><STRONG><a name="[2d]"></a>Timer3A_Handler</STRONG> (Thumb, 32 bytes, Stack size 8 bytes, switches.o(.text.Timer3A_Handler))
<BR><BR>[Stack]<UL><LI>Max Depth = 8<LI>Call Chain = Timer3A_Handler
</UL>
<BR>[Calls]<UL><LI><a href="#[c9]">&gt;&gt;</a>&nbsp;&nbsp;&nbsp;GPIOArmPF0
</UL>
<BR>[Address Reference Count : 1]<UL><LI> startup.o(RESET)
</UL>
<P><STRONG><a name="[48]"></a>Timer4A_Handler</STRONG> (Thumb, 28 bytes, Stack size 8 bytes, timer4a.o(.text.Timer4A_Handler))
<BR><BR>[Stack]<UL><LI>Max Depth = 8<LI>Call Chain = Timer4A_Handler
</UL>
<BR>[Address Reference Count : 1]<UL><LI> startup.o(RESET)
</UL>
<P><STRONG><a name="[e9]"></a>Timer4A_Init</STRONG> (Thumb, 158 bytes, Stack size 12 bytes, timer4a.o(.text.Timer4A_Init))
<BR><BR>[Stack]<UL><LI>Max Depth = 12<LI>Call Chain = Timer4A_Init
</UL>
<BR>[Called By]<UL><LI><a href="#[75]">&gt;&gt;</a>&nbsp;&nbsp;&nbsp;main
</UL>

<P><STRONG><a name="[4a]"></a>Timer5A_Handler</STRONG> (Thumb, 28 bytes, Stack size 8 bytes, timer5a.o(.text.Timer5A_Handler))
<BR><BR>[Stack]<UL><LI>Max Depth = 8<LI>Call Chain = Timer5A_Handler
</UL>
<BR>[Address Reference Count : 1]<UL><LI> startup.o(RESET)
</UL>
<P><STRONG><a name="[e8]"></a>Timer5A_Init</STRONG> (Thumb, 160 bytes, Stack size 12 bytes, timer5a.o(.text.Timer5A_Init))
<BR><BR>[Stack]<UL><LI>Max Depth = 12<LI>Call Chain = Timer5A_Init
</UL>
<BR>[Called By]<UL><LI><a href="#[75]">&gt;&gt;</a>&nbsp;&nbsp;&nbsp;main
</UL>

<P><STRONG><a name="[ca]"></a>TimerInit</STRONG> (Thumb, 126 bytes, Stack size 16 bytes, time.o(.text.TimerInit))
<BR><BR>[Stack]<UL><LI>Max Depth = 28<LI>Call Chain = TimerInit &rArr; Timer0A_Init
</UL>
<BR>[Calls]<UL><LI><a href="#[cb]">&gt;&gt;</a>&nbsp;&nbsp;&nbsp;Timer0A_Init
</UL>
<BR>[Called By]<UL><LI><a href="#[75]">&gt;&gt;</a>&nbsp;&nbsp;&nbsp;main
</UL>

<P><STRONG><a name="[e1]"></a>Tx5Fifo_Get</STRONG> (Thumb, 80 bytes, Stack size 8 bytes, esp8266.o(.text.Tx5Fifo_Get))
<BR><BR>[Stack]<UL><LI>Max Depth = 8<LI>Call Chain = Tx5Fifo_Get
</UL>
<BR>[Called By]<UL><LI><a href="#[a0]">&gt;&gt;</a>&nbsp;&nbsp;&nbsp;copySoftwareToHardware5
</UL>

<P><STRONG><a name="[cc]"></a>Tx5Fifo_Init</STRONG> (Thumb, 42 bytes, Stack size 16 bytes, esp8266.o(.text.Tx5Fifo_Init))
<BR><BR>[Stack]<UL><LI>Max Depth = 16 + Unknown Stack Size
<LI>Call Chain = Tx5Fifo_Init
</UL>
<BR>[Calls]<UL><LI><a href="#[ad]">&gt;&gt;</a>&nbsp;&nbsp;&nbsp;EndCritical
<LI><a href="#[ac]">&gt;&gt;</a>&nbsp;&nbsp;&nbsp;StartCritical
</UL>
<BR>[Called By]<UL><LI><a href="#[9c]">&gt;&gt;</a>&nbsp;&nbsp;&nbsp;UART5_Init
</UL>

<P><STRONG><a name="[9f]"></a>Tx5Fifo_Put</STRONG> (Thumb, 88 bytes, Stack size 8 bytes, esp8266.o(.text.Tx5Fifo_Put))
<BR><BR>[Stack]<UL><LI>Max Depth = 8<LI>Call Chain = Tx5Fifo_Put
</UL>
<BR>[Called By]<UL><LI><a href="#[9e]">&gt;&gt;</a>&nbsp;&nbsp;&nbsp;ESP8266_OutChar
</UL>

<P><STRONG><a name="[d0]"></a>Tx5Fifo_Size</STRONG> (Thumb, 24 bytes, Stack size 0 bytes, esp8266.o(.text.Tx5Fifo_Size))
<BR><BR>[Called By]<UL><LI><a href="#[a0]">&gt;&gt;</a>&nbsp;&nbsp;&nbsp;copySoftwareToHardware5
<LI><a href="#[43]">&gt;&gt;</a>&nbsp;&nbsp;&nbsp;UART5_Handler
</UL>

<P><STRONG><a name="[e0]"></a>TxFifo_Get</STRONG> (Thumb, 82 bytes, Stack size 8 bytes, uart.o(.text.TxFifo_Get))
<BR><BR>[Stack]<UL><LI>Max Depth = 8<LI>Call Chain = TxFifo_Get
</UL>
<BR>[Called By]<UL><LI><a href="#[cd]">&gt;&gt;</a>&nbsp;&nbsp;&nbsp;copySoftwareToHardware
</UL>

<P><STRONG><a name="[ce]"></a>TxFifo_Size</STRONG> (Thumb, 24 bytes, Stack size 0 bytes, uart.o(.text.TxFifo_Size))
<BR><BR>[Called By]<UL><LI><a href="#[f]">&gt;&gt;</a>&nbsp;&nbsp;&nbsp;UART0_Handler
<LI><a href="#[cd]">&gt;&gt;</a>&nbsp;&nbsp;&nbsp;copySoftwareToHardware
</UL>

<P><STRONG><a name="[f]"></a>UART0_Handler</STRONG> (Thumb, 140 bytes, Stack size 8 bytes, uart.o(.text.UART0_Handler))
<BR><BR>[Stack]<UL><LI>Max Depth = 32<LI>Call Chain = UART0_Handler &rArr; copySoftwareToHardware &rArr; TxFifo_Get
</UL>
<BR>[Calls]<UL><LI><a href="#[ce]">&gt;&gt;</a>&nbsp;&nbsp;&nbsp;TxFifo_Size
<LI><a href="#[cd]">&gt;&gt;</a>&nbsp;&nbsp;&nbsp;copySoftwareToHardware
<LI><a href="#[cf]">&gt;&gt;</a>&nbsp;&nbsp;&nbsp;copyHardwareToSoftware
</UL>
<BR>[Address Reference Count : 1]<UL><LI> startup.o(RESET)
</UL>
<P><STRONG><a name="[43]"></a>UART5_Handler</STRONG> (Thumb, 140 bytes, Stack size 8 bytes, esp8266.o(.text.UART5_Handler))
<BR><BR>[Stack]<UL><LI>Max Depth = 40<LI>Call Chain = UART5_Handler &rArr; copyHardwareToSoftware5 &rArr; Rx5Fifo_Put
</UL>
<BR>[Calls]<UL><LI><a href="#[d0]">&gt;&gt;</a>&nbsp;&nbsp;&nbsp;Tx5Fifo_Size
<LI><a href="#[a0]">&gt;&gt;</a>&nbsp;&nbsp;&nbsp;copySoftwareToHardware5
<LI><a href="#[d1]">&gt;&gt;</a>&nbsp;&nbsp;&nbsp;copyHardwareToSoftware5
</UL>
<BR>[Address Reference Count : 1]<UL><LI> startup.o(RESET)
</UL>
<P><STRONG><a name="[9c]"></a>UART5_Init</STRONG> (Thumb, 264 bytes, Stack size 16 bytes, esp8266.o(.text.UART5_Init))
<BR><BR>[Stack]<UL><LI>Max Depth = 32 + Unknown Stack Size
<LI>Call Chain = UART5_Init &rArr; Tx5Fifo_Init
</UL>
<BR>[Calls]<UL><LI><a href="#[cc]">&gt;&gt;</a>&nbsp;&nbsp;&nbsp;Tx5Fifo_Init
<LI><a href="#[a6]">&gt;&gt;</a>&nbsp;&nbsp;&nbsp;Rx5Fifo_Init
</UL>
<BR>[Called By]<UL><LI><a href="#[9b]">&gt;&gt;</a>&nbsp;&nbsp;&nbsp;ESP8266_Init
</UL>

<P><STRONG><a name="[92]"></a>alarmPlaying</STRONG> (Thumb, 12 bytes, Stack size 0 bytes, time.o(.text.alarmPlaying))
<BR><BR>[Called By]<UL><LI><a href="#[79]">&gt;&gt;</a>&nbsp;&nbsp;&nbsp;Switch2
<LI><a href="#[78]">&gt;&gt;</a>&nbsp;&nbsp;&nbsp;Switch1
<LI><a href="#[7a]">&gt;&gt;</a>&nbsp;&nbsp;&nbsp;Blynk_to_TM4C
</UL>

<P><STRONG><a name="[d2]"></a>changeTime</STRONG> (Thumb, 516 bytes, Stack size 56 bytes, lcd.o(.text.changeTime))
<BR><BR>[Stack]<UL><LI>Max Depth = 356<LI>Call Chain = changeTime &rArr; printTime &rArr; clearScreen &rArr; ST7735_FillScreen &rArr; ST7735_FillRect &rArr; setAddrWindow &rArr; writedata
</UL>
<BR>[Calls]<UL><LI><a href="#[ab]">&gt;&gt;</a>&nbsp;&nbsp;&nbsp;mainMenu
<LI><a href="#[d3]">&gt;&gt;</a>&nbsp;&nbsp;&nbsp;getTime
<LI><a href="#[bb]">&gt;&gt;</a>&nbsp;&nbsp;&nbsp;ST7735_SetCursor
<LI><a href="#[c1]">&gt;&gt;</a>&nbsp;&nbsp;&nbsp;ST7735_OutString
<LI><a href="#[ae]">&gt;&gt;</a>&nbsp;&nbsp;&nbsp;ST7735_DrawBitmap
<LI><a href="#[d6]">&gt;&gt;</a>&nbsp;&nbsp;&nbsp;waitPressSet
<LI><a href="#[d7]">&gt;&gt;</a>&nbsp;&nbsp;&nbsp;setTime
<LI><a href="#[d8]">&gt;&gt;</a>&nbsp;&nbsp;&nbsp;setAlarm
<LI><a href="#[d9]">&gt;&gt;</a>&nbsp;&nbsp;&nbsp;resetTimer
<LI><a href="#[d5]">&gt;&gt;</a>&nbsp;&nbsp;&nbsp;printTime
<LI><a href="#[d4]">&gt;&gt;</a>&nbsp;&nbsp;&nbsp;getAlarmTime
</UL>
<BR>[Called By]<UL><LI><a href="#[75]">&gt;&gt;</a>&nbsp;&nbsp;&nbsp;main
</UL>

<P><STRONG><a name="[ea]"></a>checkAlarm</STRONG> (Thumb, 72 bytes, Stack size 4 bytes, time.o(.text.checkAlarm))
<BR><BR>[Stack]<UL><LI>Max Depth = 4<LI>Call Chain = checkAlarm
</UL>
<BR>[Called By]<UL><LI><a href="#[75]">&gt;&gt;</a>&nbsp;&nbsp;&nbsp;main
</UL>

<P><STRONG><a name="[da]"></a>clearScreen</STRONG> (Thumb, 10 bytes, Stack size 8 bytes, lcd.o(.text.clearScreen))
<BR><BR>[Stack]<UL><LI>Max Depth = 116<LI>Call Chain = clearScreen &rArr; ST7735_FillScreen &rArr; ST7735_FillRect &rArr; setAddrWindow &rArr; writedata
</UL>
<BR>[Calls]<UL><LI><a href="#[b7]">&gt;&gt;</a>&nbsp;&nbsp;&nbsp;ST7735_FillScreen
</UL>
<BR>[Called By]<UL><LI><a href="#[ab]">&gt;&gt;</a>&nbsp;&nbsp;&nbsp;mainMenu
<LI><a href="#[e3]">&gt;&gt;</a>&nbsp;&nbsp;&nbsp;drawClock
<LI><a href="#[d5]">&gt;&gt;</a>&nbsp;&nbsp;&nbsp;printTime
</UL>

<P><STRONG><a name="[e2]"></a>digitalClock</STRONG> (Thumb, 52 bytes, Stack size 16 bytes, lcd.o(.text.digitalClock))
<BR><BR>[Stack]<UL><LI>Max Depth = 316<LI>Call Chain = digitalClock &rArr; printTime &rArr; clearScreen &rArr; ST7735_FillScreen &rArr; ST7735_FillRect &rArr; setAddrWindow &rArr; writedata
</UL>
<BR>[Calls]<UL><LI><a href="#[bb]">&gt;&gt;</a>&nbsp;&nbsp;&nbsp;ST7735_SetCursor
<LI><a href="#[c1]">&gt;&gt;</a>&nbsp;&nbsp;&nbsp;ST7735_OutString
<LI><a href="#[d5]">&gt;&gt;</a>&nbsp;&nbsp;&nbsp;printTime
</UL>
<BR>[Called By]<UL><LI><a href="#[75]">&gt;&gt;</a>&nbsp;&nbsp;&nbsp;main
</UL>

<P><STRONG><a name="[e3]"></a>drawClock</STRONG> (Thumb, 86 bytes, Stack size 32 bytes, lcd.o(.text.drawClock))
<BR><BR>[Stack]<UL><LI>Max Depth = 284<LI>Call Chain = drawClock &rArr; drawMinuteHand &rArr; ST7735_Line &rArr; plotLineY &rArr; ST7735_DrawPixel &rArr; setAddrWindow &rArr; writedata
</UL>
<BR>[Calls]<UL><LI><a href="#[bb]">&gt;&gt;</a>&nbsp;&nbsp;&nbsp;ST7735_SetCursor
<LI><a href="#[c1]">&gt;&gt;</a>&nbsp;&nbsp;&nbsp;ST7735_OutString
<LI><a href="#[ae]">&gt;&gt;</a>&nbsp;&nbsp;&nbsp;ST7735_DrawBitmap
<LI><a href="#[e4]">&gt;&gt;</a>&nbsp;&nbsp;&nbsp;drawMinuteHand
<LI><a href="#[e5]">&gt;&gt;</a>&nbsp;&nbsp;&nbsp;drawHourHand
<LI><a href="#[da]">&gt;&gt;</a>&nbsp;&nbsp;&nbsp;clearScreen
</UL>
<BR>[Called By]<UL><LI><a href="#[75]">&gt;&gt;</a>&nbsp;&nbsp;&nbsp;main
</UL>

<P><STRONG><a name="[e5]"></a>drawHourHand</STRONG> (Thumb, 290 bytes, Stack size 40 bytes, lcd.o(.text.drawHourHand))
<BR><BR>[Stack]<UL><LI>Max Depth = 244<LI>Call Chain = drawHourHand &rArr; ST7735_Line &rArr; plotLineY &rArr; ST7735_DrawPixel &rArr; setAddrWindow &rArr; writedata
</UL>
<BR>[Calls]<UL><LI><a href="#[bc]">&gt;&gt;</a>&nbsp;&nbsp;&nbsp;ST7735_Line
</UL>
<BR>[Called By]<UL><LI><a href="#[e3]">&gt;&gt;</a>&nbsp;&nbsp;&nbsp;drawClock
</UL>

<P><STRONG><a name="[e4]"></a>drawMinuteHand</STRONG> (Thumb, 1478 bytes, Stack size 48 bytes, lcd.o(.text.drawMinuteHand))
<BR><BR>[Stack]<UL><LI>Max Depth = 252<LI>Call Chain = drawMinuteHand &rArr; ST7735_Line &rArr; plotLineY &rArr; ST7735_DrawPixel &rArr; setAddrWindow &rArr; writedata
</UL>
<BR>[Calls]<UL><LI><a href="#[bc]">&gt;&gt;</a>&nbsp;&nbsp;&nbsp;ST7735_Line
</UL>
<BR>[Called By]<UL><LI><a href="#[e3]">&gt;&gt;</a>&nbsp;&nbsp;&nbsp;drawClock
</UL>

<P><STRONG><a name="[ed]"></a>getAlarmFlag</STRONG> (Thumb, 12 bytes, Stack size 0 bytes, time.o(.text.getAlarmFlag))
<BR><BR>[Called By]<UL><LI><a href="#[ab]">&gt;&gt;</a>&nbsp;&nbsp;&nbsp;mainMenu
</UL>

<P><STRONG><a name="[d4]"></a>getAlarmTime</STRONG> (Thumb, 12 bytes, Stack size 0 bytes, time.o(.text.getAlarmTime))
<BR><BR>[Called By]<UL><LI><a href="#[d2]">&gt;&gt;</a>&nbsp;&nbsp;&nbsp;changeTime
</UL>

<P><STRONG><a name="[97]"></a>getArrowLocation</STRONG> (Thumb, 12 bytes, Stack size 0 bytes, lcd.o(.text.getArrowLocation))
<BR><BR>[Called By]<UL><LI><a href="#[79]">&gt;&gt;</a>&nbsp;&nbsp;&nbsp;Switch2
<LI><a href="#[78]">&gt;&gt;</a>&nbsp;&nbsp;&nbsp;Switch1
<LI><a href="#[7a]">&gt;&gt;</a>&nbsp;&nbsp;&nbsp;Blynk_to_TM4C
</UL>

<P><STRONG><a name="[c2]"></a>getFullTime</STRONG> (Thumb, 28 bytes, Stack size 0 bytes, time.o(.text.getFullTime))
<BR><BR>[Called By]<UL><LI><a href="#[7b]">&gt;&gt;</a>&nbsp;&nbsp;&nbsp;SendInformation
</UL>

<P><STRONG><a name="[96]"></a>getScreen</STRONG> (Thumb, 12 bytes, Stack size 0 bytes, lcd.o(.text.getScreen))
<BR><BR>[Called By]<UL><LI><a href="#[75]">&gt;&gt;</a>&nbsp;&nbsp;&nbsp;main
<LI><a href="#[79]">&gt;&gt;</a>&nbsp;&nbsp;&nbsp;Switch2
<LI><a href="#[78]">&gt;&gt;</a>&nbsp;&nbsp;&nbsp;Switch1
<LI><a href="#[7a]">&gt;&gt;</a>&nbsp;&nbsp;&nbsp;Blynk_to_TM4C
</UL>

<P><STRONG><a name="[d3]"></a>getTime</STRONG> (Thumb, 12 bytes, Stack size 0 bytes, time.o(.text.getTime))
<BR><BR>[Called By]<UL><LI><a href="#[75]">&gt;&gt;</a>&nbsp;&nbsp;&nbsp;main
<LI><a href="#[d2]">&gt;&gt;</a>&nbsp;&nbsp;&nbsp;changeTime
</UL>

<P><STRONG><a name="[ef]"></a>getUpdateFlag</STRONG> (Thumb, 12 bytes, Stack size 0 bytes, time.o(.text.getUpdateFlag))
<BR><BR>[Called By]<UL><LI><a href="#[ec]">&gt;&gt;</a>&nbsp;&nbsp;&nbsp;waitPressOrTime
</UL>

<P><STRONG><a name="[77]"></a>incrementTime</STRONG> (Thumb, 176 bytes, Stack size 0 bytes, time.o(.text.incrementTime))
<BR>[Address Reference Count : 2]<UL><LI> time.o(.text.TimerInit)
<LI> time.o(.text.resetTimer)
</UL>
<P><STRONG><a name="[75]"></a>main</STRONG> (Thumb, 500 bytes, Stack size 56 bytes, blynk.o(.text.main))
<BR><BR>[Stack]<UL><LI>Max Depth = 412 + Unknown Stack Size
<LI>Call Chain = main &rArr; changeTime &rArr; printTime &rArr; clearScreen &rArr; ST7735_FillScreen &rArr; ST7735_FillRect &rArr; setAddrWindow &rArr; writedata
</UL>
<BR>[Calls]<UL><LI><a href="#[ec]">&gt;&gt;</a>&nbsp;&nbsp;&nbsp;waitPressOrTime
<LI><a href="#[eb]">&gt;&gt;</a>&nbsp;&nbsp;&nbsp;waitPress
<LI><a href="#[94]">&gt;&gt;</a>&nbsp;&nbsp;&nbsp;toggleAlarm
<LI><a href="#[98]">&gt;&gt;</a>&nbsp;&nbsp;&nbsp;setScreen
<LI><a href="#[ab]">&gt;&gt;</a>&nbsp;&nbsp;&nbsp;mainMenu
<LI><a href="#[d3]">&gt;&gt;</a>&nbsp;&nbsp;&nbsp;getTime
<LI><a href="#[96]">&gt;&gt;</a>&nbsp;&nbsp;&nbsp;getScreen
<LI><a href="#[e3]">&gt;&gt;</a>&nbsp;&nbsp;&nbsp;drawClock
<LI><a href="#[e2]">&gt;&gt;</a>&nbsp;&nbsp;&nbsp;digitalClock
<LI><a href="#[ea]">&gt;&gt;</a>&nbsp;&nbsp;&nbsp;checkAlarm
<LI><a href="#[d2]">&gt;&gt;</a>&nbsp;&nbsp;&nbsp;changeTime
<LI><a href="#[ca]">&gt;&gt;</a>&nbsp;&nbsp;&nbsp;TimerInit
<LI><a href="#[e8]">&gt;&gt;</a>&nbsp;&nbsp;&nbsp;Timer5A_Init
<LI><a href="#[c7]">&gt;&gt;</a>&nbsp;&nbsp;&nbsp;Switch_Init
<LI><a href="#[c4]">&gt;&gt;</a>&nbsp;&nbsp;&nbsp;Sound_Init
<LI><a href="#[a9]">&gt;&gt;</a>&nbsp;&nbsp;&nbsp;LCDInit
<LI><a href="#[a5]">&gt;&gt;</a>&nbsp;&nbsp;&nbsp;ESP8266_SetupWiFi
<LI><a href="#[a3]">&gt;&gt;</a>&nbsp;&nbsp;&nbsp;ESP8266_Reset
<LI><a href="#[9b]">&gt;&gt;</a>&nbsp;&nbsp;&nbsp;ESP8266_Init
<LI><a href="#[e7]">&gt;&gt;</a>&nbsp;&nbsp;&nbsp;PLL_Init
<LI><a href="#[e9]">&gt;&gt;</a>&nbsp;&nbsp;&nbsp;Timer4A_Init
<LI><a href="#[9d]">&gt;&gt;</a>&nbsp;&nbsp;&nbsp;EnableInterrupts
<LI><a href="#[e6]">&gt;&gt;</a>&nbsp;&nbsp;&nbsp;DisableInterrupts
</UL>
<BR>[Address Reference Count : 1]<UL><LI> entry9a.o(.ARM.Collect$$$$0000000B)
</UL>
<P><STRONG><a name="[ab]"></a>mainMenu</STRONG> (Thumb, 316 bytes, Stack size 40 bytes, lcd.o(.text.mainMenu))
<BR><BR>[Stack]<UL><LI>Max Depth = 260<LI>Call Chain = mainMenu &rArr; ST7735_OutString &rArr; ST7735_OutChar &rArr; ST7735_DrawString &rArr; ST7735_DrawCharS &rArr; ST7735_FillRect &rArr; setAddrWindow &rArr; writedata
</UL>
<BR>[Calls]<UL><LI><a href="#[bb]">&gt;&gt;</a>&nbsp;&nbsp;&nbsp;ST7735_SetCursor
<LI><a href="#[c1]">&gt;&gt;</a>&nbsp;&nbsp;&nbsp;ST7735_OutString
<LI><a href="#[ae]">&gt;&gt;</a>&nbsp;&nbsp;&nbsp;ST7735_DrawBitmap
<LI><a href="#[ed]">&gt;&gt;</a>&nbsp;&nbsp;&nbsp;getAlarmFlag
<LI><a href="#[da]">&gt;&gt;</a>&nbsp;&nbsp;&nbsp;clearScreen
</UL>
<BR>[Called By]<UL><LI><a href="#[75]">&gt;&gt;</a>&nbsp;&nbsp;&nbsp;main
<LI><a href="#[d2]">&gt;&gt;</a>&nbsp;&nbsp;&nbsp;changeTime
<LI><a href="#[a9]">&gt;&gt;</a>&nbsp;&nbsp;&nbsp;LCDInit
</UL>

<P><STRONG><a name="[be]"></a>plotLineX</STRONG> (Thumb, 286 bytes, Stack size 72 bytes, st7735.o(.text.plotLineX))
<BR><BR>[Stack]<UL><LI>Max Depth = 148<LI>Call Chain = plotLineX &rArr; ST7735_DrawPixel &rArr; setAddrWindow &rArr; writedata
</UL>
<BR>[Calls]<UL><LI><a href="#[b3]">&gt;&gt;</a>&nbsp;&nbsp;&nbsp;ST7735_DrawPixel
<LI><a href="#[bd]">&gt;&gt;</a>&nbsp;&nbsp;&nbsp;abs
</UL>
<BR>[Called By]<UL><LI><a href="#[bc]">&gt;&gt;</a>&nbsp;&nbsp;&nbsp;ST7735_Line
</UL>

<P><STRONG><a name="[bf]"></a>plotLineY</STRONG> (Thumb, 286 bytes, Stack size 72 bytes, st7735.o(.text.plotLineY))
<BR><BR>[Stack]<UL><LI>Max Depth = 148<LI>Call Chain = plotLineY &rArr; ST7735_DrawPixel &rArr; setAddrWindow &rArr; writedata
</UL>
<BR>[Calls]<UL><LI><a href="#[b3]">&gt;&gt;</a>&nbsp;&nbsp;&nbsp;ST7735_DrawPixel
<LI><a href="#[bd]">&gt;&gt;</a>&nbsp;&nbsp;&nbsp;abs
</UL>
<BR>[Called By]<UL><LI><a href="#[bc]">&gt;&gt;</a>&nbsp;&nbsp;&nbsp;ST7735_Line
</UL>

<P><STRONG><a name="[d5]"></a>printTime</STRONG> (Thumb, 1472 bytes, Stack size 184 bytes, lcd.o(.text.printTime))
<BR><BR>[Stack]<UL><LI>Max Depth = 300<LI>Call Chain = printTime &rArr; clearScreen &rArr; ST7735_FillScreen &rArr; ST7735_FillRect &rArr; setAddrWindow &rArr; writedata
</UL>
<BR>[Calls]<UL><LI><a href="#[ae]">&gt;&gt;</a>&nbsp;&nbsp;&nbsp;ST7735_DrawBitmap
<LI><a href="#[da]">&gt;&gt;</a>&nbsp;&nbsp;&nbsp;clearScreen
</UL>
<BR>[Called By]<UL><LI><a href="#[e2]">&gt;&gt;</a>&nbsp;&nbsp;&nbsp;digitalClock
<LI><a href="#[d2]">&gt;&gt;</a>&nbsp;&nbsp;&nbsp;changeTime
</UL>

<P><STRONG><a name="[95]"></a>resetAlarmFlag</STRONG> (Thumb, 14 bytes, Stack size 0 bytes, time.o(.text.resetAlarmFlag))
<BR><BR>[Called By]<UL><LI><a href="#[79]">&gt;&gt;</a>&nbsp;&nbsp;&nbsp;Switch2
<LI><a href="#[78]">&gt;&gt;</a>&nbsp;&nbsp;&nbsp;Switch1
<LI><a href="#[7a]">&gt;&gt;</a>&nbsp;&nbsp;&nbsp;Blynk_to_TM4C
</UL>

<P><STRONG><a name="[d9]"></a>resetTimer</STRONG> (Thumb, 26 bytes, Stack size 8 bytes, time.o(.text.resetTimer))
<BR><BR>[Stack]<UL><LI>Max Depth = 20<LI>Call Chain = resetTimer &rArr; Timer0A_Init
</UL>
<BR>[Calls]<UL><LI><a href="#[cb]">&gt;&gt;</a>&nbsp;&nbsp;&nbsp;Timer0A_Init
</UL>
<BR>[Called By]<UL><LI><a href="#[d2]">&gt;&gt;</a>&nbsp;&nbsp;&nbsp;changeTime
<LI><a href="#[d7]">&gt;&gt;</a>&nbsp;&nbsp;&nbsp;setTime
</UL>

<P><STRONG><a name="[f0]"></a>resetUpdateFlag</STRONG> (Thumb, 14 bytes, Stack size 0 bytes, time.o(.text.resetUpdateFlag))
<BR><BR>[Called By]<UL><LI><a href="#[ec]">&gt;&gt;</a>&nbsp;&nbsp;&nbsp;waitPressOrTime
</UL>

<P><STRONG><a name="[d8]"></a>setAlarm</STRONG> (Thumb, 30 bytes, Stack size 8 bytes, time.o(.text.setAlarm))
<BR><BR>[Stack]<UL><LI>Max Depth = 8<LI>Call Chain = setAlarm
</UL>
<BR>[Called By]<UL><LI><a href="#[d2]">&gt;&gt;</a>&nbsp;&nbsp;&nbsp;changeTime
</UL>

<P><STRONG><a name="[99]"></a>setArrowLocation</STRONG> (Thumb, 20 bytes, Stack size 4 bytes, lcd.o(.text.setArrowLocation))
<BR><BR>[Stack]<UL><LI>Max Depth = 4<LI>Call Chain = setArrowLocation
</UL>
<BR>[Called By]<UL><LI><a href="#[79]">&gt;&gt;</a>&nbsp;&nbsp;&nbsp;Switch2
<LI><a href="#[78]">&gt;&gt;</a>&nbsp;&nbsp;&nbsp;Switch1
<LI><a href="#[7a]">&gt;&gt;</a>&nbsp;&nbsp;&nbsp;Blynk_to_TM4C
</UL>

<P><STRONG><a name="[9a]"></a>setPF0Flag</STRONG> (Thumb, 14 bytes, Stack size 0 bytes, switches.o(.text.setPF0Flag))
<BR><BR>[Called By]<UL><LI><a href="#[7a]">&gt;&gt;</a>&nbsp;&nbsp;&nbsp;Blynk_to_TM4C
</UL>

<P><STRONG><a name="[91]"></a>setPF4Flag</STRONG> (Thumb, 14 bytes, Stack size 0 bytes, switches.o(.text.setPF4Flag))
<BR><BR>[Called By]<UL><LI><a href="#[7a]">&gt;&gt;</a>&nbsp;&nbsp;&nbsp;Blynk_to_TM4C
</UL>

<P><STRONG><a name="[98]"></a>setScreen</STRONG> (Thumb, 20 bytes, Stack size 4 bytes, lcd.o(.text.setScreen))
<BR><BR>[Stack]<UL><LI>Max Depth = 4<LI>Call Chain = setScreen
</UL>
<BR>[Called By]<UL><LI><a href="#[75]">&gt;&gt;</a>&nbsp;&nbsp;&nbsp;main
<LI><a href="#[79]">&gt;&gt;</a>&nbsp;&nbsp;&nbsp;Switch2
<LI><a href="#[78]">&gt;&gt;</a>&nbsp;&nbsp;&nbsp;Switch1
<LI><a href="#[7a]">&gt;&gt;</a>&nbsp;&nbsp;&nbsp;Blynk_to_TM4C
</UL>

<P><STRONG><a name="[d7]"></a>setTime</STRONG> (Thumb, 76 bytes, Stack size 16 bytes, time.o(.text.setTime))
<BR><BR>[Stack]<UL><LI>Max Depth = 36<LI>Call Chain = setTime &rArr; resetTimer &rArr; Timer0A_Init
</UL>
<BR>[Calls]<UL><LI><a href="#[ee]">&gt;&gt;</a>&nbsp;&nbsp;&nbsp;Timer0A_Stop
<LI><a href="#[d9]">&gt;&gt;</a>&nbsp;&nbsp;&nbsp;resetTimer
</UL>
<BR>[Called By]<UL><LI><a href="#[d2]">&gt;&gt;</a>&nbsp;&nbsp;&nbsp;changeTime
</UL>

<P><STRONG><a name="[94]"></a>toggleAlarm</STRONG> (Thumb, 20 bytes, Stack size 0 bytes, time.o(.text.toggleAlarm))
<BR><BR>[Called By]<UL><LI><a href="#[75]">&gt;&gt;</a>&nbsp;&nbsp;&nbsp;main
<LI><a href="#[79]">&gt;&gt;</a>&nbsp;&nbsp;&nbsp;Switch2
<LI><a href="#[78]">&gt;&gt;</a>&nbsp;&nbsp;&nbsp;Switch1
<LI><a href="#[7a]">&gt;&gt;</a>&nbsp;&nbsp;&nbsp;Blynk_to_TM4C
</UL>

<P><STRONG><a name="[eb]"></a>waitPress</STRONG> (Thumb, 82 bytes, Stack size 4 bytes, switches.o(.text.waitPress))
<BR><BR>[Stack]<UL><LI>Max Depth = 4<LI>Call Chain = waitPress
</UL>
<BR>[Called By]<UL><LI><a href="#[75]">&gt;&gt;</a>&nbsp;&nbsp;&nbsp;main
</UL>

<P><STRONG><a name="[ec]"></a>waitPressOrTime</STRONG> (Thumb, 110 bytes, Stack size 16 bytes, switches.o(.text.waitPressOrTime))
<BR><BR>[Stack]<UL><LI>Max Depth = 16<LI>Call Chain = waitPressOrTime
</UL>
<BR>[Calls]<UL><LI><a href="#[f0]">&gt;&gt;</a>&nbsp;&nbsp;&nbsp;resetUpdateFlag
<LI><a href="#[ef]">&gt;&gt;</a>&nbsp;&nbsp;&nbsp;getUpdateFlag
</UL>
<BR>[Called By]<UL><LI><a href="#[75]">&gt;&gt;</a>&nbsp;&nbsp;&nbsp;main
</UL>

<P><STRONG><a name="[d6]"></a>waitPressSet</STRONG> (Thumb, 168 bytes, Stack size 20 bytes, switches.o(.text.waitPressSet))
<BR><BR>[Stack]<UL><LI>Max Depth = 20<LI>Call Chain = waitPressSet
</UL>
<BR>[Called By]<UL><LI><a href="#[d2]">&gt;&gt;</a>&nbsp;&nbsp;&nbsp;changeTime
</UL>

<P><STRONG><a name="[88]"></a>__aeabi_errno_addr</STRONG> (Thumb, 4 bytes, Stack size 0 bytes, errno.o(i.__aeabi_errno_addr))
<BR><BR>[Called By]<UL><LI><a href="#[8b]">&gt;&gt;</a>&nbsp;&nbsp;&nbsp;_strtoul
<LI><a href="#[89]">&gt;&gt;</a>&nbsp;&nbsp;&nbsp;strtol
<LI><a href="#[87]">&gt;&gt;</a>&nbsp;&nbsp;&nbsp;atoi
</UL>

<P><STRONG><a name="[f9]"></a>__rt_errno_addr</STRONG> (Thumb, 0 bytes, Stack size 0 bytes, errno.o(i.__aeabi_errno_addr), UNUSED)

<P><STRONG><a name="[fa]"></a>__scatterload_copy</STRONG> (Thumb, 14 bytes, Stack size unknown bytes, handlers.o(i.__scatterload_copy), UNUSED)

<P><STRONG><a name="[fb]"></a>__scatterload_null</STRONG> (Thumb, 2 bytes, Stack size unknown bytes, handlers.o(i.__scatterload_null), UNUSED)

<P><STRONG><a name="[fc]"></a>__scatterload_zeroinit</STRONG> (Thumb, 14 bytes, Stack size unknown bytes, handlers.o(i.__scatterload_zeroinit), UNUSED)
<P>
<H3>
Local Symbols
</H3>
<P><STRONG><a name="[1]"></a>NMI_Handler</STRONG> (Thumb, 0 bytes, Stack size unknown bytes, startup.o(RESET))
<BR><BR>[Calls]<UL><LI><a href="#[1]">&gt;&gt;</a>&nbsp;&nbsp;&nbsp;NMI_Handler
</UL>
<BR>[Called By]<UL><LI><a href="#[1]">&gt;&gt;</a>&nbsp;&nbsp;&nbsp;NMI_Handler
</UL>
<BR>[Address Reference Count : 1]<UL><LI> startup.o(RESET)
</UL>
<P><STRONG><a name="[b9]"></a>commandList</STRONG> (Thumb, 174 bytes, Stack size 16 bytes, st7735.o(.text.commandList))
<BR><BR>[Stack]<UL><LI>Max Depth = 24<LI>Call Chain = commandList &rArr; Delay1ms
</UL>
<BR>[Calls]<UL><LI><a href="#[db]">&gt;&gt;</a>&nbsp;&nbsp;&nbsp;Delay1ms
<LI><a href="#[b0]">&gt;&gt;</a>&nbsp;&nbsp;&nbsp;writedata
<LI><a href="#[ba]">&gt;&gt;</a>&nbsp;&nbsp;&nbsp;writecommand
</UL>
<BR>[Called By]<UL><LI><a href="#[aa]">&gt;&gt;</a>&nbsp;&nbsp;&nbsp;ST7735_InitR
<LI><a href="#[b8]">&gt;&gt;</a>&nbsp;&nbsp;&nbsp;commonInit
</UL>

<P><STRONG><a name="[b8]"></a>commonInit</STRONG> (Thumb, 480 bytes, Stack size 56 bytes, st7735.o(.text.commonInit))
<BR><BR>[Stack]<UL><LI>Max Depth = 80<LI>Call Chain = commonInit &rArr; commandList &rArr; Delay1ms
</UL>
<BR>[Calls]<UL><LI><a href="#[db]">&gt;&gt;</a>&nbsp;&nbsp;&nbsp;Delay1ms
<LI><a href="#[b9]">&gt;&gt;</a>&nbsp;&nbsp;&nbsp;commandList
</UL>
<BR>[Called By]<UL><LI><a href="#[aa]">&gt;&gt;</a>&nbsp;&nbsp;&nbsp;ST7735_InitR
</UL>

<P><STRONG><a name="[b1]"></a>deselect</STRONG> (Thumb, 36 bytes, Stack size 0 bytes, st7735.o(.text.deselect))
<BR><BR>[Called By]<UL><LI><a href="#[b4]">&gt;&gt;</a>&nbsp;&nbsp;&nbsp;ST7735_FillRect
<LI><a href="#[b3]">&gt;&gt;</a>&nbsp;&nbsp;&nbsp;ST7735_DrawPixel
<LI><a href="#[ae]">&gt;&gt;</a>&nbsp;&nbsp;&nbsp;ST7735_DrawBitmap
</UL>

<P><STRONG><a name="[b5]"></a>pushColor</STRONG> (Thumb, 32 bytes, Stack size 16 bytes, st7735.o(.text.pushColor))
<BR><BR>[Stack]<UL><LI>Max Depth = 20<LI>Call Chain = pushColor &rArr; writedata
</UL>
<BR>[Calls]<UL><LI><a href="#[b0]">&gt;&gt;</a>&nbsp;&nbsp;&nbsp;writedata
</UL>
<BR>[Called By]<UL><LI><a href="#[b3]">&gt;&gt;</a>&nbsp;&nbsp;&nbsp;ST7735_DrawPixel
</UL>

<P><STRONG><a name="[af]"></a>setAddrWindow</STRONG> (Thumb, 168 bytes, Stack size 48 bytes, st7735.o(.text.setAddrWindow))
<BR><BR>[Stack]<UL><LI>Max Depth = 52<LI>Call Chain = setAddrWindow &rArr; writedata
</UL>
<BR>[Calls]<UL><LI><a href="#[b0]">&gt;&gt;</a>&nbsp;&nbsp;&nbsp;writedata
<LI><a href="#[ba]">&gt;&gt;</a>&nbsp;&nbsp;&nbsp;writecommand
</UL>
<BR>[Called By]<UL><LI><a href="#[b4]">&gt;&gt;</a>&nbsp;&nbsp;&nbsp;ST7735_FillRect
<LI><a href="#[b3]">&gt;&gt;</a>&nbsp;&nbsp;&nbsp;ST7735_DrawPixel
<LI><a href="#[ae]">&gt;&gt;</a>&nbsp;&nbsp;&nbsp;ST7735_DrawBitmap
</UL>

<P><STRONG><a name="[ba]"></a>writecommand</STRONG> (Thumb, 92 bytes, Stack size 4 bytes, st7735.o(.text.writecommand))
<BR><BR>[Stack]<UL><LI>Max Depth = 4<LI>Call Chain = writecommand
</UL>
<BR>[Called By]<UL><LI><a href="#[aa]">&gt;&gt;</a>&nbsp;&nbsp;&nbsp;ST7735_InitR
<LI><a href="#[af]">&gt;&gt;</a>&nbsp;&nbsp;&nbsp;setAddrWindow
<LI><a href="#[b9]">&gt;&gt;</a>&nbsp;&nbsp;&nbsp;commandList
</UL>

<P><STRONG><a name="[b0]"></a>writedata</STRONG> (Thumb, 60 bytes, Stack size 4 bytes, st7735.o(.text.writedata))
<BR><BR>[Stack]<UL><LI>Max Depth = 4<LI>Call Chain = writedata
</UL>
<BR>[Called By]<UL><LI><a href="#[aa]">&gt;&gt;</a>&nbsp;&nbsp;&nbsp;ST7735_InitR
<LI><a href="#[b4]">&gt;&gt;</a>&nbsp;&nbsp;&nbsp;ST7735_FillRect
<LI><a href="#[ae]">&gt;&gt;</a>&nbsp;&nbsp;&nbsp;ST7735_DrawBitmap
<LI><a href="#[af]">&gt;&gt;</a>&nbsp;&nbsp;&nbsp;setAddrWindow
<LI><a href="#[b5]">&gt;&gt;</a>&nbsp;&nbsp;&nbsp;pushColor
<LI><a href="#[b9]">&gt;&gt;</a>&nbsp;&nbsp;&nbsp;commandList
</UL>

<P><STRONG><a name="[d1]"></a>copyHardwareToSoftware5</STRONG> (Thumb, 82 bytes, Stack size 16 bytes, esp8266.o(.text.copyHardwareToSoftware5))
<BR><BR>[Stack]<UL><LI>Max Depth = 32<LI>Call Chain = copyHardwareToSoftware5 &rArr; Rx5Fifo_Put
</UL>
<BR>[Calls]<UL><LI><a href="#[de]">&gt;&gt;</a>&nbsp;&nbsp;&nbsp;Rx5Fifo_Size
<LI><a href="#[df]">&gt;&gt;</a>&nbsp;&nbsp;&nbsp;Rx5Fifo_Put
</UL>
<BR>[Called By]<UL><LI><a href="#[43]">&gt;&gt;</a>&nbsp;&nbsp;&nbsp;UART5_Handler
</UL>

<P><STRONG><a name="[a0]"></a>copySoftwareToHardware5</STRONG> (Thumb, 80 bytes, Stack size 16 bytes, esp8266.o(.text.copySoftwareToHardware5))
<BR><BR>[Stack]<UL><LI>Max Depth = 24<LI>Call Chain = copySoftwareToHardware5 &rArr; Tx5Fifo_Get
</UL>
<BR>[Calls]<UL><LI><a href="#[d0]">&gt;&gt;</a>&nbsp;&nbsp;&nbsp;Tx5Fifo_Size
<LI><a href="#[e1]">&gt;&gt;</a>&nbsp;&nbsp;&nbsp;Tx5Fifo_Get
</UL>
<BR>[Called By]<UL><LI><a href="#[9e]">&gt;&gt;</a>&nbsp;&nbsp;&nbsp;ESP8266_OutChar
<LI><a href="#[43]">&gt;&gt;</a>&nbsp;&nbsp;&nbsp;UART5_Handler
</UL>

<P><STRONG><a name="[cf]"></a>copyHardwareToSoftware</STRONG> (Thumb, 82 bytes, Stack size 16 bytes, uart.o(.text.copyHardwareToSoftware))
<BR><BR>[Stack]<UL><LI>Max Depth = 24<LI>Call Chain = copyHardwareToSoftware &rArr; RxFifo_Put
</UL>
<BR>[Calls]<UL><LI><a href="#[dc]">&gt;&gt;</a>&nbsp;&nbsp;&nbsp;RxFifo_Size
<LI><a href="#[dd]">&gt;&gt;</a>&nbsp;&nbsp;&nbsp;RxFifo_Put
</UL>
<BR>[Called By]<UL><LI><a href="#[f]">&gt;&gt;</a>&nbsp;&nbsp;&nbsp;UART0_Handler
</UL>

<P><STRONG><a name="[cd]"></a>copySoftwareToHardware</STRONG> (Thumb, 80 bytes, Stack size 16 bytes, uart.o(.text.copySoftwareToHardware))
<BR><BR>[Stack]<UL><LI>Max Depth = 24<LI>Call Chain = copySoftwareToHardware &rArr; TxFifo_Get
</UL>
<BR>[Calls]<UL><LI><a href="#[ce]">&gt;&gt;</a>&nbsp;&nbsp;&nbsp;TxFifo_Size
<LI><a href="#[e0]">&gt;&gt;</a>&nbsp;&nbsp;&nbsp;TxFifo_Get
</UL>
<BR>[Called By]<UL><LI><a href="#[f]">&gt;&gt;</a>&nbsp;&nbsp;&nbsp;UART0_Handler
</UL>

<P><STRONG><a name="[c9]"></a>GPIOArmPF0</STRONG> (Thumb, 62 bytes, Stack size 0 bytes, switches.o(.text.GPIOArmPF0))
<BR><BR>[Called By]<UL><LI><a href="#[c7]">&gt;&gt;</a>&nbsp;&nbsp;&nbsp;Switch_Init
<LI><a href="#[2d]">&gt;&gt;</a>&nbsp;&nbsp;&nbsp;Timer3A_Handler
</UL>

<P><STRONG><a name="[c8]"></a>GPIOArmPF4</STRONG> (Thumb, 62 bytes, Stack size 0 bytes, switches.o(.text.GPIOArmPF4))
<BR><BR>[Called By]<UL><LI><a href="#[c7]">&gt;&gt;</a>&nbsp;&nbsp;&nbsp;Switch_Init
<LI><a href="#[21]">&gt;&gt;</a>&nbsp;&nbsp;&nbsp;Timer2A_Handler
</UL>

<P><STRONG><a name="[a7]"></a>Timer2Arm</STRONG> (Thumb, 122 bytes, Stack size 0 bytes, switches.o(.text.Timer2Arm))
<BR><BR>[Called By]<UL><LI><a href="#[28]">&gt;&gt;</a>&nbsp;&nbsp;&nbsp;GPIOPortF_Handler
</UL>

<P><STRONG><a name="[a8]"></a>Timer3Arm</STRONG> (Thumb, 120 bytes, Stack size 0 bytes, switches.o(.text.Timer3Arm))
<BR><BR>[Called By]<UL><LI><a href="#[28]">&gt;&gt;</a>&nbsp;&nbsp;&nbsp;GPIOPortF_Handler
</UL>
<P>
<H3>
Undefined Global Symbols
</H3><HR></body></html>
