<html>
<body>
<pre>
<h1>µVision Build Log</h1>
<h2>Tool Versions:</h2>
IDE-Version: µVision V5.29.0.0
Copyright (C) 2019 ARM Ltd and ARM Germany GmbH. All rights reserved.
License Information: Kevin Cao, UT, LIC=EPPJG-E17HJ-14EEA-JCCK2-21WVS-ZBPY5
 
Tool Versions:
Toolchain:       MDK-ARM Professional  Version: 5.29.0.0
Toolchain Path:  C:\Keil_v5\ARM\ARMCLANG\Bin
C Compiler:      ArmClang.exe V6.13.1
Assembler:       Armasm.exe V6.13.1
Linker/Locator:  ArmLink.exe V6.13.1
Library Manager: ArmAr.exe V6.13.1
Hex Converter:   FromElf.exe V6.13.1
CPU DLL:         SARMCM3.DLL V5.29.0.0
Dialog DLL:      DCM.DLL V1.17.3.0
Target DLL:      lmidk-agdi.dll V???
Dialog DLL:      TCM.DLL V1.36.5.0
 
<h2>Project:</h2>
C:\Users\kcao3\OneDrive\Documents\445L\EE445L-SP22-Lab-4\SW\Lab3_4.uvprojx
Project File Date:  02/21/2022

<h2>Output:</h2>
*** Using Compiler 'V6.13.1', folder: 'C:\Keil_v5\ARM\ARMCLANG\Bin'
Build target 'Target 1'
creating preprocessor file for ADCSWTrigger.c...
creating preprocessor file for MedianFilter.c...
creating preprocessor file for PLL.c...
creating preprocessor file for Timer4A.c...
creating preprocessor file for LED.c...
creating preprocessor file for Timer0A.c...
creating preprocessor file for LaunchPad.c...
creating preprocessor file for ST7735.c...
creating preprocessor file for Timer1A.c...
creating preprocessor file for RGB.c...
creating preprocessor file for Blynk.c...
creating list file for esp8266.c...
creating preprocessor file for Timer2A.c...
creating preprocessor file for esp8266.c...
creating preprocessor file for Timer3A.c...
compiling esp8266.c...
creating preprocessor file for LCD.c...
creating preprocessor file for UART.c...
creating preprocessor file for Switches.c...
creating preprocessor file for PortF.c...
creating preprocessor file for Lab3_4.c...
creating preprocessor file for Sound.c...
creating preprocessor file for Time.c...
creating preprocessor file for Timer5A.c...
linking...
Program Size: Code=16566 RO-data=49122 RW-data=160 ZI-data=2184  
FromELF: creating hex file...
".\Objects\Lab3_4.axf" - 0 Error(s), 0 Warning(s).

<h2>Software Packages used:</h2>

Package Vendor: Keil
                http://www.keil.com/pack/Keil.TM4C_DFP.1.1.0.pack
                Keil.TM4C_DFP.1.1.0
                Texas Instruments Tiva C Series Device Support and Examples

<h2>Collection of Component include folders:</h2>
  .\RTE\_Target_1
  C:\Users\kcao3\AppData\Local\Arm\Packs\Keil\TM4C_DFP\1.1.0\Device\Include\TM4C123

<h2>Collection of Component Files used:</h2>
Build Time Elapsed:  00:00:02
</pre>
</body>
</html>
