<html>
<body>
<pre>
<h1>µVision Build Log</h1>
<h2>Tool Versions:</h2>
IDE-Version: µVision V5.36.0.0
Copyright (C) 2021 ARM Ltd and ARM Germany GmbH. All rights reserved.
License Information: a a, aa, LIC=----
 
Tool Versions:
Toolchain:       MDK-Lite  Version: 5.36.0.0
Toolchain Path:  C:\Keil_v5\ARM\ARMCLANG\Bin
C Compiler:      ArmClang.exe V6.16
Assembler:       Armasm.exe V6.16
Linker/Locator:  ArmLink.exe V6.16
Library Manager: ArmAr.exe V6.16
Hex Converter:   FromElf.exe V6.16
CPU DLL:         SARMCM3.DLL V5.36.0.0
Dialog DLL:      DCM.DLL V1.17.3.0
Target DLL:      lmidk-agdi.dll V???
Dialog DLL:      TCM.DLL V1.53.0.0
 
<h2>Project:</h2>
C:\Users\nolog\Desktop\EE445L\EE445L-SP22-Lab8\SW\examples\Motion\keil\Motion.uvprojx
Project File Date:  04/06/2022

<h2>Output:</h2>
*** Using Compiler 'V6.16', folder: 'C:\Keil_v5\ARM\ARMCLANG\Bin'
Build target 'RGB'
creating list file for PLL.c...
creating list file for Motion.c...
creating list file for Timer0A.c...
creating list file for LED.c...
creating list file for MotionMain.c...
creating list file for ST7735.c...
compiling Motion.c...
creating preprocessor file for LED.c...
creating preprocessor file for PLL.c...
creating preprocessor file for Timer0A.c...
creating preprocessor file for MotionMain.c...
creating preprocessor file for Motion.c...
creating preprocessor file for ST7735.c...
linking...
Program Size: Code=1788 RO-data=16 RW-data=0 ZI-data=1032  
FromELF: creating hex file...
".\Objects\RGB.axf" - 0 Error(s), 0 Warning(s).

<h2>Software Packages used:</h2>

Package Vendor: Keil
                http://www.keil.com/pack/Keil.TM4C_DFP.1.1.0.pack
                Keil.TM4C_DFP.1.1.0
                Texas Instruments Tiva C Series Device Support and Examples

<h2>Collection of Component include folders:</h2>
  C:\Users\nolog\AppData\Local\Arm\Packs\Keil\TM4C_DFP\1.1.0\Device\Include\TM4C123

<h2>Collection of Component Files used:</h2>
Build Time Elapsed:  00:00:01
</pre>
</body>
</html>
