Component: ARM Compiler 6.13.1 Tool: armlink [5d895400]

==============================================================================

Section Cross References

    adcswtrigger.o(.ARM.exidx.text.ADC0_InitSWTriggerSeq3_Ch9) refers to adcswtrigger.o(.text.ADC0_InitSWTriggerSeq3_Ch9) for [Anonymous Symbol]
    adcswtrigger.o(.ARM.exidx.text.ADC0_InitSWTriggerSeq3_Ch7) refers to adcswtrigger.o(.text.ADC0_InitSWTriggerSeq3_Ch7) for [Anonymous Symbol]
    adcswtrigger.o(.ARM.exidx.text.ADC0_InitSWTriggerSeq3) refers to adcswtrigger.o(.text.ADC0_InitSWTriggerSeq3) for [Anonymous Symbol]
    adcswtrigger.o(.ARM.exidx.text.ADC0_InSeq3) refers to adcswtrigger.o(.text.ADC0_InSeq3) for [Anonymous Symbol]
    adcswtrigger.o(.ARM.exidx.text.ADC_Init89) refers to adcswtrigger.o(.text.ADC_Init89) for [Anonymous Symbol]
    adcswtrigger.o(.ARM.exidx.text.ADC_In89) refers to adcswtrigger.o(.text.ADC_In89) for [Anonymous Symbol]
    adcswtrigger.o(.text.ADC0_InitSWTriggerSeq2) refers to adcswtrigger.o(.bss.UserTask2) for UserTask2
    adcswtrigger.o(.ARM.exidx.text.ADC0_InitSWTriggerSeq2) refers to adcswtrigger.o(.text.ADC0_InitSWTriggerSeq2) for [Anonymous Symbol]
    adcswtrigger.o(.text.ADC0_InSeq2) refers to adcswtrigger.o(.bss.UserTask2) for UserTask2
    adcswtrigger.o(.ARM.exidx.text.ADC0_InSeq2) refers to adcswtrigger.o(.text.ADC0_InSeq2) for [Anonymous Symbol]
    adcswtrigger.o(.ARM.exidx.text.ADC0_InitSWTriggerSeq3_InternalTemperature) refers to adcswtrigger.o(.text.ADC0_InitSWTriggerSeq3_InternalTemperature) for [Anonymous Symbol]
    adcswtrigger.o(.ARM.exidx.text.ADC0_InSeq3_InternalTemperature) refers to adcswtrigger.o(.text.ADC0_InSeq3_InternalTemperature) for [Anonymous Symbol]
    adcswtrigger.o(.ARM.exidx.text.ADC_Init3210) refers to adcswtrigger.o(.text.ADC_Init3210) for [Anonymous Symbol]
    adcswtrigger.o(.ARM.exidx.text.ADC_In3210) refers to adcswtrigger.o(.text.ADC_In3210) for [Anonymous Symbol]
    startup.o(RESET) refers to startup.o(STACK) for StackMem
    startup.o(RESET) refers to uart.o(.text.UART0_Handler) for UART0_Handler
    startup.o(RESET) refers to timer0a.o(.text.Timer0A_Handler) for Timer0A_Handler
    startup.o(RESET) refers to timer1a.o(.text.Timer1A_Handler) for Timer1A_Handler
    startup.o(RESET) refers to switches.o(.text.Timer2A_Handler) for Timer2A_Handler
    startup.o(RESET) refers to switches.o(.text.GPIOPortF_Handler) for GPIOPortF_Handler
    startup.o(RESET) refers to switches.o(.text.Timer3A_Handler) for Timer3A_Handler
    startup.o(RESET) refers to esp8266.o(.text.UART5_Handler) for UART5_Handler
    startup.o(RESET) refers to timer4a.o(.text.Timer4A_Handler) for Timer4A_Handler
    startup.o(RESET) refers to timer5a.o(.text.Timer5A_Handler) for Timer5A_Handler
    startup.o(RESET) refers to entry.o(.ARM.Collect$$$$00000000) for __main
    st7735.o(.ARM.exidx.text.Delay1ms) refers to st7735.o(.text.Delay1ms) for [Anonymous Symbol]
    st7735.o(.text.ST7735_InitB) refers to st7735.o(.rodata.Bcmd) for Bcmd
    st7735.o(.text.ST7735_InitB) refers to st7735.o(.text.commonInit) for commonInit
    st7735.o(.text.ST7735_InitB) refers to st7735.o(.text.ST7735_SetCursor) for ST7735_SetCursor
    st7735.o(.text.ST7735_InitB) refers to st7735.o(.data.StTextColor) for StTextColor
    st7735.o(.text.ST7735_InitB) refers to st7735.o(.text.ST7735_FillScreen) for ST7735_FillScreen
    st7735.o(.ARM.exidx.text.ST7735_InitB) refers to st7735.o(.text.ST7735_InitB) for [Anonymous Symbol]
    st7735.o(.text.commonInit) refers to st7735.o(.bss.RowStart) for RowStart
    st7735.o(.text.commonInit) refers to st7735.o(.bss.ColStart) for ColStart
    st7735.o(.text.commonInit) refers to st7735.o(.text.Delay1ms) for Delay1ms
    st7735.o(.text.commonInit) refers to st7735.o(.text.commandList) for commandList
    st7735.o(.ARM.exidx.text.commonInit) refers to st7735.o(.text.commonInit) for [Anonymous Symbol]
    st7735.o(.text.ST7735_SetCursor) refers to st7735.o(.bss.StX) for StX
    st7735.o(.text.ST7735_SetCursor) refers to st7735.o(.bss.StY) for StY
    st7735.o(.ARM.exidx.text.ST7735_SetCursor) refers to st7735.o(.text.ST7735_SetCursor) for [Anonymous Symbol]
    st7735.o(.text.ST7735_FillScreen) refers to st7735.o(.data._width) for _width
    st7735.o(.text.ST7735_FillScreen) refers to st7735.o(.data._height) for _height
    st7735.o(.text.ST7735_FillScreen) refers to st7735.o(.text.ST7735_FillRect) for ST7735_FillRect
    st7735.o(.ARM.exidx.text.ST7735_FillScreen) refers to st7735.o(.text.ST7735_FillScreen) for [Anonymous Symbol]
    st7735.o(.text.ST7735_InitR) refers to st7735.o(.rodata.Rcmd1) for Rcmd1
    st7735.o(.text.ST7735_InitR) refers to st7735.o(.text.commonInit) for commonInit
    st7735.o(.text.ST7735_InitR) refers to st7735.o(.rodata.Rcmd2green) for Rcmd2green
    st7735.o(.text.ST7735_InitR) refers to st7735.o(.text.commandList) for commandList
    st7735.o(.text.ST7735_InitR) refers to st7735.o(.bss.ColStart) for ColStart
[...]
    Removing esp8266.o(.ARM.exidx.text.UART5_Init), (8 bytes).
    Removing esp8266.o(.text.ESP8266_AvailableInput), (8 bytes).
    Removing esp8266.o(.ARM.exidx.text.ESP8266_AvailableInput), (8 bytes).
    Removing esp8266.o(.ARM.exidx.text.ESP8266_OutChar), (8 bytes).
    Removing esp8266.o(.ARM.exidx.text.copySoftwareToHardware5), (8 bytes).
    Removing esp8266.o(.ARM.exidx.text.UART5_Handler), (8 bytes).
    Removing esp8266.o(.ARM.exidx.text.copyHardwareToSoftware5), (8 bytes).
    Removing esp8266.o(.ARM.exidx.text.ESP8266_OutString), (8 bytes).
    Removing esp8266.o(.ARM.exidx.text.ESP8266_OutUDec), (8 bytes).
    Removing esp8266.o(.ARM.exidx.text.DelayMs), (8 bytes).
    Removing esp8266.o(.ARM.exidx.text.ESP8266_Init), (8 bytes).
    Removing esp8266.o(.ARM.exidx.text.ESP8266_Reset), (8 bytes).
    Removing esp8266.o(.ARM.exidx.text.ESP8266_SetupWiFi), (8 bytes).
    Removing timer2a.o(.text), (0 bytes).
    Removing timer2a.o(.text.Timer2A_Init), (160 bytes).
    Removing timer2a.o(.ARM.exidx.text.Timer2A_Init), (8 bytes).
    Removing timer2a.o(.text.Timer2A_Stop), (28 bytes).
    Removing timer2a.o(.ARM.exidx.text.Timer2A_Stop), (8 bytes).
    Removing timer2a.o(.bss.PeriodicTask2), (4 bytes).
    Removing timer3a.o(.text), (0 bytes).
    Removing timer3a.o(.text.Timer3A_Init), (158 bytes).
    Removing timer3a.o(.ARM.exidx.text.Timer3A_Init), (8 bytes).
    Removing timer3a.o(.text.Timer3A_Stop), (26 bytes).
    Removing timer3a.o(.ARM.exidx.text.Timer3A_Stop), (8 bytes).
    Removing timer3a.o(.bss.PeriodicTask3), (4 bytes).
    Removing uart.o(.text), (0 bytes).
    Removing uart.o(.text.RxFifo_Init), (42 bytes).
    Removing uart.o(.ARM.exidx.text.RxFifo_Init), (8 bytes).
    Removing uart.o(.ARM.exidx.text.RxFifo_Put), (8 bytes).
    Removing uart.o(.text.RxFifo_Get), (82 bytes).
    Removing uart.o(.ARM.exidx.text.RxFifo_Get), (8 bytes).
    Removing uart.o(.ARM.exidx.text.RxFifo_Size), (8 bytes).
    Removing uart.o(.text.TxFifo_Init), (42 bytes).
    Removing uart.o(.ARM.exidx.text.TxFifo_Init), (8 bytes).
    Removing uart.o(.text.TxFifo_Put), (90 bytes).
    Removing uart.o(.ARM.exidx.text.TxFifo_Put), (8 bytes).
    Removing uart.o(.ARM.exidx.text.TxFifo_Get), (8 bytes).
    Removing uart.o(.ARM.exidx.text.TxFifo_Size), (8 bytes).
    Removing uart.o(.text.UART_Init), (244 bytes).
    Removing uart.o(.ARM.exidx.text.UART_Init), (8 bytes).
    Removing uart.o(.text.UART_InChar), (30 bytes).
    Removing uart.o(.ARM.exidx.text.UART_InChar), (8 bytes).
    Removing uart.o(.text.UART_InCharNonBlock), (44 bytes).
    Removing uart.o(.ARM.exidx.text.UART_InCharNonBlock), (8 bytes).
    Removing uart.o(.text.UART_OutChar), (64 bytes).
    Removing uart.o(.ARM.exidx.text.UART_OutChar), (8 bytes).
    Removing uart.o(.ARM.exidx.text.copySoftwareToHardware), (8 bytes).
    Removing uart.o(.ARM.exidx.text.UART0_Handler), (8 bytes).
    Removing uart.o(.ARM.exidx.text.copyHardwareToSoftware), (8 bytes).
    Removing uart.o(.text.UART_OutString), (38 bytes).
    Removing uart.o(.ARM.exidx.text.UART_OutString), (8 bytes).
    Removing uart.o(.text.UART_InUDec), (158 bytes).
    Removing uart.o(.ARM.exidx.text.UART_InUDec), (8 bytes).
    Removing uart.o(.text.UART_OutUDec), (76 bytes).
    Removing uart.o(.ARM.exidx.text.UART_OutUDec), (8 bytes).
    Removing uart.o(.text.UART_InUHex), (220 bytes).
    Removing uart.o(.ARM.exidx.text.UART_InUHex), (8 bytes).
    Removing uart.o(.text.UART_OutUHex), (72 bytes).
    Removing uart.o(.ARM.exidx.text.UART_OutUHex), (8 bytes).
    Removing uart.o(.text.UART_InString), (142 bytes).
    Removing uart.o(.ARM.exidx.text.UART_InString), (8 bytes).
    Removing portf.o(.text), (0 bytes).
    Removing portf.o(.text.PortF_Init), (122 bytes).
    Removing portf.o(.ARM.exidx.text.PortF_Init), (8 bytes).
    Removing portf.o(.text.PortF_Input), (16 bytes).
    Removing portf.o(.ARM.exidx.text.PortF_Input), (8 bytes).
    Removing portf.o(.text.PortF_Output), (20 bytes).
    Removing portf.o(.ARM.exidx.text.PortF_Output), (8 bytes).
    Removing lab3_4.o(.text), (0 bytes).
    Removing lcd.o(.text), (0 bytes).
    Removing lcd.o(.ARM.exidx.text.LCDInit), (8 bytes).
    Removing lcd.o(.ARM.exidx.text.clearScreen), (8 bytes).
    Removing lcd.o(.ARM.exidx.text.digitalClock), (8 bytes).
    Removing lcd.o(.ARM.exidx.text.printTime), (8 bytes).
    Removing lcd.o(.ARM.exidx.text.drawClock), (8 bytes).
    Removing lcd.o(.ARM.exidx.text.drawMinuteHand), (8 bytes).
    Removing lcd.o(.ARM.exidx.text.drawHourHand), (8 bytes).
    Removing lcd.o(.ARM.exidx.text.mainMenu), (8 bytes).
    Removing lcd.o(.ARM.exidx.text.getArrowLocation), (8 bytes).
    Removing lcd.o(.ARM.exidx.text.setArrowLocation), (8 bytes).
    Removing lcd.o(.ARM.exidx.text.changeTime), (8 bytes).
    Removing lcd.o(.ARM.exidx.text.getScreen), (8 bytes).
    Removing lcd.o(.ARM.exidx.text.setScreen), (8 bytes).
    Removing sound.o(.text), (0 bytes).
    Removing sound.o(.ARM.exidx.text.DAC_Init), (8 bytes).
    Removing sound.o(.text.DAC_Out), (20 bytes).
    Removing sound.o(.ARM.exidx.text.DAC_Out), (8 bytes).
    Removing sound.o(.ARM.exidx.text.SoundTask), (8 bytes).
    Removing sound.o(.ARM.exidx.text.Sound_Init), (8 bytes).
    Removing sound.o(.rodata.priority), (4 bytes).
    Removing switches.o(.text), (0 bytes).
    Removing switches.o(.ARM.exidx.text.Switch_Init), (8 bytes).
    Removing switches.o(.ARM.exidx.text.GPIOArmPF4), (8 bytes).
    Removing switches.o(.ARM.exidx.text.GPIOArmPF0), (8 bytes).
    Removing switches.o(.ARM.exidx.text.GPIOPortF_Handler), (8 bytes).
    Removing switches.o(.ARM.exidx.text.Timer2Arm), (8 bytes).
    Removing switches.o(.ARM.exidx.text.Timer3Arm), (8 bytes).
    Removing switches.o(.ARM.exidx.text.Timer2A_Handler), (8 bytes).
    Removing switches.o(.ARM.exidx.text.Timer3A_Handler), (8 bytes).
    Removing switches.o(.text.PF4_WaitPress), (34 bytes).
    Removing switches.o(.ARM.exidx.text.PF4_WaitPress), (8 bytes).
    Removing switches.o(.text.PF0_WaitPress), (34 bytes).
    Removing switches.o(.ARM.exidx.text.PF0_WaitPress), (8 bytes).
    Removing switches.o(.ARM.exidx.text.waitPress), (8 bytes).
    Removing switches.o(.ARM.exidx.text.waitPressSet), (8 bytes).
    Removing switches.o(.ARM.exidx.text.waitPressOrTime), (8 bytes).
    Removing switches.o(.ARM.exidx.text.setPF0Flag), (8 bytes).
    Removing switches.o(.ARM.exidx.text.setPF4Flag), (8 bytes).
    Removing switches.o(.text.Switch_Input), (12 bytes).
    Removing switches.o(.ARM.exidx.text.Switch_Input), (8 bytes).
    Removing time.o(.text), (0 bytes).
    Removing time.o(.ARM.exidx.text.TimerInit), (8 bytes).
    Removing time.o(.ARM.exidx.text.getTime), (8 bytes).
    Removing time.o(.ARM.exidx.text.getFullTime), (8 bytes).
    Removing time.o(.ARM.exidx.text.setTime), (8 bytes).
    Removing time.o(.ARM.exidx.text.resetTimer), (8 bytes).
    Removing time.o(.ARM.exidx.text.setAlarm), (8 bytes).
    Removing time.o(.ARM.exidx.text.getAlarmTime), (8 bytes).
    Removing time.o(.ARM.exidx.text.checkAlarm), (8 bytes).
    Removing time.o(.ARM.exidx.text.toggleAlarm), (8 bytes).
    Removing time.o(.ARM.exidx.text.getAlarmFlag), (8 bytes).
    Removing time.o(.ARM.exidx.text.getUpdateFlag), (8 bytes).
    Removing time.o(.ARM.exidx.text.resetUpdateFlag), (8 bytes).
    Removing time.o(.ARM.exidx.text.alarmPlaying), (8 bytes).
    Removing time.o(.ARM.exidx.text.resetAlarmFlag), (8 bytes).
    Removing time.o(.ARM.exidx.text.incrementTime), (8 bytes).
    Removing timer5a.o(.text), (0 bytes).
    Removing timer5a.o(.ARM.exidx.text.Timer5A_Init), (8 bytes).
    Removing timer5a.o(.ARM.exidx.text.Timer5A_Handler), (8 bytes).
    Removing timer5a.o(.text.Timer5_Stop), (28 bytes).
    Removing timer5a.o(.ARM.exidx.text.Timer5_Stop), (8 bytes).

360 unused section(s) (total 15755 bytes) removed from the image.

==============================================================================

Image Symbol Table

    Local Symbols

    Symbol Name                              Value     Ov Type        Size  Object(Section)

    ../clib/microlib/ctype/ctype.c           0x00000000   Number         0  ctype_o.o ABSOLUTE
    ../clib/microlib/ctype/ctype.c           0x00000000   Number         0  isalnum_o.o ABSOLUTE
    ../clib/microlib/ctype/ctype.c           0x00000000   Number         0  isalpha_o.o ABSOLUTE
    ../clib/microlib/ctype/ctype.c           0x00000000   Number         0  isblank_o.o ABSOLUTE
    ../clib/microlib/ctype/ctype.c           0x00000000   Number         0  iscntrl_o.o ABSOLUTE
    ../clib/microlib/ctype/ctype.c           0x00000000   Number         0  isdigit_o.o ABSOLUTE
    ../clib/microlib/ctype/ctype.c           0x00000000   Number         0  isgraph_o.o ABSOLUTE
    ../clib/microlib/ctype/ctype.c           0x00000000   Number         0  islower_o.o ABSOLUTE
    ../clib/microlib/ctype/ctype.c           0x00000000   Number         0  isprint_o.o ABSOLUTE
    ../clib/microlib/ctype/ctype.c           0x00000000   Number         0  ispunct_o.o ABSOLUTE
    ../clib/microlib/ctype/ctype.c           0x00000000   Number         0  isspace_o.o ABSOLUTE
    ../clib/microlib/ctype/ctype.c           0x00000000   Number         0  isupper_o.o ABSOLUTE
    ../clib/microlib/ctype/ctype.c           0x00000000   Number         0  isxdigit_o.o ABSOLUTE
    ../clib/microlib/errno.c                 0x00000000   Number         0  errno.o ABSOLUTE
    ../clib/microlib/init/entry.s            0x00000000   Number         0  entry.o ABSOLUTE
    ../clib/microlib/init/entry.s            0x00000000   Number         0  entry2.o ABSOLUTE
    ../clib/microlib/init/entry.s            0x00000000   Number         0  entry5.o ABSOLUTE
    ../clib/microlib/init/entry.s            0x00000000   Number         0  entry7a.o ABSOLUTE
    ../clib/microlib/init/entry.s            0x00000000   Number         0  entry7b.o ABSOLUTE
    ../clib/microlib/init/entry.s            0x00000000   Number         0  entry8a.o ABSOLUTE
    ../clib/microlib/init/entry.s            0x00000000   Number         0  entry8b.o ABSOLUTE
    ../clib/microlib/init/entry.s            0x00000000   Number         0  entry9a.o ABSOLUTE
    ../clib/microlib/init/entry.s            0x00000000   Number         0  entry9b.o ABSOLUTE
    ../clib/microlib/init/entry.s            0x00000000   Number         0  entry10a.o ABSOLUTE
    ../clib/microlib/init/entry.s            0x00000000   Number         0  entry10b.o ABSOLUTE
    ../clib/microlib/init/entry.s            0x00000000   Number         0  entry11a.o ABSOLUTE
    ../clib/microlib/init/entry.s            0x00000000   Number         0  entry11b.o ABSOLUTE
    ../clib/microlib/stdlib/abs.c            0x00000000   Number         0  siabs.o ABSOLUTE
    ../clib/microlib/stdlib/abs.c            0x00000000   Number         0  ilabs.o ABSOLUTE
    ../clib/microlib/string/strcpy.c         0x00000000   Number         0  strcpy.o ABSOLUTE
    ../clib/microlib/string/strtok.c         0x00000000   Number         0  strtok.o ABSOLUTE
    ../clib/microlib/string/strtok.c         0x00000000   Number         0  strtok_r.o ABSOLUTE
    ../clib/scanf.c                          0x00000000   Number         0  atoi.o ABSOLUTE
    ../clib/scanf.c                          0x00000000   Number         0  strtol.o ABSOLUTE
    ../clib/scanf.c                          0x00000000   Number         0  _strtoul.o ABSOLUTE
    ../clib/scanf.c                          0x00000000   Number         0  _chval.o ABSOLUTE
    ADCSWTrigger.c                           0x00000000   Number         0  adcswtrigger.o ABSOLUTE
    Blynk.c                                  0x00000000   Number         0  blynk.o ABSOLUTE
    LCD.c                                    0x00000000   Number         0  lcd.o ABSOLUTE
    LED.c                                    0x00000000   Number         0  led.o ABSOLUTE
    Lab3_4.c                                 0x00000000   Number         0  lab3_4.o ABSOLUTE
    LaunchPad.c                              0x00000000   Number         0  launchpad.o ABSOLUTE
    MedianFilter.c                           0x00000000   Number         0  medianfilter.o ABSOLUTE
    PLL.c                                    0x00000000   Number         0  pll.o ABSOLUTE
    PortF.c                                  0x00000000   Number         0  portf.o ABSOLUTE
    RGB.c                                    0x00000000   Number         0  rgb.o ABSOLUTE
    ST7735.c                                 0x00000000   Number         0  st7735.o ABSOLUTE
    Sound.c                                  0x00000000   Number         0  sound.o ABSOLUTE
    Switches.c                               0x00000000   Number         0  switches.o ABSOLUTE
    Time.c                                   0x00000000   Number         0  time.o ABSOLUTE
    Timer0A.c                                0x00000000   Number         0  timer0a.o ABSOLUTE
    Timer1A.c                                0x00000000   Number         0  timer1a.o ABSOLUTE
    Timer2A.c                                0x00000000   Number         0  timer2a.o ABSOLUTE
    Timer3A.c                                0x00000000   Number         0  timer3a.o ABSOLUTE
    Timer4A.c                                0x00000000   Number         0  timer4a.o ABSOLUTE
    Timer5A.c                                0x00000000   Number         0  timer5a.o ABSOLUTE
    UART.c                                   0x00000000   Number         0  uart.o ABSOLUTE
    dc.s                                     0x00000000   Number         0  dc.o ABSOLUTE
    esp8266.c                                0x00000000   Number         0  esp8266.o ABSOLUTE
    handlers.s                               0x00000000   Number         0  handlers.o ABSOLUTE
    inc\startup.s                            0x00000000   Number         0  startup.o ABSOLUTE
    init.s                                   0x00000000   Number         0  init.o ABSOLUTE
    RESET                                    0x00000000   Section      660  startup.o(RESET)
    $v0                                      0x0000026c   Number         0  startup.o(RESET)
    NMI_Handler                              0x00000281   Thumb Code     0  startup.o(RESET)
    .ARM.Collect$$$$00000000                 0x00000294   Section        0  entry.o(.ARM.Collect$$$$00000000)
    .ARM.Collect$$$$00000001                 0x00000294   Section        4  entry2.o(.ARM.Collect$$$$00000001)
    .ARM.Collect$$$$00000004                 0x00000298   Section        4  entry5.o(.ARM.Collect$$$$00000004)
    .ARM.Collect$$$$00000008                 0x0000029c   Section        0  entry7b.o(.ARM.Collect$$$$00000008)
    .ARM.Collect$$$$0000000A                 0x0000029c   Section        0  entry8b.o(.ARM.Collect$$$$0000000A)
    .ARM.Collect$$$$0000000B                 0x0000029c   Section        8  entry9a.o(.ARM.Collect$$$$0000000B)
    __lit__00000000                          0x000002a4   Data           4  entry2.o(.ARM.Collect$$$$00002712)
    .ARM.Collect$$$$0000000D                 0x000002a4   Section        0  entry10a.o(.ARM.Collect$$$$0000000D)
    .ARM.Collect$$$$0000000F                 0x000002a4   Section        0  entry11a.o(.ARM.Collect$$$$0000000F)
    .ARM.Collect$$$$00002712                 0x000002a4   Section        4  entry2.o(.ARM.Collect$$$$00002712)
    $v0                                      0x000002a8   Number         0  startup.o(.text)
    .text                                    0x000002a8   Section       28  startup.o(.text)
    .text                                    0x000002c4   Section        0  siabs.o(.text)
    .text                                    0x000002cc   Section        0  strcpy.o(.text)
    .text                                    0x000002e0   Section        0  strtok.o(.text)
    .text                                    0x00000324   Section        0  atoi.o(.text)
    .text                                    0x0000033e   Section        0  strtol.o(.text)
    .text                                    0x000003b0   Section       36  init.o(.text)
    .text                                    0x000003d4   Section        0  ctype_o.o(.text)
    .text                                    0x000003dc   Section        0  _strtoul.o(.text)
    .text                                    0x0000047a   Section        0  _chval.o(.text)
    [Anonymous Symbol]                       0x00000498   Section        0  blynk.o(.text.Blynk_to_TM4C)
    [Anonymous Symbol]                       0x00000634   Section        0  sound.o(.text.DAC_Init)
    [Anonymous Symbol]                       0x0000067c   Section        0  st7735.o(.text.Delay1ms)
    [Anonymous Symbol]                       0x000006b0   Section        0  esp8266.o(.text.DelayMs)
    [Anonymous Symbol]                       0x000006e4   Section        0  esp8266.o(.text.ESP8266_GetMessage)
    [Anonymous Symbol]                       0x00000780   Section        0  esp8266.o(.text.ESP8266_Init)
    [Anonymous Symbol]                       0x00000810   Section        0  esp8266.o(.text.ESP8266_OutChar)
    [Anonymous Symbol]                       0x00000850   Section        0  esp8266.o(.text.ESP8266_OutString)
    [Anonymous Symbol]                       0x00000878   Section        0  esp8266.o(.text.ESP8266_OutUDec)
    [Anonymous Symbol]                       0x000008c4   Section        0  esp8266.o(.text.ESP8266_Reset)
    [Anonymous Symbol]                       0x00000900   Section        0  esp8266.o(.text.ESP8266_SetupWiFi)
    GPIOArmPF0                               0x000009a5   Thumb Code    62  switches.o(.text.GPIOArmPF0)
    [Anonymous Symbol]                       0x000009a4   Section        0  switches.o(.text.GPIOArmPF0)
    GPIOArmPF4                               0x000009e5   Thumb Code    62  switches.o(.text.GPIOArmPF4)
    [Anonymous Symbol]                       0x000009e4   Section        0  switches.o(.text.GPIOArmPF4)
    [Anonymous Symbol]                       0x00000a24   Section        0  switches.o(.text.GPIOPortF_Handler)
    [Anonymous Symbol]                       0x00000ac0   Section        0  lcd.o(.text.LCDInit)
    [Anonymous Symbol]                       0x00000ae8   Section        0  pll.o(.text.PLL_Init)
    [Anonymous Symbol]                       0x00000b70   Section        0  esp8266.o(.text.Rx5Fifo_Init)
    [Anonymous Symbol]                       0x00000ba4   Section        0  esp8266.o(.text.Rx5Fifo_Put)
    [Anonymous Symbol]                       0x00000cc8   Section        0  esp8266.o(.text.Rx5Fifo_Size)
    [Anonymous Symbol]                       0x00000ce0   Section        0  uart.o(.text.RxFifo_Put)
    [Anonymous Symbol]                       0x00000d3c   Section        0  uart.o(.text.RxFifo_Size)
    [Anonymous Symbol]                       0x00000d54   Section        0  st7735.o(.text.ST7735_DrawBitmap)
    [Anonymous Symbol]                       0x00000fbc   Section        0  st7735.o(.text.ST7735_DrawCharS)
    [Anonymous Symbol]                       0x00001180   Section        0  st7735.o(.text.ST7735_DrawPixel)
    [Anonymous Symbol]                       0x00001200   Section        0  st7735.o(.text.ST7735_DrawString)
    [Anonymous Symbol]                       0x000012a4   Section        0  st7735.o(.text.ST7735_FillRect)
    [Anonymous Symbol]                       0x000013f8   Section        0  st7735.o(.text.ST7735_FillScreen)
    [Anonymous Symbol]                       0x00001438   Section        0  st7735.o(.text.ST7735_InitR)
    [Anonymous Symbol]                       0x000014e4   Section        0  st7735.o(.text.ST7735_Line)
    [Anonymous Symbol]                       0x000015e0   Section        0  st7735.o(.text.ST7735_OutChar)
    [Anonymous Symbol]                       0x000016fc   Section        0  st7735.o(.text.ST7735_OutString)
    [Anonymous Symbol]                       0x00001724   Section        0  st7735.o(.text.ST7735_SetCursor)
    [Anonymous Symbol]                       0x0000175c   Section        0  blynk.o(.text.SendInformation)
    [Anonymous Symbol]                       0x000017e8   Section        0  sound.o(.text.SoundTask)
    [Anonymous Symbol]                       0x000017fc   Section        0  sound.o(.text.Sound_Init)
    [Anonymous Symbol]                       0x0000181c   Section        0  blynk.o(.text.Switch1)
    [Anonymous Symbol]                       0x00001874   Section        0  blynk.o(.text.Switch2)
    [Anonymous Symbol]                       0x000018ec   Section        0  switches.o(.text.Switch_Init)
    [Anonymous Symbol]                       0x00001a04   Section        0  blynk.o(.text.TM4C_to_Blynk)
    [Anonymous Symbol]                       0x00001a4c   Section        0  timer0a.o(.text.Timer0A_Handler)
    [Anonymous Symbol]                       0x00001a68   Section        0  timer0a.o(.text.Timer0A_Init)
    [Anonymous Symbol]                       0x00001b0c   Section        0  timer0a.o(.text.Timer0A_Stop)
    [Anonymous Symbol]                       0x00001b28   Section        0  timer1a.o(.text.Timer1A_Handler)
    [Anonymous Symbol]                       0x00001b44   Section        0  timer1a.o(.text.Timer1A_Init)
    [Anonymous Symbol]                       0x00001be4   Section        0  timer1a.o(.text.Timer1A_Stop)
    [Anonymous Symbol]                       0x00001c00   Section        0  switches.o(.text.Timer2A_Handler)
    Timer2Arm                                0x00001c21   Thumb Code   122  switches.o(.text.Timer2Arm)
    [Anonymous Symbol]                       0x00001c20   Section        0  switches.o(.text.Timer2Arm)
    [Anonymous Symbol]                       0x00001c9c   Section        0  switches.o(.text.Timer3A_Handler)
    Timer3Arm                                0x00001cbd   Thumb Code   120  switches.o(.text.Timer3Arm)
    [Anonymous Symbol]                       0x00001cbc   Section        0  switches.o(.text.Timer3Arm)
    [Anonymous Symbol]                       0x00001d34   Section        0  timer4a.o(.text.Timer4A_Handler)
    [Anonymous Symbol]                       0x00001d50   Section        0  timer4a.o(.text.Timer4A_Init)
    [Anonymous Symbol]                       0x00001df0   Section        0  timer5a.o(.text.Timer5A_Handler)
    [Anonymous Symbol]                       0x00001e0c   Section        0  timer5a.o(.text.Timer5A_Init)
    [Anonymous Symbol]                       0x00001eac   Section        0  time.o(.text.TimerInit)
    [Anonymous Symbol]                       0x00001f2c   Section        0  esp8266.o(.text.Tx5Fifo_Get)
    [Anonymous Symbol]                       0x00001f7c   Section        0  esp8266.o(.text.Tx5Fifo_Init)
    [Anonymous Symbol]                       0x00001fa8   Section        0  esp8266.o(.text.Tx5Fifo_Put)
    [Anonymous Symbol]                       0x00002000   Section        0  esp8266.o(.text.Tx5Fifo_Size)
    [Anonymous Symbol]                       0x00002018   Section        0  uart.o(.text.TxFifo_Get)
    [Anonymous Symbol]                       0x0000206c   Section        0  uart.o(.text.TxFifo_Size)
    [Anonymous Symbol]                       0x00002084   Section        0  uart.o(.text.UART0_Handler)
    [Anonymous Symbol]                       0x00002110   Section        0  esp8266.o(.text.UART5_Handler)
    [Anonymous Symbol]                       0x0000219c   Section        0  esp8266.o(.text.UART5_Init)
    [Anonymous Symbol]                       0x000022a4   Section        0  time.o(.text.alarmPlaying)
    [Anonymous Symbol]                       0x000022b0   Section        0  lcd.o(.text.changeTime)
    [Anonymous Symbol]                       0x000024b4   Section        0  time.o(.text.checkAlarm)
    [Anonymous Symbol]                       0x000024fc   Section        0  lcd.o(.text.clearScreen)
    commandList                              0x00002509   Thumb Code   174  st7735.o(.text.commandList)
    [Anonymous Symbol]                       0x00002508   Section        0  st7735.o(.text.commandList)
    commonInit                               0x000025b9   Thumb Code   480  st7735.o(.text.commonInit)
    [Anonymous Symbol]                       0x000025b8   Section        0  st7735.o(.text.commonInit)
    copyHardwareToSoftware                   0x00002799   Thumb Code    82  uart.o(.text.copyHardwareToSoftware)
    [Anonymous Symbol]                       0x00002798   Section        0  uart.o(.text.copyHardwareToSoftware)
    copyHardwareToSoftware5                  0x000027ed   Thumb Code    82  esp8266.o(.text.copyHardwareToSoftware5)
    [Anonymous Symbol]                       0x000027ec   Section        0  esp8266.o(.text.copyHardwareToSoftware5)
    copySoftwareToHardware                   0x00002841   Thumb Code    80  uart.o(.text.copySoftwareToHardware)
    [Anonymous Symbol]                       0x00002840   Section        0  uart.o(.text.copySoftwareToHardware)
    copySoftwareToHardware5                  0x00002891   Thumb Code    80  esp8266.o(.text.copySoftwareToHardware5)
    [Anonymous Symbol]                       0x00002890   Section        0  esp8266.o(.text.copySoftwareToHardware5)
    deselect                                 0x000028e1   Thumb Code    36  st7735.o(.text.deselect)
    [Anonymous Symbol]                       0x000028e0   Section        0  st7735.o(.text.deselect)
    [Anonymous Symbol]                       0x00002904   Section        0  lcd.o(.text.digitalClock)
    [Anonymous Symbol]                       0x00002938   Section        0  lcd.o(.text.drawClock)
    [Anonymous Symbol]                       0x00002990   Section        0  lcd.o(.text.drawHourHand)
    [Anonymous Symbol]                       0x00002ab4   Section        0  lcd.o(.text.drawMinuteHand)
    [Anonymous Symbol]                       0x0000307c   Section        0  time.o(.text.getAlarmFlag)
    [Anonymous Symbol]                       0x00003088   Section        0  time.o(.text.getAlarmTime)
    [Anonymous Symbol]                       0x00003094   Section        0  lcd.o(.text.getArrowLocation)
    [Anonymous Symbol]                       0x000030a0   Section        0  time.o(.text.getFullTime)
    [Anonymous Symbol]                       0x000030bc   Section        0  lcd.o(.text.getScreen)
    [Anonymous Symbol]                       0x000030c8   Section        0  time.o(.text.getTime)
    [Anonymous Symbol]                       0x000030d4   Section        0  time.o(.text.getUpdateFlag)
    [Anonymous Symbol]                       0x000030e0   Section        0  time.o(.text.incrementTime)
    [Anonymous Symbol]                       0x00003190   Section        0  blynk.o(.text.main)
    [Anonymous Symbol]                       0x00003384   Section        0  lcd.o(.text.mainMenu)
    [Anonymous Symbol]                       0x000034c0   Section        0  st7735.o(.text.plotLineX)
    [Anonymous Symbol]                       0x000035e0   Section        0  st7735.o(.text.plotLineY)
    [Anonymous Symbol]                       0x00003700   Section        0  lcd.o(.text.printTime)
    pushColor                                0x00003cc1   Thumb Code    32  st7735.o(.text.pushColor)
    [Anonymous Symbol]                       0x00003cc0   Section        0  st7735.o(.text.pushColor)
    [Anonymous Symbol]                       0x00003ce0   Section        0  time.o(.text.resetAlarmFlag)
    [Anonymous Symbol]                       0x00003cf0   Section        0  time.o(.text.resetTimer)
    [Anonymous Symbol]                       0x00003d0c   Section        0  time.o(.text.resetUpdateFlag)
    setAddrWindow                            0x00003d1d   Thumb Code   168  st7735.o(.text.setAddrWindow)
    [Anonymous Symbol]                       0x00003d1c   Section        0  st7735.o(.text.setAddrWindow)
    [Anonymous Symbol]                       0x00003dc4   Section        0  time.o(.text.setAlarm)
    [Anonymous Symbol]                       0x00003de4   Section        0  lcd.o(.text.setArrowLocation)
    [Anonymous Symbol]                       0x00003df8   Section        0  switches.o(.text.setPF0Flag)
    [Anonymous Symbol]                       0x00003e08   Section        0  switches.o(.text.setPF4Flag)
    [Anonymous Symbol]                       0x00003e18   Section        0  lcd.o(.text.setScreen)
    [Anonymous Symbol]                       0x00003e2c   Section        0  time.o(.text.setTime)
    [Anonymous Symbol]                       0x00003e78   Section        0  time.o(.text.toggleAlarm)
    [Anonymous Symbol]                       0x00003e8c   Section        0  switches.o(.text.waitPress)
    [Anonymous Symbol]                       0x00003ee0   Section        0  switches.o(.text.waitPressOrTime)
    [Anonymous Symbol]                       0x00003f50   Section        0  switches.o(.text.waitPressSet)
    writecommand                             0x00003ff9   Thumb Code    92  st7735.o(.text.writecommand)
    [Anonymous Symbol]                       0x00003ff8   Section        0  st7735.o(.text.writecommand)
    writedata                                0x00004055   Thumb Code    60  st7735.o(.text.writedata)
    [Anonymous Symbol]                       0x00004054   Section        0  st7735.o(.text.writedata)
    i.__aeabi_errno_addr                     0x00004090   Section        0  errno.o(i.__aeabi_errno_addr)
    i.__scatterload_copy                     0x00004098   Section       14  handlers.o(i.__scatterload_copy)
    i.__scatterload_null                     0x000040a6   Section        2  handlers.o(i.__scatterload_null)
    i.__scatterload_zeroinit                 0x000040a8   Section       14  handlers.o(i.__scatterload_zeroinit)
    .constdata                               0x000040b6   Section      129  ctype_o.o(.constdata)
    table                                    0x00004138   Data           4  ctype_o.o(.constdata)
    .constdata                               0x00004138   Section        4  ctype_o.o(.constdata)
    Font                                     0x0000413c   Data        1275  st7735.o(.rodata.Font)
    [Anonymous Symbol]                       0x0000413c   Section        0  st7735.o(.rodata.Font)
    Rcmd1                                    0x00004637   Data          59  st7735.o(.rodata.Rcmd1)
    [Anonymous Symbol]                       0x00004637   Section        0  st7735.o(.rodata.Rcmd1)
    Rcmd2green                               0x00004672   Data          13  st7735.o(.rodata.Rcmd2green)
    [Anonymous Symbol]                       0x00004672   Section        0  st7735.o(.rodata.Rcmd2green)
    Rcmd2red                                 0x0000467f   Data          13  st7735.o(.rodata.Rcmd2red)
    [Anonymous Symbol]                       0x0000467f   Section        0  st7735.o(.rodata.Rcmd2red)
    Rcmd3                                    0x0000468c   Data          43  st7735.o(.rodata.Rcmd3)
    [Anonymous Symbol]                       0x0000468c   Section        0  st7735.o(.rodata.Rcmd3)
    .L.str                                   0x0000f0e8   Data          22  st7735.o(.rodata.str1.1)
    [Anonymous Symbol]                       0x0000f0e8   Section        0  st7735.o(.rodata.str1.1)
    .L.str                                   0x0000f0fe   Data           5  blynk.o(.rodata.str1.1)
    .L.str.1                                 0x0000f0fe   Data           8  st7735.o(.rodata.str1.1)
    [Anonymous Symbol]                       0x0000f0fe   Section        0  blynk.o(.rodata.str1.1)
    .L.str.1                                 0x0000f103   Data           2  blynk.o(.rodata.str1.1)
    .L.str.1                                 0x0000f105   Data          12  lcd.o(.rodata.str1.1)
    [Anonymous Symbol]                       0x0000f105   Section        0  lcd.o(.rodata.str1.1)
    .L.str.2                                 0x0000f106   Data           8  st7735.o(.rodata.str1.1)
    .L.str.3                                 0x0000f10e   Data           2  st7735.o(.rodata.str1.1)
    .L.str.4                                 0x0000f110   Data           5  st7735.o(.rodata.str1.1)
    .L.str.4                                 0x0000f111   Data          16  lcd.o(.rodata.str1.1)
    .L.str.5                                 0x0000f115   Data           3  st7735.o(.rodata.str1.1)
    .L.str.6                                 0x0000f118   Data           2  st7735.o(.rodata.str1.1)
    .L.str.7                                 0x0000f11a   Data           2  st7735.o(.rodata.str1.1)
    .L.str.8                                 0x0000f11c   Data           5  st7735.o(.rodata.str1.1)
    .L.str                                   0x0000f121   Data          21  lcd.o(.rodata.str1.1)
    .L.str.9                                 0x0000f121   Data           3  st7735.o(.rodata.str1.1)
    .L.str.10                                0x0000f124   Data           2  st7735.o(.rodata.str1.1)
    .L.str.11                                0x0000f126   Data           8  st7735.o(.rodata.str1.1)
    .L.str.12                                0x0000f12e   Data           6  st7735.o(.rodata.str1.1)
    .L.str.13                                0x0000f134   Data           4  st7735.o(.rodata.str1.1)
    .L.str.3                                 0x0000f136   Data          16  lcd.o(.rodata.str1.1)
    .L.str.2                                 0x0000f146   Data          13  lcd.o(.rodata.str1.1)
    .L.str.5                                 0x0000f153   Data          20  lcd.o(.rodata.str1.1)
    .L.str.6                                 0x0000f167   Data          17  lcd.o(.rodata.str1.1)
    state                                    0x20000000   Data           4  strtok.o(.data)
    .data                                    0x20000000   Section        4  strtok.o(.data)
    _errno                                   0x20000004   Data           4  errno.o(.data)
    .data                                    0x20000004   Section        4  errno.o(.data)
    _height                                  0x2000001c   Data           2  st7735.o(.data._height)
    [Anonymous Symbol]                       0x2000001c   Section        0  st7735.o(.data._height)
    _width                                   0x2000001e   Data           2  st7735.o(.data._width)
    [Anonymous Symbol]                       0x2000001e   Section        0  st7735.o(.data._width)
    ColStart                                 0x200000a0   Data           1  st7735.o(.bss.ColStart)
    [Anonymous Symbol]                       0x200000a0   Section        0  st7735.o(.bss.ColStart)
    RowStart                                 0x200000bc   Data           1  st7735.o(.bss.RowStart)
    [Anonymous Symbol]                       0x200000bc   Section        0  st7735.o(.bss.RowStart)
    RxFifo                                   0x200002cc   Data          64  uart.o(.bss.RxFifo)
    [Anonymous Symbol]                       0x200002cc   Section        0  uart.o(.bss.RxFifo)
    TabColor                                 0x2000035c   Data           1  st7735.o(.bss.TabColor)
    [Anonymous Symbol]                       0x2000035c   Section        0  st7735.o(.bss.TabColor)
    TouchPF0                                 0x20000360   Data           4  switches.o(.bss.TouchPF0)
    [Anonymous Symbol]                       0x20000360   Section        0  switches.o(.bss.TouchPF0)
    TouchPF4                                 0x20000364   Data           4  switches.o(.bss.TouchPF4)
    [Anonymous Symbol]                       0x20000364   Section        0  switches.o(.bss.TouchPF4)
    Tx5Fifo                                  0x20000370   Data         256  esp8266.o(.bss.Tx5Fifo)
    [Anonymous Symbol]                       0x20000370   Section        0  esp8266.o(.bss.Tx5Fifo)
    TxFifo                                   0x20000478   Data          64  uart.o(.bss.TxFifo)
    [Anonymous Symbol]                       0x20000478   Section        0  uart.o(.bss.TxFifo)
    StackMem                                 0x20000528   Data           0  startup.o(STACK)
    STACK                                    0x20000528   Section     1024  startup.o(STACK)

    Global Symbols

    Symbol Name                              Value     Ov Type        Size  Object(Section)

    BuildAttributes$$THM_ISAv4$E$P$D$K$B$S$7EM$VFPi3$EXTD16$VFPS$VFMA$PE$A:L22UL41UL21$X:L11$S22US41US21$IEEE1$IW$~IW$USESV6$~STKCKD$USESV7$~SHL$OSPACE$EBA8$MICROLIB$REQ8$PRES8$EABIv2 0x00000000   Number         0  anon$$obj.o ABSOLUTE
    __Vectors                                0x00000000   Data           0  startup.o(RESET)
    __cpp_initialize__aeabi_                  - Undefined Weak Reference
    __cxa_finalize                            - Undefined Weak Reference
    __decompress                              - Undefined Weak Reference
    _clock_init                               - Undefined Weak Reference
    _microlib_exit                            - Undefined Weak Reference
    Reset_Handler                            0x0000026d   Thumb Code     0  startup.o(RESET)
    HardFault_Handler                        0x00000283   Thumb Code     2  startup.o(RESET)
    MemManage_Handler                        0x00000285   Thumb Code     2  startup.o(RESET)
    BusFault_Handler                         0x00000287   Thumb Code     2  startup.o(RESET)
    UsageFault_Handler                       0x00000289   Thumb Code     2  startup.o(RESET)
    SVC_Handler                              0x0000028b   Thumb Code     2  startup.o(RESET)
    DebugMon_Handler                         0x0000028d   Thumb Code     2  startup.o(RESET)
    PendSV_Handler                           0x0000028f   Thumb Code     2  startup.o(RESET)
    SysTick_Handler                          0x00000291   Thumb Code     2  startup.o(RESET)
    ADC0Seq0_Handler                         0x00000293   Thumb Code     0  startup.o(RESET)
    ADC0Seq1_Handler                         0x00000293   Thumb Code     0  startup.o(RESET)
    ADC0Seq2_Handler                         0x00000293   Thumb Code     0  startup.o(RESET)
    ADC0Seq3_Handler                         0x00000293   Thumb Code     0  startup.o(RESET)
    ADC1Seq0_Handler                         0x00000293   Thumb Code     0  startup.o(RESET)
    ADC1Seq1_Handler                         0x00000293   Thumb Code     0  startup.o(RESET)
    ADC1Seq2_Handler                         0x00000293   Thumb Code     0  startup.o(RESET)
    ADC1Seq3_Handler                         0x00000293   Thumb Code     0  startup.o(RESET)
    CAN0_Handler                             0x00000293   Thumb Code     0  startup.o(RESET)
    CAN1_Handler                             0x00000293   Thumb Code     0  startup.o(RESET)
    CAN2_Handler                             0x00000293   Thumb Code     0  startup.o(RESET)
    Comp0_Handler                            0x00000293   Thumb Code     0  startup.o(RESET)
    Comp1_Handler                            0x00000293   Thumb Code     0  startup.o(RESET)
    Comp2_Handler                            0x00000293   Thumb Code     0  startup.o(RESET)
    Ethernet_Handler                         0x00000293   Thumb Code     0  startup.o(RESET)
    ExtBus_Handler                           0x00000293   Thumb Code     0  startup.o(RESET)
    FPU_Handler                              0x00000293   Thumb Code     0  startup.o(RESET)
    Fan0_Handler                             0x00000293   Thumb Code     0  startup.o(RESET)
    FlashCtl_Handler                         0x00000293   Thumb Code     0  startup.o(RESET)
    GPIOPortA_Handler                        0x00000293   Thumb Code     0  startup.o(RESET)
    GPIOPortB_Handler                        0x00000293   Thumb Code     0  startup.o(RESET)
    GPIOPortC_Handler                        0x00000293   Thumb Code     0  startup.o(RESET)
    GPIOPortD_Handler                        0x00000293   Thumb Code     0  startup.o(RESET)
    GPIOPortE_Handler                        0x00000293   Thumb Code     0  startup.o(RESET)
    GPIOPortG_Handler                        0x00000293   Thumb Code     0  startup.o(RESET)
    GPIOPortH_Handler                        0x00000293   Thumb Code     0  startup.o(RESET)
    GPIOPortJ_Handler                        0x00000293   Thumb Code     0  startup.o(RESET)
    GPIOPortK_Handler                        0x00000293   Thumb Code     0  startup.o(RESET)
    GPIOPortL_Handler                        0x00000293   Thumb Code     0  startup.o(RESET)
    GPIOPortM_Handler                        0x00000293   Thumb Code     0  startup.o(RESET)
    GPIOPortN_Handler                        0x00000293   Thumb Code     0  startup.o(RESET)
    GPIOPortP1_Handler                       0x00000293   Thumb Code     0  startup.o(RESET)
    GPIOPortP2_Handler                       0x00000293   Thumb Code     0  startup.o(RESET)
    GPIOPortP3_Handler                       0x00000293   Thumb Code     0  startup.o(RESET)
    GPIOPortP4_Handler                       0x00000293   Thumb Code     0  startup.o(RESET)
    GPIOPortP5_Handler                       0x00000293   Thumb Code     0  startup.o(RESET)
    GPIOPortP6_Handler                       0x00000293   Thumb Code     0  startup.o(RESET)
    GPIOPortP7_Handler                       0x00000293   Thumb Code     0  startup.o(RESET)
    GPIOPortP_Handler                        0x00000293   Thumb Code     0  startup.o(RESET)
    GPIOPortQ1_Handler                       0x00000293   Thumb Code     0  startup.o(RESET)
    GPIOPortQ2_Handler                       0x00000293   Thumb Code     0  startup.o(RESET)
    GPIOPortQ3_Handler                       0x00000293   Thumb Code     0  startup.o(RESET)
    GPIOPortQ4_Handler                       0x00000293   Thumb Code     0  startup.o(RESET)
    GPIOPortQ5_Handler                       0x00000293   Thumb Code     0  startup.o(RESET)
    GPIOPortQ6_Handler                       0x00000293   Thumb Code     0  startup.o(RESET)
    GPIOPortQ7_Handler                       0x00000293   Thumb Code     0  startup.o(RESET)
    GPIOPortQ_Handler                        0x00000293   Thumb Code     0  startup.o(RESET)
    GPIOPortR_Handler                        0x00000293   Thumb Code     0  startup.o(RESET)
    GPIOPortS_Handler                        0x00000293   Thumb Code     0  startup.o(RESET)
    Hibernate_Handler                        0x00000293   Thumb Code     0  startup.o(RESET)
    I2C0_Handler                             0x00000293   Thumb Code     0  startup.o(RESET)
    I2C1_Handler                             0x00000293   Thumb Code     0  startup.o(RESET)
    I2C2_Handler                             0x00000293   Thumb Code     0  startup.o(RESET)
    I2C3_Handler                             0x00000293   Thumb Code     0  startup.o(RESET)
    I2C4_Handler                             0x00000293   Thumb Code     0  startup.o(RESET)
    I2C5_Handler                             0x00000293   Thumb Code     0  startup.o(RESET)
    I2S0_Handler                             0x00000293   Thumb Code     0  startup.o(RESET)
    LPC0_Handler                             0x00000293   Thumb Code     0  startup.o(RESET)
    PECI0_Handler                            0x00000293   Thumb Code     0  startup.o(RESET)
    PWM0Fault_Handler                        0x00000293   Thumb Code     0  startup.o(RESET)
    PWM0Generator0_Handler                   0x00000293   Thumb Code     0  startup.o(RESET)
    PWM0Generator1_Handler                   0x00000293   Thumb Code     0  startup.o(RESET)
    PWM0Generator2_Handler                   0x00000293   Thumb Code     0  startup.o(RESET)
    PWM0Generator3_Handler                   0x00000293   Thumb Code     0  startup.o(RESET)
    PWM1Fault_Handler                        0x00000293   Thumb Code     0  startup.o(RESET)
    PWM1Generator0_Handler                   0x00000293   Thumb Code     0  startup.o(RESET)
    PWM1Generator1_Handler                   0x00000293   Thumb Code     0  startup.o(RESET)
    PWM1Generator2_Handler                   0x00000293   Thumb Code     0  startup.o(RESET)
    PWM1Generator3_Handler                   0x00000293   Thumb Code     0  startup.o(RESET)
    Quadrature0_Handler                      0x00000293   Thumb Code     0  startup.o(RESET)
    Quadrature1_Handler                      0x00000293   Thumb Code     0  startup.o(RESET)
    Quadrature2_Handler                      0x00000293   Thumb Code     0  startup.o(RESET)
    SSI0_Handler                             0x00000293   Thumb Code     0  startup.o(RESET)
    SSI1_Handler                             0x00000293   Thumb Code     0  startup.o(RESET)
    SSI2_Handler                             0x00000293   Thumb Code     0  startup.o(RESET)
    SSI3_Handler                             0x00000293   Thumb Code     0  startup.o(RESET)
    SysCtl_Handler                           0x00000293   Thumb Code     0  startup.o(RESET)
    Timer0B_Handler                          0x00000293   Thumb Code     0  startup.o(RESET)
    Timer1B_Handler                          0x00000293   Thumb Code     0  startup.o(RESET)
    Timer2B_Handler                          0x00000293   Thumb Code     0  startup.o(RESET)
    Timer3B_Handler                          0x00000293   Thumb Code     0  startup.o(RESET)
    Timer4B_Handler                          0x00000293   Thumb Code     0  startup.o(RESET)
    Timer5B_Handler                          0x00000293   Thumb Code     0  startup.o(RESET)
    UART1_Handler                            0x00000293   Thumb Code     0  startup.o(RESET)
    UART2_Handler                            0x00000293   Thumb Code     0  startup.o(RESET)
    UART3_Handler                            0x00000293   Thumb Code     0  startup.o(RESET)
    UART4_Handler                            0x00000293   Thumb Code     0  startup.o(RESET)
    UART6_Handler                            0x00000293   Thumb Code     0  startup.o(RESET)
    UART7_Handler                            0x00000293   Thumb Code     0  startup.o(RESET)
    USB0_Handler                             0x00000293   Thumb Code     0  startup.o(RESET)
    WDT_Handler                              0x00000293   Thumb Code     0  startup.o(RESET)
    WideTimer0A_Handler                      0x00000293   Thumb Code     0  startup.o(RESET)
    WideTimer0B_Handler                      0x00000293   Thumb Code     0  startup.o(RESET)
    WideTimer1A_Handler                      0x00000293   Thumb Code     0  startup.o(RESET)
    WideTimer1B_Handler                      0x00000293   Thumb Code     0  startup.o(RESET)
    WideTimer2A_Handler                      0x00000293   Thumb Code     0  startup.o(RESET)
    WideTimer2B_Handler                      0x00000293   Thumb Code     0  startup.o(RESET)
    WideTimer3A_Handler                      0x00000293   Thumb Code     0  startup.o(RESET)
    WideTimer3B_Handler                      0x00000293   Thumb Code     0  startup.o(RESET)
    WideTimer4A_Handler                      0x00000293   Thumb Code     0  startup.o(RESET)
    WideTimer4B_Handler                      0x00000293   Thumb Code     0  startup.o(RESET)
    WideTimer5A_Handler                      0x00000293   Thumb Code     0  startup.o(RESET)
    WideTimer5B_Handler                      0x00000293   Thumb Code     0  startup.o(RESET)
    __aeabi_assert                           0x00000293   Thumb Code     0  startup.o(RESET)
    uDMA_Error                               0x00000293   Thumb Code     0  startup.o(RESET)
    uDMA_Handler                             0x00000293   Thumb Code     0  startup.o(RESET)
    __main                                   0x00000295   Thumb Code     0  entry.o(.ARM.Collect$$$$00000000)
    _main_stk                                0x00000295   Thumb Code     0  entry2.o(.ARM.Collect$$$$00000001)
    _main_scatterload                        0x00000299   Thumb Code     0  entry5.o(.ARM.Collect$$$$00000004)
    __main_after_scatterload                 0x0000029d   Thumb Code     0  entry5.o(.ARM.Collect$$$$00000004)
    _main_clock                              0x0000029d   Thumb Code     0  entry7b.o(.ARM.Collect$$$$00000008)
    _main_cpp_init                           0x0000029d   Thumb Code     0  entry8b.o(.ARM.Collect$$$$0000000A)
    _main_init                               0x0000029d   Thumb Code     0  entry9a.o(.ARM.Collect$$$$0000000B)
    __rt_final_cpp                           0x000002a5   Thumb Code     0  entry10a.o(.ARM.Collect$$$$0000000D)
    __rt_final_exit                          0x000002a5   Thumb Code     0  entry11a.o(.ARM.Collect$$$$0000000F)
    DisableInterrupts                        0x000002a9   Thumb Code     0  startup.o(.text)
    EnableInterrupts                         0x000002ad   Thumb Code     0  startup.o(.text)
    StartCritical                            0x000002b1   Thumb Code     0  startup.o(.text)
    EndCritical                              0x000002b9   Thumb Code     0  startup.o(.text)
    WaitForInterrupt                         0x000002bf   Thumb Code     0  startup.o(.text)
    abs                                      0x000002c5   Thumb Code     8  siabs.o(.text)
    strcpy                                   0x000002cd   Thumb Code    18  strcpy.o(.text)
    strtok                                   0x000002e1   Thumb Code    62  strtok.o(.text)
    atoi                                     0x00000325   Thumb Code    26  atoi.o(.text)
    strtol                                   0x0000033f   Thumb Code   112  strtol.o(.text)
    __scatterload                            0x000003b1   Thumb Code    28  init.o(.text)
    __scatterload_rt2                        0x000003b1   Thumb Code     0  init.o(.text)
    __rt_ctype_table                         0x000003d5   Thumb Code     4  ctype_o.o(.text)
    _strtoul                                 0x000003dd   Thumb Code   158  _strtoul.o(.text)
    _chval                                   0x0000047b   Thumb Code    28  _chval.o(.text)
    Blynk_to_TM4C                            0x00000499   Thumb Code   410  blynk.o(.text.Blynk_to_TM4C)
    DAC_Init                                 0x00000635   Thumb Code    72  sound.o(.text.DAC_Init)
    Delay1ms                                 0x0000067d   Thumb Code    50  st7735.o(.text.Delay1ms)
    DelayMs                                  0x000006b1   Thumb Code    50  esp8266.o(.text.DelayMs)
    ESP8266_GetMessage                       0x000006e5   Thumb Code   156  esp8266.o(.text.ESP8266_GetMessage)
    ESP8266_Init                             0x00000781   Thumb Code   142  esp8266.o(.text.ESP8266_Init)
    ESP8266_OutChar                          0x00000811   Thumb Code    64  esp8266.o(.text.ESP8266_OutChar)
    ESP8266_OutString                        0x00000851   Thumb Code    38  esp8266.o(.text.ESP8266_OutString)
    ESP8266_OutUDec                          0x00000879   Thumb Code    76  esp8266.o(.text.ESP8266_OutUDec)
    ESP8266_Reset                            0x000008c5   Thumb Code    60  esp8266.o(.text.ESP8266_Reset)
    ESP8266_SetupWiFi                        0x00000901   Thumb Code   164  esp8266.o(.text.ESP8266_SetupWiFi)
    GPIOPortF_Handler                        0x00000a25   Thumb Code   156  switches.o(.text.GPIOPortF_Handler)
    LCDInit                                  0x00000ac1   Thumb Code    38  lcd.o(.text.LCDInit)
    PLL_Init                                 0x00000ae9   Thumb Code   136  pll.o(.text.PLL_Init)
    Rx5Fifo_Init                             0x00000b71   Thumb Code    52  esp8266.o(.text.Rx5Fifo_Init)
    Rx5Fifo_Put                              0x00000ba5   Thumb Code   292  esp8266.o(.text.Rx5Fifo_Put)
    Rx5Fifo_Size                             0x00000cc9   Thumb Code    24  esp8266.o(.text.Rx5Fifo_Size)
    RxFifo_Put                               0x00000ce1   Thumb Code    90  uart.o(.text.RxFifo_Put)
    RxFifo_Size                              0x00000d3d   Thumb Code    24  uart.o(.text.RxFifo_Size)
    ST7735_DrawBitmap                        0x00000d55   Thumb Code   614  st7735.o(.text.ST7735_DrawBitmap)
    ST7735_DrawCharS                         0x00000fbd   Thumb Code   452  st7735.o(.text.ST7735_DrawCharS)
    ST7735_DrawPixel                         0x00001181   Thumb Code   126  st7735.o(.text.ST7735_DrawPixel)
    ST7735_DrawString                        0x00001201   Thumb Code   162  st7735.o(.text.ST7735_DrawString)
    ST7735_FillRect                          0x000012a5   Thumb Code   338  st7735.o(.text.ST7735_FillRect)
    ST7735_FillScreen                        0x000013f9   Thumb Code    64  st7735.o(.text.ST7735_FillScreen)
    ST7735_InitR                             0x00001439   Thumb Code   170  st7735.o(.text.ST7735_InitR)
    ST7735_Line                              0x000014e5   Thumb Code   250  st7735.o(.text.ST7735_Line)
    ST7735_OutChar                           0x000015e1   Thumb Code   284  st7735.o(.text.ST7735_OutChar)
    ST7735_OutString                         0x000016fd   Thumb Code    38  st7735.o(.text.ST7735_OutString)
    ST7735_SetCursor                         0x00001725   Thumb Code    54  st7735.o(.text.ST7735_SetCursor)
    SendInformation                          0x0000175d   Thumb Code   138  blynk.o(.text.SendInformation)
    SoundTask                                0x000017e9   Thumb Code    18  sound.o(.text.SoundTask)
    Sound_Init                               0x000017fd   Thumb Code    30  sound.o(.text.Sound_Init)
    Switch1                                  0x0000181d   Thumb Code    88  blynk.o(.text.Switch1)
    Switch2                                  0x00001875   Thumb Code   118  blynk.o(.text.Switch2)
    Switch_Init                              0x000018ed   Thumb Code   278  switches.o(.text.Switch_Init)
    TM4C_to_Blynk                            0x00001a05   Thumb Code    70  blynk.o(.text.TM4C_to_Blynk)
    Timer0A_Handler                          0x00001a4d   Thumb Code    26  timer0a.o(.text.Timer0A_Handler)
    Timer0A_Init                             0x00001a69   Thumb Code   162  timer0a.o(.text.Timer0A_Init)
    Timer0A_Stop                             0x00001b0d   Thumb Code    26  timer0a.o(.text.Timer0A_Stop)
    Timer1A_Handler                          0x00001b29   Thumb Code    28  timer1a.o(.text.Timer1A_Handler)
    Timer1A_Init                             0x00001b45   Thumb Code   160  timer1a.o(.text.Timer1A_Init)
    Timer1A_Stop                             0x00001be5   Thumb Code    28  timer1a.o(.text.Timer1A_Stop)
    Timer2A_Handler                          0x00001c01   Thumb Code    32  switches.o(.text.Timer2A_Handler)
    Timer3A_Handler                          0x00001c9d   Thumb Code    32  switches.o(.text.Timer3A_Handler)
    Timer4A_Handler                          0x00001d35   Thumb Code    28  timer4a.o(.text.Timer4A_Handler)
    Timer4A_Init                             0x00001d51   Thumb Code   158  timer4a.o(.text.Timer4A_Init)
    Timer5A_Handler                          0x00001df1   Thumb Code    28  timer5a.o(.text.Timer5A_Handler)
    Timer5A_Init                             0x00001e0d   Thumb Code   160  timer5a.o(.text.Timer5A_Init)
    TimerInit                                0x00001ead   Thumb Code   126  time.o(.text.TimerInit)
    Tx5Fifo_Get                              0x00001f2d   Thumb Code    80  esp8266.o(.text.Tx5Fifo_Get)
    Tx5Fifo_Init                             0x00001f7d   Thumb Code    42  esp8266.o(.text.Tx5Fifo_Init)
    Tx5Fifo_Put                              0x00001fa9   Thumb Code    88  esp8266.o(.text.Tx5Fifo_Put)
    Tx5Fifo_Size                             0x00002001   Thumb Code    24  esp8266.o(.text.Tx5Fifo_Size)
    TxFifo_Get                               0x00002019   Thumb Code    82  uart.o(.text.TxFifo_Get)
    TxFifo_Size                              0x0000206d   Thumb Code    24  uart.o(.text.TxFifo_Size)
    UART0_Handler                            0x00002085   Thumb Code   140  uart.o(.text.UART0_Handler)
    UART5_Handler                            0x00002111   Thumb Code   140  esp8266.o(.text.UART5_Handler)
    UART5_Init                               0x0000219d   Thumb Code   264  esp8266.o(.text.UART5_Init)
    alarmPlaying                             0x000022a5   Thumb Code    12  time.o(.text.alarmPlaying)
    changeTime                               0x000022b1   Thumb Code   516  lcd.o(.text.changeTime)
    checkAlarm                               0x000024b5   Thumb Code    72  time.o(.text.checkAlarm)
    clearScreen                              0x000024fd   Thumb Code    10  lcd.o(.text.clearScreen)
    digitalClock                             0x00002905   Thumb Code    52  lcd.o(.text.digitalClock)
    drawClock                                0x00002939   Thumb Code    86  lcd.o(.text.drawClock)
    drawHourHand                             0x00002991   Thumb Code   290  lcd.o(.text.drawHourHand)
    drawMinuteHand                           0x00002ab5   Thumb Code  1478  lcd.o(.text.drawMinuteHand)
    getAlarmFlag                             0x0000307d   Thumb Code    12  time.o(.text.getAlarmFlag)
    getAlarmTime                             0x00003089   Thumb Code    12  time.o(.text.getAlarmTime)
    getArrowLocation                         0x00003095   Thumb Code    12  lcd.o(.text.getArrowLocation)
    getFullTime                              0x000030a1   Thumb Code    28  time.o(.text.getFullTime)
    getScreen                                0x000030bd   Thumb Code    12  lcd.o(.text.getScreen)
    getTime                                  0x000030c9   Thumb Code    12  time.o(.text.getTime)
    getUpdateFlag                            0x000030d5   Thumb Code    12  time.o(.text.getUpdateFlag)
    incrementTime                            0x000030e1   Thumb Code   176  time.o(.text.incrementTime)
    main                                     0x00003191   Thumb Code   500  blynk.o(.text.main)
    mainMenu                                 0x00003385   Thumb Code   316  lcd.o(.text.mainMenu)
    plotLineX                                0x000034c1   Thumb Code   286  st7735.o(.text.plotLineX)
    plotLineY                                0x000035e1   Thumb Code   286  st7735.o(.text.plotLineY)
    printTime                                0x00003701   Thumb Code  1472  lcd.o(.text.printTime)
    resetAlarmFlag                           0x00003ce1   Thumb Code    14  time.o(.text.resetAlarmFlag)
    resetTimer                               0x00003cf1   Thumb Code    26  time.o(.text.resetTimer)
    resetUpdateFlag                          0x00003d0d   Thumb Code    14  time.o(.text.resetUpdateFlag)
    setAlarm                                 0x00003dc5   Thumb Code    30  time.o(.text.setAlarm)
    setArrowLocation                         0x00003de5   Thumb Code    20  lcd.o(.text.setArrowLocation)
    setPF0Flag                               0x00003df9   Thumb Code    14  switches.o(.text.setPF0Flag)
    setPF4Flag                               0x00003e09   Thumb Code    14  switches.o(.text.setPF4Flag)
    setScreen                                0x00003e19   Thumb Code    20  lcd.o(.text.setScreen)
    setTime                                  0x00003e2d   Thumb Code    76  time.o(.text.setTime)
    toggleAlarm                              0x00003e79   Thumb Code    20  time.o(.text.toggleAlarm)
    waitPress                                0x00003e8d   Thumb Code    82  switches.o(.text.waitPress)
    waitPressOrTime                          0x00003ee1   Thumb Code   110  switches.o(.text.waitPressOrTime)
    waitPressSet                             0x00003f51   Thumb Code   168  switches.o(.text.waitPressSet)
    __aeabi_errno_addr                       0x00004091   Thumb Code     4  errno.o(i.__aeabi_errno_addr)
    __rt_errno_addr                          0x00004091   Thumb Code     0  errno.o(i.__aeabi_errno_addr)
    __scatterload_copy                       0x00004099   Thumb Code    14  handlers.o(i.__scatterload_copy)
    __scatterload_null                       0x000040a7   Thumb Code     2  handlers.o(i.__scatterload_null)
    __scatterload_zeroinit                   0x000040a9   Thumb Code    14  handlers.o(i.__scatterload_zeroinit)
    __ctype_table                            0x000040b6   Data         129  ctype_o.o(.constdata)
    alarm                                    0x000046b8   Data         800  lcd.o(.rodata.alarm)
    arrow                                    0x000049d8   Data         200  lcd.o(.rodata.arrow)
    clock                                    0x00004aa0   Data       32768  lcd.o(.rodata.clock)
    colon                                    0x0000caa0   Data         640  lcd.o(.rodata.colon)
    downArrow                                0x0000cd20   Data         200  lcd.o(.rodata.downArrow)
    eight                                    0x0000cde8   Data        1280  lcd.o(.rodata.eight)
    five                                     0x0000d2e8   Data        1280  lcd.o(.rodata.five)
    four                                     0x0000d7e8   Data        1280  lcd.o(.rodata.four)
    nine                                     0x0000dce8   Data        1280  lcd.o(.rodata.nine)
    one                                      0x0000e1e8   Data        1280  lcd.o(.rodata.one)
    seven                                    0x0000e6e8   Data        1280  lcd.o(.rodata.seven)
    six                                      0x0000ebe8   Data        1280  lcd.o(.rodata.six)
    three                                    0x0000f178   Data        1280  lcd.o(.rodata.three)
    two                                      0x0000f678   Data        1280  lcd.o(.rodata.two)
    zero                                     0x0000fb78   Data        1280  lcd.o(.rodata.zero)
    Region$$Table$$Base                      0x00010078   Number         0  anon$$obj.o(Region$$Table)
    Region$$Table$$Limit                     0x00010098   Number         0  anon$$obj.o(Region$$Table)
    Pin_Float                                0x20000008   Data           8  blynk.o(.data.Pin_Float)
    Pin_Integer                              0x20000010   Data           8  blynk.o(.data.Pin_Integer)
    Pin_Number                               0x20000018   Data           2  blynk.o(.data.Pin_Number)
    StTextColor                              0x2000001a   Data           2  st7735.o(.data.StTextColor)
    auth                                     0x20000020   Data          64  esp8266.o(.data.auth)
    pass                                     0x20000060   Data          32  esp8266.o(.data.pass)
    ssid                                     0x20000080   Data          32  esp8266.o(.data.ssid)
    HOUR                                     0x200000a4   Data           4  time.o(.bss.HOUR)
    MINUTES                                  0x200000a8   Data           4  time.o(.bss.MINUTES)
    PeriodicTask0                            0x200000ac   Data           4  timer0a.o(.bss.PeriodicTask0)
    PeriodicTask1                            0x200000b0   Data           4  timer1a.o(.bss.PeriodicTask1)
    PeriodicTask4                            0x200000b4   Data           4  timer4a.o(.bss.PeriodicTask4)
    PeriodicTask5                            0x200000b8   Data           4  timer5a.o(.bss.PeriodicTask5)
    Rx5Fifo                                  0x200000bd   Data         512  esp8266.o(.bss.Rx5Fifo)
    Rx5GetI                                  0x200002c0   Data           4  esp8266.o(.bss.Rx5GetI)
    Rx5PutI                                  0x200002c4   Data           4  esp8266.o(.bss.Rx5PutI)
    Rx5PutJ                                  0x200002c8   Data           4  esp8266.o(.bss.Rx5PutJ)
    RxGetI                                   0x2000030c   Data           4  uart.o(.bss.RxGetI)
    RxMessage                                0x20000310   Data          64  esp8266.o(.bss.RxMessage)
    RxPutI                                   0x20000350   Data           4  uart.o(.bss.RxPutI)
    StX                                      0x20000354   Data           4  st7735.o(.bss.StX)
    StY                                      0x20000358   Data           4  st7735.o(.bss.StY)
    TouchTaskPF0                             0x20000368   Data           4  switches.o(.bss.TouchTaskPF0)
    TouchTaskPF4                             0x2000036c   Data           4  switches.o(.bss.TouchTaskPF4)
    Tx5GetI                                  0x20000470   Data           4  esp8266.o(.bss.Tx5GetI)
    Tx5PutI                                  0x20000474   Data           4  esp8266.o(.bss.Tx5PutI)
    TxGetI                                   0x200004b8   Data           4  uart.o(.bss.TxGetI)
    TxPutI                                   0x200004bc   Data           4  uart.o(.bss.TxPutI)
    alarmFlag                                0x200004c0   Data           4  time.o(.bss.alarmFlag)
    alarmTime                                0x200004c4   Data           4  time.o(.bss.alarmTime)
    arrowLocation                            0x200004c8   Data           4  lcd.o(.bss.arrowLocation)
    count                                    0x200004cc   Data           4  time.o(.bss.count)
    enableFlag                               0x200004d0   Data           4  time.o(.bss.enableFlag)
    pin_int                                  0x200004d4   Data           4  blynk.o(.bss.pin_int)
    pin_num                                  0x200004d8   Data           4  blynk.o(.bss.pin_num)
    screen                                   0x200004dc   Data           4  lcd.o(.bss.screen)
    serial_buf                               0x200004e0   Data          64  blynk.o(.bss.serial_buf)
    time                                     0x20000520   Data           4  time.o(.bss.time)
    updateFlag                               0x20000524   Data           4  time.o(.bss.updateFlag)
    __initial_sp                             0x20000928   Data           0  startup.o(STACK)



==============================================================================

Memory Map of the image

  Image Entry point : 0x00000295

  Load Region LR_IROM1 (Base: 0x00000000, Size: 0x00010138, Max: 0x00040000, ABSOLUTE)

    Execution Region ER_IROM1 (Exec base: 0x00000000, Load base: 0x00000000, Size: 0x00010098, Max: 0x00040000, ABSOLUTE)

    Exec Addr    Load Addr    Size         Type   Attr      Idx    E Section Name        Object

    0x00000000   0x00000000   0x00000294   Code   RO           36    RESET               startup.o
    0x00000294   0x00000294   0x00000000   Code   RO          698  * .ARM.Collect$$$$00000000  mc_w.l(entry.o)
    0x00000294   0x00000294   0x00000004   Code   RO          715    .ARM.Collect$$$$00000001  mc_w.l(entry2.o)
    0x00000298   0x00000298   0x00000004   Code   RO          718    .ARM.Collect$$$$00000004  mc_w.l(entry5.o)
    0x0000029c   0x0000029c   0x00000000   Code   RO          720    .ARM.Collect$$$$00000008  mc_w.l(entry7b.o)
    0x0000029c   0x0000029c   0x00000000   Code   RO          722    .ARM.Collect$$$$0000000A  mc_w.l(entry8b.o)
    0x0000029c   0x0000029c   0x00000008   Code   RO          723    .ARM.Collect$$$$0000000B  mc_w.l(entry9a.o)
    0x000002a4   0x000002a4   0x00000000   Code   RO          725    .ARM.Collect$$$$0000000D  mc_w.l(entry10a.o)
    0x000002a4   0x000002a4   0x00000000   Code   RO          727    .ARM.Collect$$$$0000000F  mc_w.l(entry11a.o)
    0x000002a4   0x000002a4   0x00000004   Code   RO          716    .ARM.Collect$$$$00002712  mc_w.l(entry2.o)
    0x000002a8   0x000002a8   0x0000001c   Code   RO           37    .text               startup.o
    0x000002c4   0x000002c4   0x00000008   Code   RO          701    .text               mc_w.l(siabs.o)
    0x000002cc   0x000002cc   0x00000012   Code   RO          705    .text               mc_w.l(strcpy.o)
    0x000002de   0x000002de   0x00000002   PAD
    0x000002e0   0x000002e0   0x00000044   Code   RO          707    .text               mc_w.l(strtok.o)
    0x00000324   0x00000324   0x0000001a   Code   RO          713    .text               mc_w.l(atoi.o)
    0x0000033e   0x0000033e   0x00000070   Code   RO          736    .text               mc_w.l(strtol.o)
    0x000003ae   0x000003ae   0x00000002   PAD
    0x000003b0   0x000003b0   0x00000024   Code   RO          738    .text               mc_w.l(init.o)
    0x000003d4   0x000003d4   0x00000008   Code   RO          740    .text               mc_w.l(ctype_o.o)
    0x000003dc   0x000003dc   0x0000009e   Code   RO          768    .text               mc_w.l(_strtoul.o)
    0x0000047a   0x0000047a   0x0000001c   Code   RO          770    .text               mc_w.l(_chval.o)
    0x00000496   0x00000496   0x00000002   PAD
    0x00000498   0x00000498   0x0000019a   Code   RO          344    .text.Blynk_to_TM4C  blynk.o
    0x00000632   0x00000632   0x00000002   PAD
    0x00000634   0x00000634   0x00000048   Code   RO          577    .text.DAC_Init      sound.o
    0x0000067c   0x0000067c   0x00000032   Code   RO           46    .text.Delay1ms      st7735.o
    0x000006ae   0x000006ae   0x00000002   PAD
    0x000006b0   0x000006b0   0x00000032   Code   RO          401    .text.DelayMs       esp8266.o
    0x000006e2   0x000006e2   0x00000002   PAD
    0x000006e4   0x000006e4   0x0000009c   Code   RO          373    .text.ESP8266_GetMessage  esp8266.o
    0x00000780   0x00000780   0x0000008e   Code   RO          403    .text.ESP8266_Init  esp8266.o
    0x0000080e   0x0000080e   0x00000002   PAD
    0x00000810   0x00000810   0x00000040   Code   RO          389    .text.ESP8266_OutChar  esp8266.o
    0x00000850   0x00000850   0x00000026   Code   RO          397    .text.ESP8266_OutString  esp8266.o
    0x00000876   0x00000876   0x00000002   PAD
    0x00000878   0x00000878   0x0000004c   Code   RO          399    .text.ESP8266_OutUDec  esp8266.o
    0x000008c4   0x000008c4   0x0000003c   Code   RO          405    .text.ESP8266_Reset  esp8266.o
    0x00000900   0x00000900   0x000000a4   Code   RO          407    .text.ESP8266_SetupWiFi  esp8266.o
    0x000009a4   0x000009a4   0x0000003e   Code   RO          598    .text.GPIOArmPF0    switches.o
    0x000009e2   0x000009e2   0x00000002   PAD
    0x000009e4   0x000009e4   0x0000003e   Code   RO          596    .text.GPIOArmPF4    switches.o
    0x00000a22   0x00000a22   0x00000002   PAD
    0x00000a24   0x00000a24   0x0000009c   Code   RO          600    .text.GPIOPortF_Handler  switches.o
    0x00000ac0   0x00000ac0   0x00000026   Code   RO          525    .text.LCDInit       lcd.o
    0x00000ae6   0x00000ae6   0x00000002   PAD
    0x00000ae8   0x00000ae8   0x00000088   Code   RO          263    .text.PLL_Init      pll.o
    0x00000b70   0x00000b70   0x00000034   Code   RO          369    .text.Rx5Fifo_Init  esp8266.o
    0x00000ba4   0x00000ba4   0x00000124   Code   RO          371    .text.Rx5Fifo_Put   esp8266.o
    0x00000cc8   0x00000cc8   0x00000018   Code   RO          375    .text.Rx5Fifo_Size  esp8266.o
    0x00000ce0   0x00000ce0   0x0000005a   Code   RO          456    .text.RxFifo_Put    uart.o
    0x00000d3a   0x00000d3a   0x00000002   PAD
    0x00000d3c   0x00000d3c   0x00000018   Code   RO          460    .text.RxFifo_Size   uart.o
    0x00000d54   0x00000d54   0x00000266   Code   RO           86    .text.ST7735_DrawBitmap  st7735.o
    0x00000fba   0x00000fba   0x00000002   PAD
    0x00000fbc   0x00000fbc   0x000001c4   Code   RO           88    .text.ST7735_DrawCharS  st7735.o
    0x00001180   0x00001180   0x0000007e   Code   RO           64    .text.ST7735_DrawPixel  st7735.o
    0x000011fe   0x000011fe   0x00000002   PAD
    0x00001200   0x00001200   0x000000a2   Code   RO           92    .text.ST7735_DrawString  st7735.o
    0x000012a2   0x000012a2   0x00000002   PAD
    0x000012a4   0x000012a4   0x00000152   Code   RO           76    .text.ST7735_FillRect  st7735.o
    0x000013f6   0x000013f6   0x00000002   PAD
    0x000013f8   0x000013f8   0x00000040   Code   RO           54    .text.ST7735_FillScreen  st7735.o
    0x00001438   0x00001438   0x000000aa   Code   RO           56    .text.ST7735_InitR  st7735.o
    0x000014e2   0x000014e2   0x00000002   PAD
    0x000014e4   0x000014e4   0x000000fa   Code   RO          160    .text.ST7735_Line   st7735.o
    0x000015de   0x000015de   0x00000002   PAD
    0x000015e0   0x000015e0   0x0000011c   Code   RO          126    .text.ST7735_OutChar  st7735.o
    0x000016fc   0x000016fc   0x00000026   Code   RO          128    .text.ST7735_OutString  st7735.o
    0x00001722   0x00001722   0x00000002   PAD
    0x00001724   0x00001724   0x00000036   Code   RO           52    .text.ST7735_SetCursor  st7735.o
    0x0000175a   0x0000175a   0x00000002   PAD
    0x0000175c   0x0000175c   0x0000008a   Code   RO          346    .text.SendInformation  blynk.o
    0x000017e6   0x000017e6   0x00000002   PAD
    0x000017e8   0x000017e8   0x00000012   Code   RO          581    .text.SoundTask     sound.o
    0x000017fa   0x000017fa   0x00000002   PAD
    0x000017fc   0x000017fc   0x0000001e   Code   RO          583    .text.Sound_Init    sound.o
    0x0000181a   0x0000181a   0x00000002   PAD
    0x0000181c   0x0000181c   0x00000058   Code   RO          338    .text.Switch1       blynk.o
    0x00001874   0x00001874   0x00000076   Code   RO          340    .text.Switch2       blynk.o
    0x000018ea   0x000018ea   0x00000002   PAD
    0x000018ec   0x000018ec   0x00000116   Code   RO          594    .text.Switch_Init   switches.o
    0x00001a02   0x00001a02   0x00000002   PAD
    0x00001a04   0x00001a04   0x00000046   Code   RO          342    .text.TM4C_to_Blynk  blynk.o
    0x00001a4a   0x00001a4a   0x00000002   PAD
    0x00001a4c   0x00001a4c   0x0000001a   Code   RO          200    .text.Timer0A_Handler  timer0a.o
    0x00001a66   0x00001a66   0x00000002   PAD
    0x00001a68   0x00001a68   0x000000a2   Code   RO          198    .text.Timer0A_Init  timer0a.o
    0x00001b0a   0x00001b0a   0x00000002   PAD
    0x00001b0c   0x00001b0c   0x0000001a   Code   RO          202    .text.Timer0A_Stop  timer0a.o
    0x00001b26   0x00001b26   0x00000002   PAD
    0x00001b28   0x00001b28   0x0000001c   Code   RO          215    .text.Timer1A_Handler  timer1a.o
    0x00001b44   0x00001b44   0x000000a0   Code   RO          213    .text.Timer1A_Init  timer1a.o
    0x00001be4   0x00001be4   0x0000001c   Code   RO          217    .text.Timer1A_Stop  timer1a.o
    0x00001c00   0x00001c00   0x00000020   Code   RO          606    .text.Timer2A_Handler  switches.o
    0x00001c20   0x00001c20   0x0000007a   Code   RO          602    .text.Timer2Arm     switches.o
    0x00001c9a   0x00001c9a   0x00000002   PAD
    0x00001c9c   0x00001c9c   0x00000020   Code   RO          608    .text.Timer3A_Handler  switches.o
    0x00001cbc   0x00001cbc   0x00000078   Code   RO          604    .text.Timer3Arm     switches.o
    0x00001d34   0x00001d34   0x0000001c   Code   RO          230    .text.Timer4A_Handler  timer4a.o
    0x00001d50   0x00001d50   0x0000009e   Code   RO          228    .text.Timer4A_Init  timer4a.o
    0x00001dee   0x00001dee   0x00000002   PAD
    0x00001df0   0x00001df0   0x0000001c   Code   RO          686    .text.Timer5A_Handler  timer5a.o
    0x00001e0c   0x00001e0c   0x000000a0   Code   RO          684    .text.Timer5A_Init  timer5a.o
    0x00001eac   0x00001eac   0x0000007e   Code   RO          638    .text.TimerInit     time.o
    0x00001f2a   0x00001f2a   0x00000002   PAD
    0x00001f2c   0x00001f2c   0x00000050   Code   RO          381    .text.Tx5Fifo_Get   esp8266.o
    0x00001f7c   0x00001f7c   0x0000002a   Code   RO          377    .text.Tx5Fifo_Init  esp8266.o
    0x00001fa6   0x00001fa6   0x00000002   PAD
    0x00001fa8   0x00001fa8   0x00000058   Code   RO          379    .text.Tx5Fifo_Put   esp8266.o
    0x00002000   0x00002000   0x00000018   Code   RO          383    .text.Tx5Fifo_Size  esp8266.o
    0x00002018   0x00002018   0x00000052   Code   RO          466    .text.TxFifo_Get    uart.o
    0x0000206a   0x0000206a   0x00000002   PAD
    0x0000206c   0x0000206c   0x00000018   Code   RO          468    .text.TxFifo_Size   uart.o
    0x00002084   0x00002084   0x0000008c   Code   RO          480    .text.UART0_Handler  uart.o
    0x00002110   0x00002110   0x0000008c   Code   RO          393    .text.UART5_Handler  esp8266.o
    0x0000219c   0x0000219c   0x00000108   Code   RO          385    .text.UART5_Init    esp8266.o
    0x000022a4   0x000022a4   0x0000000c   Code   RO          662    .text.alarmPlaying  time.o
    0x000022b0   0x000022b0   0x00000204   Code   RO          545    .text.changeTime    lcd.o
    0x000024b4   0x000024b4   0x00000048   Code   RO          652    .text.checkAlarm    time.o
    0x000024fc   0x000024fc   0x0000000a   Code   RO          527    .text.clearScreen   lcd.o
    0x00002506   0x00002506   0x00000002   PAD
    0x00002508   0x00002508   0x000000ae   Code   RO           58    .text.commandList   st7735.o
    0x000025b6   0x000025b6   0x00000002   PAD
    0x000025b8   0x000025b8   0x000001e0   Code   RO           50    .text.commonInit    st7735.o
    0x00002798   0x00002798   0x00000052   Code   RO          482    .text.copyHardwareToSoftware  uart.o
    0x000027ea   0x000027ea   0x00000002   PAD
    0x000027ec   0x000027ec   0x00000052   Code   RO          395    .text.copyHardwareToSoftware5  esp8266.o
    0x0000283e   0x0000283e   0x00000002   PAD
    0x00002840   0x00002840   0x00000050   Code   RO          478    .text.copySoftwareToHardware  uart.o
    0x00002890   0x00002890   0x00000050   Code   RO          391    .text.copySoftwareToHardware5  esp8266.o
    0x000028e0   0x000028e0   0x00000024   Code   RO           70    .text.deselect      st7735.o
    0x00002904   0x00002904   0x00000034   Code   RO          529    .text.digitalClock  lcd.o
    0x00002938   0x00002938   0x00000056   Code   RO          533    .text.drawClock     lcd.o
    0x0000298e   0x0000298e   0x00000002   PAD
    0x00002990   0x00002990   0x00000122   Code   RO          537    .text.drawHourHand  lcd.o
    0x00002ab2   0x00002ab2   0x00000002   PAD
    0x00002ab4   0x00002ab4   0x000005c6   Code   RO          535    .text.drawMinuteHand  lcd.o
    0x0000307a   0x0000307a   0x00000002   PAD
    0x0000307c   0x0000307c   0x0000000c   Code   RO          656    .text.getAlarmFlag  time.o
    0x00003088   0x00003088   0x0000000c   Code   RO          650    .text.getAlarmTime  time.o
    0x00003094   0x00003094   0x0000000c   Code   RO          541    .text.getArrowLocation  lcd.o
    0x000030a0   0x000030a0   0x0000001c   Code   RO          642    .text.getFullTime   time.o
    0x000030bc   0x000030bc   0x0000000c   Code   RO          547    .text.getScreen     lcd.o
    0x000030c8   0x000030c8   0x0000000c   Code   RO          640    .text.getTime       time.o
    0x000030d4   0x000030d4   0x0000000c   Code   RO          658    .text.getUpdateFlag  time.o
    0x000030e0   0x000030e0   0x000000b0   Code   RO          666    .text.incrementTime  time.o
    0x00003190   0x00003190   0x000001f4   Code   RO          350    .text.main          blynk.o
    0x00003384   0x00003384   0x0000013c   Code   RO          539    .text.mainMenu      lcd.o
    0x000034c0   0x000034c0   0x0000011e   Code   RO          156    .text.plotLineX     st7735.o
    0x000035de   0x000035de   0x00000002   PAD
    0x000035e0   0x000035e0   0x0000011e   Code   RO          158    .text.plotLineY     st7735.o
    0x000036fe   0x000036fe   0x00000002   PAD
    0x00003700   0x00003700   0x000005c0   Code   RO          531    .text.printTime     lcd.o
    0x00003cc0   0x00003cc0   0x00000020   Code   RO           68    .text.pushColor     st7735.o
    0x00003ce0   0x00003ce0   0x0000000e   Code   RO          664    .text.resetAlarmFlag  time.o
    0x00003cee   0x00003cee   0x00000002   PAD
    0x00003cf0   0x00003cf0   0x0000001a   Code   RO          646    .text.resetTimer    time.o
    0x00003d0a   0x00003d0a   0x00000002   PAD
    0x00003d0c   0x00003d0c   0x0000000e   Code   RO          660    .text.resetUpdateFlag  time.o
    0x00003d1a   0x00003d1a   0x00000002   PAD
    0x00003d1c   0x00003d1c   0x000000a8   Code   RO           66    .text.setAddrWindow  st7735.o
    0x00003dc4   0x00003dc4   0x0000001e   Code   RO          648    .text.setAlarm      time.o
    0x00003de2   0x00003de2   0x00000002   PAD
    0x00003de4   0x00003de4   0x00000014   Code   RO          543    .text.setArrowLocation  lcd.o
    0x00003df8   0x00003df8   0x0000000e   Code   RO          620    .text.setPF0Flag    switches.o
    0x00003e06   0x00003e06   0x00000002   PAD
    0x00003e08   0x00003e08   0x0000000e   Code   RO          622    .text.setPF4Flag    switches.o
    0x00003e16   0x00003e16   0x00000002   PAD
    0x00003e18   0x00003e18   0x00000014   Code   RO          549    .text.setScreen     lcd.o
    0x00003e2c   0x00003e2c   0x0000004c   Code   RO          644    .text.setTime       time.o
    0x00003e78   0x00003e78   0x00000014   Code   RO          654    .text.toggleAlarm   time.o
    0x00003e8c   0x00003e8c   0x00000052   Code   RO          614    .text.waitPress     switches.o
    0x00003ede   0x00003ede   0x00000002   PAD
    0x00003ee0   0x00003ee0   0x0000006e   Code   RO          618    .text.waitPressOrTime  switches.o
    0x00003f4e   0x00003f4e   0x00000002   PAD
    0x00003f50   0x00003f50   0x000000a8   Code   RO          616    .text.waitPressSet  switches.o
    0x00003ff8   0x00003ff8   0x0000005c   Code   RO           60    .text.writecommand  st7735.o
    0x00004054   0x00004054   0x0000003c   Code   RO           62    .text.writedata     st7735.o
    0x00004090   0x00004090   0x00000008   Code   RO          729    i.__aeabi_errno_addr  mc_w.l(errno.o)
    0x00004098   0x00004098   0x0000000e   Code   RO          774    i.__scatterload_copy  mc_w.l(handlers.o)
    0x000040a6   0x000040a6   0x00000002   Code   RO          775    i.__scatterload_null  mc_w.l(handlers.o)
    0x000040a8   0x000040a8   0x0000000e   Code   RO          776    i.__scatterload_zeroinit  mc_w.l(handlers.o)
    0x000040b6   0x000040b6   0x00000081   Data   RO          741    .constdata          mc_w.l(ctype_o.o)
    0x00004137   0x00004137   0x00000001   PAD
    0x00004138   0x00004138   0x00000004   Data   RO          742    .constdata          mc_w.l(ctype_o.o)
    0x0000413c   0x0000413c   0x000004fb   Data   RO          179    .rodata.Font        st7735.o
    0x00004637   0x00004637   0x0000003b   Data   RO          168    .rodata.Rcmd1       st7735.o
    0x00004672   0x00004672   0x0000000d   Data   RO          169    .rodata.Rcmd2green  st7735.o
    0x0000467f   0x0000467f   0x0000000d   Data   RO          172    .rodata.Rcmd2red    st7735.o
    0x0000468c   0x0000468c   0x0000002b   Data   RO          173    .rodata.Rcmd3       st7735.o
    0x000046b7   0x000046b7   0x00000001   PAD
    0x000046b8   0x000046b8   0x00000320   Data   RO          555    .rodata.alarm       lcd.o
    0x000049d8   0x000049d8   0x000000c8   Data   RO          552    .rodata.arrow       lcd.o
    0x00004aa0   0x00004aa0   0x00008000   Data   RO          551    .rodata.clock       lcd.o
    0x0000caa0   0x0000caa0   0x00000280   Data   RO          554    .rodata.colon       lcd.o
    0x0000cd20   0x0000cd20   0x000000c8   Data   RO          553    .rodata.downArrow   lcd.o
    0x0000cde8   0x0000cde8   0x00000500   Data   RO          563    .rodata.eight       lcd.o
    0x0000d2e8   0x0000d2e8   0x00000500   Data   RO          560    .rodata.five        lcd.o
    0x0000d7e8   0x0000d7e8   0x00000500   Data   RO          559    .rodata.four        lcd.o
    0x0000dce8   0x0000dce8   0x00000500   Data   RO          564    .rodata.nine        lcd.o
    0x0000e1e8   0x0000e1e8   0x00000500   Data   RO          556    .rodata.one         lcd.o
    0x0000e6e8   0x0000e6e8   0x00000500   Data   RO          562    .rodata.seven       lcd.o
    0x0000ebe8   0x0000ebe8   0x00000500   Data   RO          561    .rodata.six         lcd.o
    0x0000f0e8   0x0000f0e8   0x00000016   Data   RO          189    .rodata.str1.1      st7735.o
    0x0000f0fe   0x0000f0fe   0x00000007   Data   RO          355    .rodata.str1.1      blynk.o
    0x0000f105   0x0000f105   0x00000073   Data   RO          568    .rodata.str1.1      lcd.o
    0x0000f178   0x0000f178   0x00000500   Data   RO          558    .rodata.three       lcd.o
    0x0000f678   0x0000f678   0x00000500   Data   RO          557    .rodata.two         lcd.o
    0x0000fb78   0x0000fb78   0x00000500   Data   RO          565    .rodata.zero        lcd.o
    0x00010078   0x00010078   0x00000020   Data   RO          773    Region$$Table       anon$$obj.o


    Execution Region RW_IRAM1 (Exec base: 0x20000000, Load base: 0x00010098, Size: 0x00000928, Max: 0x00008000, ABSOLUTE)

    Exec Addr    Load Addr    Size         Type   Attr      Idx    E Section Name        Object

    0x20000000   0x00010098   0x00000004   Data   RW          708    .data               mc_w.l(strtok.o)
    0x20000004   0x0001009c   0x00000004   Data   RW          732    .data               mc_w.l(errno.o)
    0x20000008   0x000100a0   0x00000008   Data   RW          354    .data.Pin_Float     blynk.o
    0x20000010   0x000100a8   0x00000008   Data   RW          353    .data.Pin_Integer   blynk.o
    0x20000018   0x000100b0   0x00000002   Data   RW          352    .data.Pin_Number    blynk.o
    0x2000001a   0x000100b2   0x00000002   Data   RW          166    .data.StTextColor   st7735.o
    0x2000001c   0x000100b4   0x00000002   Data   RW          176    .data._height       st7735.o
    0x2000001e   0x000100b6   0x00000002   Data   RW          175    .data._width        st7735.o
    0x20000020   0x000100b8   0x00000040   Data   RW          411    .data.auth          esp8266.o
    0x20000060   0x000100f8   0x00000020   Data   RW          410    .data.pass          esp8266.o
    0x20000080   0x00010118   0x00000020   Data   RW          409    .data.ssid          esp8266.o
    0x200000a0        -       0x00000001   Zero   RW          170    .bss.ColStart       st7735.o
    0x200000a1   0x00010138   0x00000003   PAD
    0x200000a4        -       0x00000004   Zero   RW          669    .bss.HOUR           time.o
    0x200000a8        -       0x00000004   Zero   RW          670    .bss.MINUTES        time.o
    0x200000ac        -       0x00000004   Zero   RW          204    .bss.PeriodicTask0  timer0a.o
    0x200000b0        -       0x00000004   Zero   RW          219    .bss.PeriodicTask1  timer1a.o
    0x200000b4        -       0x00000004   Zero   RW          234    .bss.PeriodicTask4  timer4a.o
    0x200000b8        -       0x00000004   Zero   RW          690    .bss.PeriodicTask5  timer5a.o
    0x200000bc        -       0x00000001   Zero   RW          171    .bss.RowStart       st7735.o
    0x200000bd        -       0x00000200   Zero   RW          415    .bss.Rx5Fifo        esp8266.o
    0x200002bd   0x00010138   0x00000003   PAD
    0x200002c0        -       0x00000004   Zero   RW          413    .bss.Rx5GetI        esp8266.o
    0x200002c4        -       0x00000004   Zero   RW          414    .bss.Rx5PutI        esp8266.o
    0x200002c8        -       0x00000004   Zero   RW          412    .bss.Rx5PutJ        esp8266.o
    0x200002cc        -       0x00000040   Zero   RW          498    .bss.RxFifo         uart.o
    0x2000030c        -       0x00000004   Zero   RW          496    .bss.RxGetI         uart.o
    0x20000310        -       0x00000040   Zero   RW          419    .bss.RxMessage      esp8266.o
    0x20000350        -       0x00000004   Zero   RW          497    .bss.RxPutI         uart.o
    0x20000354        -       0x00000004   Zero   RW          164    .bss.StX            st7735.o
    0x20000358        -       0x00000004   Zero   RW          165    .bss.StY            st7735.o
    0x2000035c        -       0x00000001   Zero   RW          174    .bss.TabColor       st7735.o
    0x2000035d   0x00010138   0x00000003   PAD
    0x20000360        -       0x00000004   Zero   RW          629    .bss.TouchPF0       switches.o
    0x20000364        -       0x00000004   Zero   RW          628    .bss.TouchPF4       switches.o
    0x20000368        -       0x00000004   Zero   RW          627    .bss.TouchTaskPF0   switches.o
    0x2000036c        -       0x00000004   Zero   RW          626    .bss.TouchTaskPF4   switches.o
    0x20000370        -       0x00000100   Zero   RW          418    .bss.Tx5Fifo        esp8266.o
    0x20000470        -       0x00000004   Zero   RW          416    .bss.Tx5GetI        esp8266.o
    0x20000474        -       0x00000004   Zero   RW          417    .bss.Tx5PutI        esp8266.o
    0x20000478        -       0x00000040   Zero   RW          501    .bss.TxFifo         uart.o
    0x200004b8        -       0x00000004   Zero   RW          499    .bss.TxGetI         uart.o
    0x200004bc        -       0x00000004   Zero   RW          500    .bss.TxPutI         uart.o
    0x200004c0        -       0x00000004   Zero   RW          675    .bss.alarmFlag      time.o
    0x200004c4        -       0x00000004   Zero   RW          672    .bss.alarmTime      time.o
    0x200004c8        -       0x00000004   Zero   RW          566    .bss.arrowLocation  lcd.o
    0x200004cc        -       0x00000004   Zero   RW          671    .bss.count          time.o
    0x200004d0        -       0x00000004   Zero   RW          673    .bss.enableFlag     time.o
    0x200004d4        -       0x00000004   Zero   RW          358    .bss.pin_int        blynk.o
    0x200004d8        -       0x00000004   Zero   RW          357    .bss.pin_num        blynk.o
    0x200004dc        -       0x00000004   Zero   RW          567    .bss.screen         lcd.o
    0x200004e0        -       0x00000040   Zero   RW          356    .bss.serial_buf     blynk.o
    0x20000520        -       0x00000004   Zero   RW          668    .bss.time           time.o
    0x20000524        -       0x00000004   Zero   RW          674    .bss.updateFlag     time.o
    0x20000528        -       0x00000400   Zero   RW           34    STACK               startup.o


==============================================================================

Image component sizes


      Code (inc. data)   RO Data    RW Data    ZI Data      Debug   Object Name

      1324          0          7         18         72       2602   blynk.o
      1918          0          0        128        852       4188   esp8266.o
      4322        180      47523          0          8       3897   lcd.o
       136          0          0          0          0        570   pll.o
       120          0          0          0          0        874   sound.o
      4216          0       1425          6         11      15888   st7735.o
       688        622          0          0       1024        996   startup.o
      1252          0          0          0         16       2659   switches.o
       642          0          0          0         32       2037   time.o
       214          0          0          0          4        902   timer0a.o
       216          0          0          0          4        901   timer1a.o
       186          0          0          0          4        901   timer4a.o
       188          0          0          0          4        900   timer5a.o
       522          0          0          0        144       4522   uart.o

    ----------------------------------------------------------------------
     16040        802      48988        152       2184      41837   Object Totals
         0          0         32          0          0          0   (incl. Generated)
        96          0          1          0          9          0   (incl. Padding)

    ----------------------------------------------------------------------

      Code (inc. data)   RO Data    RW Data    ZI Data      Debug   Library Member Name

        28          0          0          0          0         68   _chval.o
       158          0          0          0          0         92   _strtoul.o
        26          0          0          0          0         80   atoi.o
         8          4        133          0          0         68   ctype_o.o
         0          0          0          0          0          0   entry.o
         0          0          0          0          0          0   entry10a.o
         0          0          0          0          0          0   entry11a.o
         8          4          0          0          0          0   entry2.o
         4          0          0          0          0          0   entry5.o
         0          0          0          0          0          0   entry7b.o
         0          0          0          0          0          0   entry8b.o
         8          4          0          0          0          0   entry9a.o
         8          4          0          4          0         68   errno.o
        30          0          0          0          0          0   handlers.o
        36          8          0          0          0         68   init.o
         8          0          0          0          0         68   siabs.o
        18          0          0          0          0         68   strcpy.o
        68          6          0          4          0         80   strtok.o
       112          0          0          0          0         88   strtol.o

    ----------------------------------------------------------------------
       526         30        134          8          0        748   Library Totals
         6          0          1          0          0          0   (incl. Padding)

    ----------------------------------------------------------------------

      Code (inc. data)   RO Data    RW Data    ZI Data      Debug   Library Name

       520         30        133          8          0        748   mc_w.l

    ----------------------------------------------------------------------
       526         30        134          8          0        748   Library Totals

    ----------------------------------------------------------------------

==============================================================================


      Code (inc. data)   RO Data    RW Data    ZI Data      Debug   

     16566        832      49122        160       2184      42337   Grand Totals
     16566        832      49122        160       2184      42337   ELF Image Totals
     16566        832      49122        160          0          0   ROM Totals

==============================================================================

    Total RO  Size (Code + RO Data)                65688 (  64.15kB)
    Total RW  Size (RW Data + ZI Data)              2344 (   2.29kB)
    Total ROM Size (Code + RO Data + RW Data)      65848 (  64.30kB)

==============================================================================

